Archive member included to satisfy reference by file (symbol)

D:/ProgramFiles/ST/STM32CubeIDE_1.13.2/STM32CubeIDE/plugins/com.st.stm32cube.ide.mcu.externaltools.gnu-tools-for-stm32.11.3.rel1.win32_1.1.1.202309131626/tools/bin/../lib/gcc/arm-none-eabi/11.3.1/../../../../arm-none-eabi/lib/thumb/v7e-m+fp/hard\libc_nano.a(libc_a-exit.o)
                              D:/ProgramFiles/ST/STM32CubeIDE_1.13.2/STM32CubeIDE/plugins/com.st.stm32cube.ide.mcu.externaltools.gnu-tools-for-stm32.11.3.rel1.win32_1.1.1.202309131626/tools/bin/../lib/gcc/arm-none-eabi/11.3.1/../../../../arm-none-eabi/lib/thumb/v7e-m+fp/hard/crt0.o (exit)
D:/ProgramFiles/ST/STM32CubeIDE_1.13.2/STM32CubeIDE/plugins/com.st.stm32cube.ide.mcu.externaltools.gnu-tools-for-stm32.11.3.rel1.win32_1.1.1.202309131626/tools/bin/../lib/gcc/arm-none-eabi/11.3.1/../../../../arm-none-eabi/lib/thumb/v7e-m+fp/hard\libc_nano.a(libc_a-findfp.o)
                              D:/ProgramFiles/ST/STM32CubeIDE_1.13.2/STM32CubeIDE/plugins/com.st.stm32cube.ide.mcu.externaltools.gnu-tools-for-stm32.11.3.rel1.win32_1.1.1.202309131626/tools/bin/../lib/gcc/arm-none-eabi/11.3.1/../../../../arm-none-eabi/lib/thumb/v7e-m+fp/hard\libc_nano.a(libc_a-exit.o) (__stdio_exit_handler)
D:/ProgramFiles/ST/STM32CubeIDE_1.13.2/STM32CubeIDE/plugins/com.st.stm32cube.ide.mcu.externaltools.gnu-tools-for-stm32.11.3.rel1.win32_1.1.1.202309131626/tools/bin/../lib/gcc/arm-none-eabi/11.3.1/../../../../arm-none-eabi/lib/thumb/v7e-m+fp/hard\libc_nano.a(libc_a-fwalk.o)
                              D:/ProgramFiles/ST/STM32CubeIDE_1.13.2/STM32CubeIDE/plugins/com.st.stm32cube.ide.mcu.externaltools.gnu-tools-for-stm32.11.3.rel1.win32_1.1.1.202309131626/tools/bin/../lib/gcc/arm-none-eabi/11.3.1/../../../../arm-none-eabi/lib/thumb/v7e-m+fp/hard\libc_nano.a(libc_a-findfp.o) (_fwalk_sglue)
D:/ProgramFiles/ST/STM32CubeIDE_1.13.2/STM32CubeIDE/plugins/com.st.stm32cube.ide.mcu.externaltools.gnu-tools-for-stm32.11.3.rel1.win32_1.1.1.202309131626/tools/bin/../lib/gcc/arm-none-eabi/11.3.1/../../../../arm-none-eabi/lib/thumb/v7e-m+fp/hard\libc_nano.a(libc_a-stdio.o)
                              D:/ProgramFiles/ST/STM32CubeIDE_1.13.2/STM32CubeIDE/plugins/com.st.stm32cube.ide.mcu.externaltools.gnu-tools-for-stm32.11.3.rel1.win32_1.1.1.202309131626/tools/bin/../lib/gcc/arm-none-eabi/11.3.1/../../../../arm-none-eabi/lib/thumb/v7e-m+fp/hard\libc_nano.a(libc_a-findfp.o) (__sread)
D:/ProgramFiles/ST/STM32CubeIDE_1.13.2/STM32CubeIDE/plugins/com.st.stm32cube.ide.mcu.externaltools.gnu-tools-for-stm32.11.3.rel1.win32_1.1.1.202309131626/tools/bin/../lib/gcc/arm-none-eabi/11.3.1/../../../../arm-none-eabi/lib/thumb/v7e-m+fp/hard\libc_nano.a(libc_a-memset.o)
                              D:/ProgramFiles/ST/STM32CubeIDE_1.13.2/STM32CubeIDE/plugins/com.st.stm32cube.ide.mcu.externaltools.gnu-tools-for-stm32.11.3.rel1.win32_1.1.1.202309131626/tools/bin/../lib/gcc/arm-none-eabi/11.3.1/../../../../arm-none-eabi/lib/thumb/v7e-m+fp/hard/crt0.o (memset)
D:/ProgramFiles/ST/STM32CubeIDE_1.13.2/STM32CubeIDE/plugins/com.st.stm32cube.ide.mcu.externaltools.gnu-tools-for-stm32.11.3.rel1.win32_1.1.1.202309131626/tools/bin/../lib/gcc/arm-none-eabi/11.3.1/../../../../arm-none-eabi/lib/thumb/v7e-m+fp/hard\libc_nano.a(libc_a-closer.o)
                              D:/ProgramFiles/ST/STM32CubeIDE_1.13.2/STM32CubeIDE/plugins/com.st.stm32cube.ide.mcu.externaltools.gnu-tools-for-stm32.11.3.rel1.win32_1.1.1.202309131626/tools/bin/../lib/gcc/arm-none-eabi/11.3.1/../../../../arm-none-eabi/lib/thumb/v7e-m+fp/hard\libc_nano.a(libc_a-stdio.o) (_close_r)
D:/ProgramFiles/ST/STM32CubeIDE_1.13.2/STM32CubeIDE/plugins/com.st.stm32cube.ide.mcu.externaltools.gnu-tools-for-stm32.11.3.rel1.win32_1.1.1.202309131626/tools/bin/../lib/gcc/arm-none-eabi/11.3.1/../../../../arm-none-eabi/lib/thumb/v7e-m+fp/hard\libc_nano.a(libc_a-reent.o)
                              D:/ProgramFiles/ST/STM32CubeIDE_1.13.2/STM32CubeIDE/plugins/com.st.stm32cube.ide.mcu.externaltools.gnu-tools-for-stm32.11.3.rel1.win32_1.1.1.202309131626/tools/bin/../lib/gcc/arm-none-eabi/11.3.1/../../../../arm-none-eabi/lib/thumb/v7e-m+fp/hard\libc_nano.a(libc_a-closer.o) (errno)
D:/ProgramFiles/ST/STM32CubeIDE_1.13.2/STM32CubeIDE/plugins/com.st.stm32cube.ide.mcu.externaltools.gnu-tools-for-stm32.11.3.rel1.win32_1.1.1.202309131626/tools/bin/../lib/gcc/arm-none-eabi/11.3.1/../../../../arm-none-eabi/lib/thumb/v7e-m+fp/hard\libc_nano.a(libc_a-impure.o)
                              D:/ProgramFiles/ST/STM32CubeIDE_1.13.2/STM32CubeIDE/plugins/com.st.stm32cube.ide.mcu.externaltools.gnu-tools-for-stm32.11.3.rel1.win32_1.1.1.202309131626/tools/bin/../lib/gcc/arm-none-eabi/11.3.1/../../../../arm-none-eabi/lib/thumb/v7e-m+fp/hard\libc_nano.a(libc_a-reent.o) (_impure_ptr)
[...]
Memory Configuration

Name             Origin             Length             Attributes
CCMRAM           0x0000000010000000 0x0000000000010000 xrw
RAM              0x0000000020000000 0x0000000000020000 xrw
FLASH            0x0000000008000000 0x0000000000100000 xr
*default*        0x0000000000000000 0xffffffffffffffff

Linker script and memory map

LOAD D:/ProgramFiles/ST/STM32CubeIDE_1.13.2/STM32CubeIDE/plugins/com.st.stm32cube.ide.mcu.externaltools.gnu-tools-for-stm32.11.3.rel1.win32_1.1.1.202309131626/tools/bin/../lib/gcc/arm-none-eabi/11.3.1/thumb/v7e-m+fp/hard/crti.o
LOAD D:/ProgramFiles/ST/STM32CubeIDE_1.13.2/STM32CubeIDE/plugins/com.st.stm32cube.ide.mcu.externaltools.gnu-tools-for-stm32.11.3.rel1.win32_1.1.1.202309131626/tools/bin/../lib/gcc/arm-none-eabi/11.3.1/thumb/v7e-m+fp/hard/crtbegin.o
LOAD D:/ProgramFiles/ST/STM32CubeIDE_1.13.2/STM32CubeIDE/plugins/com.st.stm32cube.ide.mcu.externaltools.gnu-tools-for-stm32.11.3.rel1.win32_1.1.1.202309131626/tools/bin/../lib/gcc/arm-none-eabi/11.3.1/../../../../arm-none-eabi/lib/thumb/v7e-m+fp/hard/crt0.o
LOAD ./Core/Src/adc.o
LOAD ./Core/Src/button.o
LOAD ./Core/Src/buzzer.o
LOAD ./Core/Src/dma.o
LOAD ./Core/Src/ds3231.o
LOAD ./Core/Src/fsmc.o
LOAD ./Core/Src/gpio.o
LOAD ./Core/Src/i2c.o
LOAD ./Core/Src/lcd.o
LOAD ./Core/Src/led_7seg.o
LOAD ./Core/Src/main.o
LOAD ./Core/Src/picture.o
LOAD ./Core/Src/sensor.o
LOAD ./Core/Src/software_timer.o
LOAD ./Core/Src/spi.o
LOAD ./Core/Src/stm32f4xx_hal_msp.o
LOAD ./Core/Src/stm32f4xx_it.o
LOAD ./Core/Src/syscalls.o
LOAD ./Core/Src/sysmem.o
LOAD ./Core/Src/system_stm32f4xx.o
LOAD ./Core/Src/tim.o
LOAD ./Core/Src/utils.o
LOAD ./Core/Startup/startup_stm32f407zetx.o
LOAD ./Drivers/STM32F4xx_HAL_Driver/Src/stm32f4xx_hal.o
LOAD ./Drivers/STM32F4xx_HAL_Driver/Src/stm32f4xx_hal_adc.o
LOAD ./Drivers/STM32F4xx_HAL_Driver/Src/stm32f4xx_hal_adc_ex.o
LOAD ./Drivers/STM32F4xx_HAL_Driver/Src/stm32f4xx_hal_cortex.o
LOAD ./Drivers/STM32F4xx_HAL_Driver/Src/stm32f4xx_hal_dma.o
LOAD ./Drivers/STM32F4xx_HAL_Driver/Src/stm32f4xx_hal_dma_ex.o
LOAD ./Drivers/STM32F4xx_HAL_Driver/Src/stm32f4xx_hal_exti.o
LOAD ./Drivers/STM32F4xx_HAL_Driver/Src/stm32f4xx_hal_flash.o
LOAD ./Drivers/STM32F4xx_HAL_Driver/Src/stm32f4xx_hal_flash_ex.o
LOAD ./Drivers/STM32F4xx_HAL_Driver/Src/stm32f4xx_hal_flash_ramfunc.o
LOAD ./Drivers/STM32F4xx_HAL_Driver/Src/stm32f4xx_hal_gpio.o
LOAD ./Drivers/STM32F4xx_HAL_Driver/Src/stm32f4xx_hal_i2c.o
LOAD ./Drivers/STM32F4xx_HAL_Driver/Src/stm32f4xx_hal_i2c_ex.o
LOAD ./Drivers/STM32F4xx_HAL_Driver/Src/stm32f4xx_hal_pwr.o
LOAD ./Drivers/STM32F4xx_HAL_Driver/Src/stm32f4xx_hal_pwr_ex.o
LOAD ./Drivers/STM32F4xx_HAL_Driver/Src/stm32f4xx_hal_rcc.o
LOAD ./Drivers/STM32F4xx_HAL_Driver/Src/stm32f4xx_hal_rcc_ex.o
LOAD ./Drivers/STM32F4xx_HAL_Driver/Src/stm32f4xx_hal_spi.o
LOAD ./Drivers/STM32F4xx_HAL_Driver/Src/stm32f4xx_hal_sram.o
LOAD ./Drivers/STM32F4xx_HAL_Driver/Src/stm32f4xx_hal_tim.o
LOAD ./Drivers/STM32F4xx_HAL_Driver/Src/stm32f4xx_hal_tim_ex.o
LOAD ./Drivers/STM32F4xx_HAL_Driver/Src/stm32f4xx_ll_adc.o
LOAD ./Drivers/STM32F4xx_HAL_Driver/Src/stm32f4xx_ll_fsmc.o
START GROUP
LOAD D:/ProgramFiles/ST/STM32CubeIDE_1.13.2/STM32CubeIDE/plugins/com.st.stm32cube.ide.mcu.externaltools.gnu-tools-for-stm32.11.3.rel1.win32_1.1.1.202309131626/tools/bin/../lib/gcc/arm-none-eabi/11.3.1/../../../../arm-none-eabi/lib/thumb/v7e-m+fp/hard\libc_nano.a
LOAD D:/ProgramFiles/ST/STM32CubeIDE_1.13.2/STM32CubeIDE/plugins/com.st.stm32cube.ide.mcu.externaltools.gnu-tools-for-stm32.11.3.rel1.win32_1.1.1.202309131626/tools/bin/../lib/gcc/arm-none-eabi/11.3.1/../../../../arm-none-eabi/lib/thumb/v7e-m+fp/hard\libm.a
END GROUP
START GROUP
LOAD D:/ProgramFiles/ST/STM32CubeIDE_1.13.2/STM32CubeIDE/plugins/com.st.stm32cube.ide.mcu.externaltools.gnu-tools-for-stm32.11.3.rel1.win32_1.1.1.202309131626/tools/bin/../lib/gcc/arm-none-eabi/11.3.1/thumb/v7e-m+fp/hard\libgcc.a
LOAD D:/ProgramFiles/ST/STM32CubeIDE_1.13.2/STM32CubeIDE/plugins/com.st.stm32cube.ide.mcu.externaltools.gnu-tools-for-stm32.11.3.rel1.win32_1.1.1.202309131626/tools/bin/../lib/gcc/arm-none-eabi/11.3.1/../../../../arm-none-eabi/lib/thumb/v7e-m+fp/hard\libc_nano.a
END GROUP
START GROUP
LOAD D:/ProgramFiles/ST/STM32CubeIDE_1.13.2/STM32CubeIDE/plugins/com.st.stm32cube.ide.mcu.externaltools.gnu-tools-for-stm32.11.3.rel1.win32_1.1.1.202309131626/tools/bin/../lib/gcc/arm-none-eabi/11.3.1/thumb/v7e-m+fp/hard\libgcc.a
LOAD D:/ProgramFiles/ST/STM32CubeIDE_1.13.2/STM32CubeIDE/plugins/com.st.stm32cube.ide.mcu.externaltools.gnu-tools-for-stm32.11.3.rel1.win32_1.1.1.202309131626/tools/bin/../lib/gcc/arm-none-eabi/11.3.1/../../../../arm-none-eabi/lib/thumb/v7e-m+fp/hard\libc_nano.a
LOAD D:/ProgramFiles/ST/STM32CubeIDE_1.13.2/STM32CubeIDE/plugins/com.st.stm32cube.ide.mcu.externaltools.gnu-tools-for-stm32.11.3.rel1.win32_1.1.1.202309131626/tools/bin/../lib/gcc/arm-none-eabi/11.3.1/../../../../arm-none-eabi/lib/thumb/v7e-m+fp/hard\libnosys.a
END GROUP
START GROUP
LOAD D:/ProgramFiles/ST/STM32CubeIDE_1.13.2/STM32CubeIDE/plugins/com.st.stm32cube.ide.mcu.externaltools.gnu-tools-for-stm32.11.3.rel1.win32_1.1.1.202309131626/tools/bin/../lib/gcc/arm-none-eabi/11.3.1/thumb/v7e-m+fp/hard\libgcc.a
LOAD D:/ProgramFiles/ST/STM32CubeIDE_1.13.2/STM32CubeIDE/plugins/com.st.stm32cube.ide.mcu.externaltools.gnu-tools-for-stm32.11.3.rel1.win32_1.1.1.202309131626/tools/bin/../lib/gcc/arm-none-eabi/11.3.1/../../../../arm-none-eabi/lib/thumb/v7e-m+fp/hard\libc_nano.a
LOAD D:/ProgramFiles/ST/STM32CubeIDE_1.13.2/STM32CubeIDE/plugins/com.st.stm32cube.ide.mcu.externaltools.gnu-tools-for-stm32.11.3.rel1.win32_1.1.1.202309131626/tools/bin/../lib/gcc/arm-none-eabi/11.3.1/../../../../arm-none-eabi/lib/thumb/v7e-m+fp/hard\libnosys.a
END GROUP
LOAD D:/ProgramFiles/ST/STM32CubeIDE_1.13.2/STM32CubeIDE/plugins/com.st.stm32cube.ide.mcu.externaltools.gnu-tools-for-stm32.11.3.rel1.win32_1.1.1.202309131626/tools/bin/../lib/gcc/arm-none-eabi/11.3.1/thumb/v7e-m+fp/hard/crtend.o
LOAD D:/ProgramFiles/ST/STM32CubeIDE_1.13.2/STM32CubeIDE/plugins/com.st.stm32cube.ide.mcu.externaltools.gnu-tools-for-stm32.11.3.rel1.win32_1.1.1.202309131626/tools/bin/../lib/gcc/arm-none-eabi/11.3.1/thumb/v7e-m+fp/hard/crtn.o
                0x0000000020020000                _estack = (ORIGIN (RAM) + LENGTH (RAM))
                0x0000000000000200                _Min_Heap_Size = 0x200
                0x0000000000000400                _Min_Stack_Size = 0x400

.isr_vector     0x0000000008000000      0x188
                0x0000000008000000                . = ALIGN (0x4)
 *(.isr_vector)
 .isr_vector    0x0000000008000000      0x188 ./Core/Startup/startup_stm32f407zetx.o
                0x0000000008000000                g_pfnVectors
                0x0000000008000188                . = ALIGN (0x4)

.text           0x0000000008000188     0x75a0
                0x0000000008000188                . = ALIGN (0x4)
 *(.text)
 .text          0x0000000008000188       0x40 D:/ProgramFiles/ST/STM32CubeIDE_1.13.2/STM32CubeIDE/plugins/com.st.stm32cube.ide.mcu.externaltools.gnu-tools-for-stm32.11.3.rel1.win32_1.1.1.202309131626/tools/bin/../lib/gcc/arm-none-eabi/11.3.1/thumb/v7e-m+fp/hard/crtbegin.o
 .text          0x00000000080001c8      0x378 D:/ProgramFiles/ST/STM32CubeIDE_1.13.2/STM32CubeIDE/plugins/com.st.stm32cube.ide.mcu.externaltools.gnu-tools-for-stm32.11.3.rel1.win32_1.1.1.202309131626/tools/bin/../lib/gcc/arm-none-eabi/11.3.1/thumb/v7e-m+fp/hard\libgcc.a(_arm_addsubdf3.o)
                0x00000000080001c8                __aeabi_drsub
                0x00000000080001d0                __aeabi_dsub
                0x00000000080001d0                __subdf3
                0x00000000080001d4                __aeabi_dadd
                0x00000000080001d4                __adddf3
                0x000000000800044c                __floatunsidf
                0x000000000800044c                __aeabi_ui2d
                0x000000000800046c                __floatsidf
                0x000000000800046c                __aeabi_i2d
                0x0000000008000490                __aeabi_f2d
                0x0000000008000490                __extendsfdf2
                0x00000000080004d4                __floatundidf
                0x00000000080004d4                __aeabi_ul2d
                0x00000000080004e4                __floatdidf
                0x00000000080004e4                __aeabi_l2d
 .text          0x0000000008000540      0x424 D:/ProgramFiles/ST/STM32CubeIDE_1.13.2/STM32CubeIDE/plugins/com.st.stm32cube.ide.mcu.externaltools.gnu-tools-for-stm32.11.3.rel1.win32_1.1.1.202309131626/tools/bin/../lib/gcc/arm-none-eabi/11.3.1/thumb/v7e-m+fp/hard\libgcc.a(_arm_muldivdf3.o)
                0x0000000008000540                __aeabi_dmul
                0x0000000008000540                __muldf3
                0x0000000008000794                __divdf3
                0x0000000008000794                __aeabi_ddiv
 .text          0x0000000008000964       0xa0 D:/ProgramFiles/ST/STM32CubeIDE_1.13.2/STM32CubeIDE/plugins/com.st.stm32cube.ide.mcu.externaltools.gnu-tools-for-stm32.11.3.rel1.win32_1.1.1.202309131626/tools/bin/../lib/gcc/arm-none-eabi/11.3.1/thumb/v7e-m+fp/hard\libgcc.a(_arm_truncdfsf2.o)
                0x0000000008000964                __truncdfsf2
                0x0000000008000964                __aeabi_d2f
 .text          0x0000000008000a04       0x30 D:/ProgramFiles/ST/STM32CubeIDE_1.13.2/STM32CubeIDE/plugins/com.st.stm32cube.ide.mcu.externaltools.gnu-tools-for-stm32.11.3.rel1.win32_1.1.1.202309131626/tools/bin/../lib/gcc/arm-none-eabi/11.3.1/thumb/v7e-m+fp/hard\libgcc.a(_aeabi_uldivmod.o)
                0x0000000008000a04                __aeabi_uldivmod
 .text          0x0000000008000a34      0x2c8 D:/ProgramFiles/ST/STM32CubeIDE_1.13.2/STM32CubeIDE/plugins/com.st.stm32cube.ide.mcu.externaltools.gnu-tools-for-stm32.11.3.rel1.win32_1.1.1.202309131626/tools/bin/../lib/gcc/arm-none-eabi/11.3.1/thumb/v7e-m+fp/hard\libgcc.a(_udivmoddi4.o)
                0x0000000008000a34                __udivmoddi4
 .text          0x0000000008000cfc        0x4 D:/ProgramFiles/ST/STM32CubeIDE_1.13.2/STM32CubeIDE/plugins/com.st.stm32cube.ide.mcu.externaltools.gnu-tools-for-stm32.11.3.rel1.win32_1.1.1.202309131626/tools/bin/../lib/gcc/arm-none-eabi/11.3.1/thumb/v7e-m+fp/hard\libgcc.a(_dvmd_tls.o)
                0x0000000008000cfc                __aeabi_idiv0
                0x0000000008000cfc                __aeabi_ldiv0
 *(.text*)
 .text.MX_ADC1_Init
                0x0000000008000d00      0x114 ./Core/Src/adc.o
                0x0000000008000d00                MX_ADC1_Init
 .text.HAL_ADC_MspInit
                0x0000000008000e14      0x128 ./Core/Src/adc.o
                0x0000000008000e14                HAL_ADC_MspInit
 .text.button_init
                0x0000000008000f3c       0x18 ./Core/Src/button.o
                0x0000000008000f3c                button_init
 .text.button_Scan
                0x0000000008000f54       0xd8 ./Core/Src/button.o
                0x0000000008000f54                button_Scan
 .text.isButtonUp
                0x000000000800102c       0x20 ./Core/Src/button.o
                0x000000000800102c                isButtonUp
 .text.isButtonDown
                0x000000000800104c       0x20 ./Core/Src/button.o
                0x000000000800104c                isButtonDown
 .text.buzzer_init
                0x000000000800106c       0x14 ./Core/Src/buzzer.o
                0x000000000800106c                buzzer_init
 .text.buzzer_SetVolume
                0x0000000008001080       0x30 ./Core/Src/buzzer.o
                0x0000000008001080                buzzer_SetVolume
 .text.MX_DMA_Init
                0x00000000080010b0       0x40 ./Core/Src/dma.o
                0x00000000080010b0                MX_DMA_Init
 .text.ds3231_init
                0x00000000080010f0       0x70 ./Core/Src/ds3231.o
                0x00000000080010f0                ds3231_init
 .text.ds3231_ReadTime
                0x0000000008001160       0xc8 ./Core/Src/ds3231.o
                0x0000000008001160                ds3231_ReadTime
 .text.MX_FSMC_Init
                0x0000000008001228       0xf4 ./Core/Src/fsmc.o
                0x0000000008001228                MX_FSMC_Init
 .text.HAL_FSMC_MspInit
                0x000000000800131c       0x98 ./Core/Src/fsmc.o
 .text.HAL_SRAM_MspInit
                0x00000000080013b4       0x14 ./Core/Src/fsmc.o
                0x00000000080013b4                HAL_SRAM_MspInit
 .text.MX_GPIO_Init
                0x00000000080013c8      0x20c ./Core/Src/gpio.o
                0x00000000080013c8                MX_GPIO_Init
 .text.MX_I2C1_Init
                0x00000000080015d4       0x5c ./Core/Src/i2c.o
                0x00000000080015d4                MX_I2C1_Init
 .text.HAL_I2C_MspInit
                0x0000000008001630       0x90 ./Core/Src/i2c.o
                0x0000000008001630                HAL_I2C_MspInit
 .text.LCD_WR_REG
                0x00000000080016c0       0x20 ./Core/Src/lcd.o
                0x00000000080016c0                LCD_WR_REG
 .text.LCD_WR_DATA
                0x00000000080016e0       0x20 ./Core/Src/lcd.o
 .text.LCD_RD_DATA
                0x0000000008001700       0x24 ./Core/Src/lcd.o
 .text.lcd_AddressSet
                0x0000000008001724       0x98 ./Core/Src/lcd.o
                0x0000000008001724                lcd_AddressSet
 .text.lcd_Clear
                0x00000000080017bc       0x64 ./Core/Src/lcd.o
                0x00000000080017bc                lcd_Clear
 .text.lcd_DrawPoint
                0x0000000008001820       0x2e ./Core/Src/lcd.o
                0x0000000008001820                lcd_DrawPoint
 *fill*         0x000000000800184e        0x2 
 .text.lcd_ShowChar
                0x0000000008001850      0x1a0 ./Core/Src/lcd.o
                0x0000000008001850                lcd_ShowChar
 .text.mypow    0x00000000080019f0       0x38 ./Core/Src/lcd.o
                0x00000000080019f0                mypow
 .text.lcd_ShowIntNum
                0x0000000008001a28       0xfc ./Core/Src/lcd.o
                0x0000000008001a28                lcd_ShowIntNum
 .text.lcd_ShowFloatNum
                0x0000000008001b24      0x110 ./Core/Src/lcd.o
                0x0000000008001b24                lcd_ShowFloatNum
 .text.lcd_SetDir
                0x0000000008001c34       0x48 ./Core/Src/lcd.o
                0x0000000008001c34                lcd_SetDir
 .text.lcd_init
                0x0000000008001c7c      0x2c0 ./Core/Src/lcd.o
                0x0000000008001c7c                lcd_init
 .text.lcd_ShowStr
                0x0000000008001f3c       0xc8 ./Core/Src/lcd.o
                0x0000000008001f3c                lcd_ShowStr
 .text.led7_init
                0x0000000008002004       0x18 ./Core/Src/led_7seg.o
                0x0000000008002004                led7_init
 .text.led7_Scan
                0x000000000800201c      0x118 ./Core/Src/led_7seg.o
                0x000000000800201c                led7_Scan
 .text.led7_SetDigit
                0x0000000008002134       0x48 ./Core/Src/led_7seg.o
                0x0000000008002134                led7_SetDigit
 .text.led7_SetColon
                0x000000000800217c       0x40 ./Core/Src/led_7seg.o
                0x000000000800217c                led7_SetColon
 .text.main     0x00000000080021bc       0xb0 ./Core/Src/main.o
                0x00000000080021bc                main
 .text.SystemClock_Config
                0x000000000800226c       0xd4 ./Core/Src/main.o
                0x000000000800226c                SystemClock_Config
 .text.system_init
                0x0000000008002340       0x40 ./Core/Src/main.o
                0x0000000008002340                system_init
 .text.led7_Update
                0x0000000008002380       0x8c ./Core/Src/main.o
                0x0000000008002380                led7_Update
 .text.button_Update
                0x000000000800240c       0x70 ./Core/Src/main.o
                0x000000000800240c                button_Update
 .text.adc_Update
                0x000000000800247c       0xa0 ./Core/Src/main.o
                0x000000000800247c                adc_Update
 .text.adc_Display
                0x000000000800251c      0x168 ./Core/Src/main.o
                0x000000000800251c                adc_Display
 .text.buzzer_On
                0x0000000008002684       0x18 ./Core/Src/main.o
                0x0000000008002684                buzzer_On
 .text.Error_Handler
                0x000000000800269c        0xa ./Core/Src/main.o
                0x000000000800269c                Error_Handler
 *fill*         0x00000000080026a6        0x2 
 .text.sensor_init
                0x00000000080026a8       0x1c ./Core/Src/sensor.o
                0x00000000080026a8                sensor_init
 .text.sensor_Read
                0x00000000080026c4       0x1c ./Core/Src/sensor.o
                0x00000000080026c4                sensor_Read
 .text.sensor_GetLight
                0x00000000080026e0       0x18 ./Core/Src/sensor.o
                0x00000000080026e0                sensor_GetLight
 .text.sensor_GetPotentiometer
                0x00000000080026f8       0x18 ./Core/Src/sensor.o
                0x00000000080026f8                sensor_GetPotentiometer
 .text.sensor_GetVoltage
                0x0000000008002710       0x78 ./Core/Src/sensor.o
                0x0000000008002710                sensor_GetVoltage
 .text.sensor_GetCurrent
                0x0000000008002788       0xb8 ./Core/Src/sensor.o
                0x0000000008002788                sensor_GetCurrent
 .text.sensor_GetTemperature
                0x0000000008002840       0x3c ./Core/Src/sensor.o
                0x0000000008002840                sensor_GetTemperature
 .text.timer_init
                0x000000000800287c       0x14 ./Core/Src/software_timer.o
                0x000000000800287c                timer_init
 .text.setTimer
                0x0000000008002890       0x38 ./Core/Src/software_timer.o
                0x0000000008002890                setTimer
 .text.timerRun
                0x00000000080028c8       0x54 ./Core/Src/software_timer.o
                0x00000000080028c8                timerRun
 .text.HAL_TIM_PeriodElapsedCallback
                0x000000000800291c       0x2c ./Core/Src/software_timer.o
                0x000000000800291c                HAL_TIM_PeriodElapsedCallback
 .text.MX_SPI1_Init
                0x0000000008002948       0x6c ./Core/Src/spi.o
                0x0000000008002948                MX_SPI1_Init
 .text.HAL_SPI_MspInit
                0x00000000080029b4       0x90 ./Core/Src/spi.o
                0x00000000080029b4                HAL_SPI_MspInit
 .text.HAL_MspInit
                0x0000000008002a44       0x50 ./Core/Src/stm32f4xx_hal_msp.o
                0x0000000008002a44                HAL_MspInit
 .text.NMI_Handler
                0x0000000008002a94        0x6 ./Core/Src/stm32f4xx_it.o
                0x0000000008002a94                NMI_Handler
 .text.HardFault_Handler
                0x0000000008002a9a        0x6 ./Core/Src/stm32f4xx_it.o
                0x0000000008002a9a                HardFault_Handler
 .text.MemManage_Handler
                0x0000000008002aa0        0x6 ./Core/Src/stm32f4xx_it.o
                0x0000000008002aa0                MemManage_Handler
 .text.BusFault_Handler
                0x0000000008002aa6        0x6 ./Core/Src/stm32f4xx_it.o
                0x0000000008002aa6                BusFault_Handler
 .text.UsageFault_Handler
                0x0000000008002aac        0x6 ./Core/Src/stm32f4xx_it.o
                0x0000000008002aac                UsageFault_Handler
 .text.SVC_Handler
                0x0000000008002ab2        0xe ./Core/Src/stm32f4xx_it.o
                0x0000000008002ab2                SVC_Handler
 .text.DebugMon_Handler
                0x0000000008002ac0        0xe ./Core/Src/stm32f4xx_it.o
                0x0000000008002ac0                DebugMon_Handler
 .text.PendSV_Handler
                0x0000000008002ace        0xe ./Core/Src/stm32f4xx_it.o
                0x0000000008002ace                PendSV_Handler
 .text.SysTick_Handler
                0x0000000008002adc        0xc ./Core/Src/stm32f4xx_it.o
                0x0000000008002adc                SysTick_Handler
 .text.TIM2_IRQHandler
                0x0000000008002ae8       0x14 ./Core/Src/stm32f4xx_it.o
                0x0000000008002ae8                TIM2_IRQHandler
 .text.DMA2_Stream0_IRQHandler
                0x0000000008002afc       0x14 ./Core/Src/stm32f4xx_it.o
                0x0000000008002afc                DMA2_Stream0_IRQHandler
 .text.SystemInit
                0x0000000008002b10       0x24 ./Core/Src/system_stm32f4xx.o
                0x0000000008002b10                SystemInit
 .text.MX_TIM2_Init
                0x0000000008002b34       0x98 ./Core/Src/tim.o
                0x0000000008002b34                MX_TIM2_Init
 .text.MX_TIM13_Init
                0x0000000008002bcc       0x9c ./Core/Src/tim.o
                0x0000000008002bcc                MX_TIM13_Init
 .text.HAL_TIM_Base_MspInit
                0x0000000008002c68       0x78 ./Core/Src/tim.o
                0x0000000008002c68                HAL_TIM_Base_MspInit
 .text.HAL_TIM_MspPostInit
                0x0000000008002ce0       0x74 ./Core/Src/tim.o
                0x0000000008002ce0                HAL_TIM_MspPostInit
 .text.BCD2DEC  0x0000000008002d54       0x32 ./Core/Src/utils.o
                0x0000000008002d54                BCD2DEC
 *fill*         0x0000000008002d86        0x2 
 .text.DEC2BCD  0x0000000008002d88       0x48 ./Core/Src/utils.o
                0x0000000008002d88                DEC2BCD
 .text.Reset_Handler
                0x0000000008002dd0       0x50 ./Core/Startup/startup_stm32f407zetx.o
                0x0000000008002dd0                Reset_Handler
 .text.Default_Handler
                0x0000000008002e20        0x2 ./Core/Startup/startup_stm32f407zetx.o
                0x0000000008002e20                RTC_Alarm_IRQHandler
                0x0000000008002e20                HASH_RNG_IRQHandler
                0x0000000008002e20                EXTI2_IRQHandler
                0x0000000008002e20                TIM8_CC_IRQHandler
                0x0000000008002e20                TIM1_CC_IRQHandler
                0x0000000008002e20                DMA2_Stream5_IRQHandler
                0x0000000008002e20                DMA1_Stream5_IRQHandler
                0x0000000008002e20                PVD_IRQHandler
                0x0000000008002e20                SDIO_IRQHandler
                0x0000000008002e20                TAMP_STAMP_IRQHandler
                0x0000000008002e20                CAN2_RX1_IRQHandler
                0x0000000008002e20                EXTI3_IRQHandler
                0x0000000008002e20                TIM8_TRG_COM_TIM14_IRQHandler
                0x0000000008002e20                TIM1_UP_TIM10_IRQHandler
                0x0000000008002e20                TIM8_UP_TIM13_IRQHandler
                0x0000000008002e20                I2C3_ER_IRQHandler
                0x0000000008002e20                EXTI0_IRQHandler
                0x0000000008002e20                I2C2_EV_IRQHandler
                0x0000000008002e20                DMA1_Stream2_IRQHandler
                0x0000000008002e20                CAN1_RX0_IRQHandler
                0x0000000008002e20                FPU_IRQHandler
                0x0000000008002e20                OTG_HS_WKUP_IRQHandler
                0x0000000008002e20                CAN2_SCE_IRQHandler
                0x0000000008002e20                DMA2_Stream2_IRQHandler
                0x0000000008002e20                SPI1_IRQHandler
                0x0000000008002e20                TIM6_DAC_IRQHandler
                0x0000000008002e20                TIM1_BRK_TIM9_IRQHandler
                0x0000000008002e20                DCMI_IRQHandler
                0x0000000008002e20                CAN2_RX0_IRQHandler
                0x0000000008002e20                DMA2_Stream3_IRQHandler
                0x0000000008002e20                USART6_IRQHandler
                0x0000000008002e20                USART3_IRQHandler
                0x0000000008002e20                CAN1_RX1_IRQHandler
                0x0000000008002e20                UART5_IRQHandler
                0x0000000008002e20                TIM4_IRQHandler
                0x0000000008002e20                I2C1_EV_IRQHandler
                0x0000000008002e20                DMA1_Stream6_IRQHandler
                0x0000000008002e20                DMA1_Stream1_IRQHandler
                0x0000000008002e20                UART4_IRQHandler
                0x0000000008002e20                TIM3_IRQHandler
                0x0000000008002e20                RCC_IRQHandler
                0x0000000008002e20                TIM8_BRK_TIM12_IRQHandler
                0x0000000008002e20                Default_Handler
                0x0000000008002e20                EXTI15_10_IRQHandler
                0x0000000008002e20                ADC_IRQHandler
                0x0000000008002e20                DMA1_Stream7_IRQHandler
                0x0000000008002e20                TIM7_IRQHandler
                0x0000000008002e20                CAN2_TX_IRQHandler
                0x0000000008002e20                TIM5_IRQHandler
                0x0000000008002e20                DMA2_Stream7_IRQHandler
                0x0000000008002e20                I2C3_EV_IRQHandler
                0x0000000008002e20                EXTI9_5_IRQHandler
                0x0000000008002e20                RTC_WKUP_IRQHandler
                0x0000000008002e20                ETH_WKUP_IRQHandler
                0x0000000008002e20                SPI2_IRQHandler
                0x0000000008002e20                OTG_HS_EP1_IN_IRQHandler
                0x0000000008002e20                DMA1_Stream0_IRQHandler
                0x0000000008002e20                CAN1_TX_IRQHandler
                0x0000000008002e20                EXTI4_IRQHandler
                0x0000000008002e20                FSMC_IRQHandler
                0x0000000008002e20                ETH_IRQHandler
                0x0000000008002e20                OTG_HS_EP1_OUT_IRQHandler
                0x0000000008002e20                WWDG_IRQHandler
                0x0000000008002e20                OTG_FS_WKUP_IRQHandler
                0x0000000008002e20                TIM1_TRG_COM_TIM11_IRQHandler
                0x0000000008002e20                OTG_HS_IRQHandler
                0x0000000008002e20                EXTI1_IRQHandler
                0x0000000008002e20                USART2_IRQHandler
                0x0000000008002e20                I2C2_ER_IRQHandler
                0x0000000008002e20                DMA2_Stream1_IRQHandler
                0x0000000008002e20                CAN1_SCE_IRQHandler
                0x0000000008002e20                FLASH_IRQHandler
                0x0000000008002e20                DMA2_Stream4_IRQHandler
                0x0000000008002e20                USART1_IRQHandler
                0x0000000008002e20                OTG_FS_IRQHandler
                0x0000000008002e20                SPI3_IRQHandler
                0x0000000008002e20                DMA1_Stream4_IRQHandler
                0x0000000008002e20                I2C1_ER_IRQHandler
                0x0000000008002e20                DMA2_Stream6_IRQHandler
                0x0000000008002e20                DMA1_Stream3_IRQHandler
 *fill*         0x0000000008002e22        0x2 
 .text.HAL_Init
                0x0000000008002e24       0x44 ./Drivers/STM32F4xx_HAL_Driver/Src/stm32f4xx_hal.o
                0x0000000008002e24                HAL_Init
 .text.HAL_InitTick
                0x0000000008002e68       0x60 ./Drivers/STM32F4xx_HAL_Driver/Src/stm32f4xx_hal.o
                0x0000000008002e68                HAL_InitTick
 .text.HAL_IncTick
                0x0000000008002ec8       0x28 ./Drivers/STM32F4xx_HAL_Driver/Src/stm32f4xx_hal.o
                0x0000000008002ec8                HAL_IncTick
 .text.HAL_GetTick
                0x0000000008002ef0       0x18 ./Drivers/STM32F4xx_HAL_Driver/Src/stm32f4xx_hal.o
                0x0000000008002ef0                HAL_GetTick
 .text.HAL_Delay
                0x0000000008002f08       0x48 ./Drivers/STM32F4xx_HAL_Driver/Src/stm32f4xx_hal.o
                0x0000000008002f08                HAL_Delay
 .text.HAL_ADC_Init
                0x0000000008002f50       0x86 ./Drivers/STM32F4xx_HAL_Driver/Src/stm32f4xx_hal_adc.o
                0x0000000008002f50                HAL_ADC_Init
 *fill*         0x0000000008002fd6        0x2 
 .text.HAL_ADC_Start_DMA
                0x0000000008002fd8      0x220 ./Drivers/STM32F4xx_HAL_Driver/Src/stm32f4xx_hal_adc.o
                0x0000000008002fd8                HAL_ADC_Start_DMA
 .text.HAL_ADC_ConvCpltCallback
                0x00000000080031f8       0x14 ./Drivers/STM32F4xx_HAL_Driver/Src/stm32f4xx_hal_adc.o
                0x00000000080031f8                HAL_ADC_ConvCpltCallback
 .text.HAL_ADC_ConvHalfCpltCallback
                0x000000000800320c       0x14 ./Drivers/STM32F4xx_HAL_Driver/Src/stm32f4xx_hal_adc.o
                0x000000000800320c                HAL_ADC_ConvHalfCpltCallback
 .text.HAL_ADC_ErrorCallback
                0x0000000008003220       0x14 ./Drivers/STM32F4xx_HAL_Driver/Src/stm32f4xx_hal_adc.o
                0x0000000008003220                HAL_ADC_ErrorCallback
 .text.HAL_ADC_ConfigChannel
                0x0000000008003234      0x244 ./Drivers/STM32F4xx_HAL_Driver/Src/stm32f4xx_hal_adc.o
                0x0000000008003234                HAL_ADC_ConfigChannel
 .text.ADC_Init
                0x0000000008003478      0x1f8 ./Drivers/STM32F4xx_HAL_Driver/Src/stm32f4xx_hal_adc.o
 .text.ADC_DMAConvCplt
                0x0000000008003670       0xba ./Drivers/STM32F4xx_HAL_Driver/Src/stm32f4xx_hal_adc.o
 .text.ADC_DMAHalfConvCplt
                0x000000000800372a       0x1c ./Drivers/STM32F4xx_HAL_Driver/Src/stm32f4xx_hal_adc.o
 .text.ADC_DMAError
                0x0000000008003746       0x2e ./Drivers/STM32F4xx_HAL_Driver/Src/stm32f4xx_hal_adc.o
 .text.__NVIC_SetPriorityGrouping
                0x0000000008003774       0x48 ./Drivers/STM32F4xx_HAL_Driver/Src/stm32f4xx_hal_cortex.o
 .text.__NVIC_GetPriorityGrouping
                0x00000000080037bc       0x1c ./Drivers/STM32F4xx_HAL_Driver/Src/stm32f4xx_hal_cortex.o
 .text.__NVIC_EnableIRQ
                0x00000000080037d8       0x3c ./Drivers/STM32F4xx_HAL_Driver/Src/stm32f4xx_hal_cortex.o
 .text.__NVIC_SetPriority
                0x0000000008003814       0x54 ./Drivers/STM32F4xx_HAL_Driver/Src/stm32f4xx_hal_cortex.o
 .text.NVIC_EncodePriority
                0x0000000008003868       0x66 ./Drivers/STM32F4xx_HAL_Driver/Src/stm32f4xx_hal_cortex.o
 *fill*         0x00000000080038ce        0x2 
 .text.SysTick_Config
                0x00000000080038d0       0x44 ./Drivers/STM32F4xx_HAL_Driver/Src/stm32f4xx_hal_cortex.o
 .text.HAL_NVIC_SetPriorityGrouping
                0x0000000008003914       0x16 ./Drivers/STM32F4xx_HAL_Driver/Src/stm32f4xx_hal_cortex.o
                0x0000000008003914                HAL_NVIC_SetPriorityGrouping
 .text.HAL_NVIC_SetPriority
                0x000000000800392a       0x38 ./Drivers/STM32F4xx_HAL_Driver/Src/stm32f4xx_hal_cortex.o
                0x000000000800392a                HAL_NVIC_SetPriority
 .text.HAL_NVIC_EnableIRQ
                0x0000000008003962       0x1c ./Drivers/STM32F4xx_HAL_Driver/Src/stm32f4xx_hal_cortex.o
                0x0000000008003962                HAL_NVIC_EnableIRQ
 .text.HAL_SYSTICK_Config
                0x000000000800397e       0x18 ./Drivers/STM32F4xx_HAL_Driver/Src/stm32f4xx_hal_cortex.o
                0x000000000800397e                HAL_SYSTICK_Config
 *fill*         0x0000000008003996        0x2 
 .text.HAL_DMA_Init
                0x0000000008003998      0x15c ./Drivers/STM32F4xx_HAL_Driver/Src/stm32f4xx_hal_dma.o
                0x0000000008003998                HAL_DMA_Init
 .text.HAL_DMA_Start_IT
                0x0000000008003af4       0xb0 ./Drivers/STM32F4xx_HAL_Driver/Src/stm32f4xx_hal_dma.o
                0x0000000008003af4                HAL_DMA_Start_IT
 .text.HAL_DMA_IRQHandler
                0x0000000008003ba4      0x314 ./Drivers/STM32F4xx_HAL_Driver/Src/stm32f4xx_hal_dma.o
                0x0000000008003ba4                HAL_DMA_IRQHandler
 .text.DMA_SetConfig
                0x0000000008003eb8       0x5c ./Drivers/STM32F4xx_HAL_Driver/Src/stm32f4xx_hal_dma.o
 .text.DMA_CalcBaseAndBitshift
                0x0000000008003f14       0x6c ./Drivers/STM32F4xx_HAL_Driver/Src/stm32f4xx_hal_dma.o
 .text.DMA_CheckFifoParam
                0x0000000008003f80       0xf8 ./Drivers/STM32F4xx_HAL_Driver/Src/stm32f4xx_hal_dma.o
 .text.HAL_GPIO_Init
                0x0000000008004078      0x338 ./Drivers/STM32F4xx_HAL_Driver/Src/stm32f4xx_hal_gpio.o
                0x0000000008004078                HAL_GPIO_Init
 .text.HAL_GPIO_WritePin
                0x00000000080043b0       0x32 ./Drivers/STM32F4xx_HAL_Driver/Src/stm32f4xx_hal_gpio.o
                0x00000000080043b0                HAL_GPIO_WritePin
 *fill*         0x00000000080043e2        0x2 
 .text.HAL_I2C_Init
                0x00000000080043e4      0x288 ./Drivers/STM32F4xx_HAL_Driver/Src/stm32f4xx_hal_i2c.o
                0x00000000080043e4                HAL_I2C_Init
 .text.HAL_I2C_Mem_Read
                0x000000000800466c      0x44c ./Drivers/STM32F4xx_HAL_Driver/Src/stm32f4xx_hal_i2c.o
                0x000000000800466c                HAL_I2C_Mem_Read
 .text.I2C_RequestMemoryRead
                0x0000000008004ab8      0x1d0 ./Drivers/STM32F4xx_HAL_Driver/Src/stm32f4xx_hal_i2c.o
 .text.I2C_WaitOnFlagUntilTimeout
                0x0000000008004c88       0xae ./Drivers/STM32F4xx_HAL_Driver/Src/stm32f4xx_hal_i2c.o
 .text.I2C_WaitOnMasterAddressFlagUntilTimeout
                0x0000000008004d36       0xfe ./Drivers/STM32F4xx_HAL_Driver/Src/stm32f4xx_hal_i2c.o
 .text.I2C_WaitOnTXEFlagUntilTimeout
                0x0000000008004e34       0x82 ./Drivers/STM32F4xx_HAL_Driver/Src/stm32f4xx_hal_i2c.o
 .text.I2C_WaitOnRXNEFlagUntilTimeout
                0x0000000008004eb6       0xac ./Drivers/STM32F4xx_HAL_Driver/Src/stm32f4xx_hal_i2c.o
 .text.I2C_IsAcknowledgeFailed
                0x0000000008004f62       0x5e ./Drivers/STM32F4xx_HAL_Driver/Src/stm32f4xx_hal_i2c.o
 .text.HAL_RCC_OscConfig
                0x0000000008004fc0      0x4f0 ./Drivers/STM32F4xx_HAL_Driver/Src/stm32f4xx_hal_rcc.o
                0x0000000008004fc0                HAL_RCC_OscConfig
 .text.HAL_RCC_ClockConfig
                0x00000000080054b0      0x1cc ./Drivers/STM32F4xx_HAL_Driver/Src/stm32f4xx_hal_rcc.o
                0x00000000080054b0                HAL_RCC_ClockConfig
 .text.HAL_RCC_GetSysClockFreq
                0x000000000800567c      0x20c ./Drivers/STM32F4xx_HAL_Driver/Src/stm32f4xx_hal_rcc.o
                0x000000000800567c                HAL_RCC_GetSysClockFreq
 .text.HAL_RCC_GetHCLKFreq
                0x0000000008005888       0x18 ./Drivers/STM32F4xx_HAL_Driver/Src/stm32f4xx_hal_rcc.o
                0x0000000008005888                HAL_RCC_GetHCLKFreq
 .text.HAL_RCC_GetPCLK1Freq
                0x00000000080058a0       0x28 ./Drivers/STM32F4xx_HAL_Driver/Src/stm32f4xx_hal_rcc.o
                0x00000000080058a0                HAL_RCC_GetPCLK1Freq
 .text.HAL_SPI_Init
                0x00000000080058c8      0x112 ./Drivers/STM32F4xx_HAL_Driver/Src/stm32f4xx_hal_spi.o
                0x00000000080058c8                HAL_SPI_Init
 .text.HAL_SPI_Transmit
                0x00000000080059da      0x278 ./Drivers/STM32F4xx_HAL_Driver/Src/stm32f4xx_hal_spi.o
                0x00000000080059da                HAL_SPI_Transmit
 .text.HAL_SPI_Receive
                0x0000000008005c52      0x222 ./Drivers/STM32F4xx_HAL_Driver/Src/stm32f4xx_hal_spi.o
                0x0000000008005c52                HAL_SPI_Receive
 .text.HAL_SPI_TransmitReceive
                0x0000000008005e74      0x344 ./Drivers/STM32F4xx_HAL_Driver/Src/stm32f4xx_hal_spi.o
                0x0000000008005e74                HAL_SPI_TransmitReceive
 .text.SPI_WaitFlagStateUntilTimeout
                0x00000000080061b8      0x110 ./Drivers/STM32F4xx_HAL_Driver/Src/stm32f4xx_hal_spi.o
 .text.SPI_EndRxTransaction
                0x00000000080062c8       0xca ./Drivers/STM32F4xx_HAL_Driver/Src/stm32f4xx_hal_spi.o
 *fill*         0x0000000008006392        0x2 
 .text.SPI_EndRxTxTransaction
                0x0000000008006394       0x84 ./Drivers/STM32F4xx_HAL_Driver/Src/stm32f4xx_hal_spi.o
 .text.HAL_SRAM_Init
                0x0000000008006418       0x88 ./Drivers/STM32F4xx_HAL_Driver/Src/stm32f4xx_hal_sram.o
                0x0000000008006418                HAL_SRAM_Init
 .text.HAL_TIM_Base_Init
                0x00000000080064a0       0x9e ./Drivers/STM32F4xx_HAL_Driver/Src/stm32f4xx_hal_tim.o
                0x00000000080064a0                HAL_TIM_Base_Init
 *fill*         0x000000000800653e        0x2 
 .text.HAL_TIM_Base_Start_IT
                0x0000000008006540       0xe0 ./Drivers/STM32F4xx_HAL_Driver/Src/stm32f4xx_hal_tim.o
                0x0000000008006540                HAL_TIM_Base_Start_IT
 .text.HAL_TIM_PWM_Init
                0x0000000008006620       0x9e ./Drivers/STM32F4xx_HAL_Driver/Src/stm32f4xx_hal_tim.o
                0x0000000008006620                HAL_TIM_PWM_Init
 .text.HAL_TIM_PWM_MspInit
                0x00000000080066be       0x14 ./Drivers/STM32F4xx_HAL_Driver/Src/stm32f4xx_hal_tim.o
                0x00000000080066be                HAL_TIM_PWM_MspInit
 *fill*         0x00000000080066d2        0x2 
 .text.HAL_TIM_PWM_Start
                0x00000000080066d4      0x190 ./Drivers/STM32F4xx_HAL_Driver/Src/stm32f4xx_hal_tim.o
                0x00000000080066d4                HAL_TIM_PWM_Start
 .text.HAL_TIM_IRQHandler
                0x0000000008006864      0x210 ./Drivers/STM32F4xx_HAL_Driver/Src/stm32f4xx_hal_tim.o
                0x0000000008006864                HAL_TIM_IRQHandler
 .text.HAL_TIM_PWM_ConfigChannel
                0x0000000008006a74      0x184 ./Drivers/STM32F4xx_HAL_Driver/Src/stm32f4xx_hal_tim.o
                0x0000000008006a74                HAL_TIM_PWM_ConfigChannel
 .text.HAL_TIM_ConfigClockSource
                0x0000000008006bf8      0x18e ./Drivers/STM32F4xx_HAL_Driver/Src/stm32f4xx_hal_tim.o
                0x0000000008006bf8                HAL_TIM_ConfigClockSource
 .text.HAL_TIM_OC_DelayElapsedCallback
                0x0000000008006d86       0x14 ./Drivers/STM32F4xx_HAL_Driver/Src/stm32f4xx_hal_tim.o
                0x0000000008006d86                HAL_TIM_OC_DelayElapsedCallback
 .text.HAL_TIM_IC_CaptureCallback
                0x0000000008006d9a       0x14 ./Drivers/STM32F4xx_HAL_Driver/Src/stm32f4xx_hal_tim.o
                0x0000000008006d9a                HAL_TIM_IC_CaptureCallback
 .text.HAL_TIM_PWM_PulseFinishedCallback
                0x0000000008006dae       0x14 ./Drivers/STM32F4xx_HAL_Driver/Src/stm32f4xx_hal_tim.o
                0x0000000008006dae                HAL_TIM_PWM_PulseFinishedCallback
 .text.HAL_TIM_TriggerCallback
                0x0000000008006dc2       0x14 ./Drivers/STM32F4xx_HAL_Driver/Src/stm32f4xx_hal_tim.o
                0x0000000008006dc2                HAL_TIM_TriggerCallback
 *fill*         0x0000000008006dd6        0x2 
 .text.TIM_Base_SetConfig
                0x0000000008006dd8      0x140 ./Drivers/STM32F4xx_HAL_Driver/Src/stm32f4xx_hal_tim.o
                0x0000000008006dd8                TIM_Base_SetConfig
 .text.TIM_OC1_SetConfig
                0x0000000008006f18       0xe0 ./Drivers/STM32F4xx_HAL_Driver/Src/stm32f4xx_hal_tim.o
 .text.TIM_OC2_SetConfig
                0x0000000008006ff8       0xec ./Drivers/STM32F4xx_HAL_Driver/Src/stm32f4xx_hal_tim.o
                0x0000000008006ff8                TIM_OC2_SetConfig
 .text.TIM_OC3_SetConfig
                0x00000000080070e4       0xe8 ./Drivers/STM32F4xx_HAL_Driver/Src/stm32f4xx_hal_tim.o
 .text.TIM_OC4_SetConfig
                0x00000000080071cc       0xac ./Drivers/STM32F4xx_HAL_Driver/Src/stm32f4xx_hal_tim.o
 .text.TIM_TI1_ConfigInputStage
                0x0000000008007278       0x5e ./Drivers/STM32F4xx_HAL_Driver/Src/stm32f4xx_hal_tim.o
 .text.TIM_TI2_ConfigInputStage
                0x00000000080072d6       0x60 ./Drivers/STM32F4xx_HAL_Driver/Src/stm32f4xx_hal_tim.o
 .text.TIM_ITRx_SetConfig
                0x0000000008007336       0x36 ./Drivers/STM32F4xx_HAL_Driver/Src/stm32f4xx_hal_tim.o
 .text.TIM_ETR_SetConfig
                0x000000000800736c       0x40 ./Drivers/STM32F4xx_HAL_Driver/Src/stm32f4xx_hal_tim.o
                0x000000000800736c                TIM_ETR_SetConfig
 .text.TIM_CCxChannelCmd
                0x00000000080073ac       0x4a ./Drivers/STM32F4xx_HAL_Driver/Src/stm32f4xx_hal_tim.o
                0x00000000080073ac                TIM_CCxChannelCmd
 *fill*         0x00000000080073f6        0x2 
 .text.HAL_TIMEx_MasterConfigSynchronization
                0x00000000080073f8       0xf8 ./Drivers/STM32F4xx_HAL_Driver/Src/stm32f4xx_hal_tim_ex.o
                0x00000000080073f8                HAL_TIMEx_MasterConfigSynchronization
 .text.HAL_TIMEx_CommutCallback
                0x00000000080074f0       0x14 ./Drivers/STM32F4xx_HAL_Driver/Src/stm32f4xx_hal_tim_ex.o
                0x00000000080074f0                HAL_TIMEx_CommutCallback
 .text.HAL_TIMEx_BreakCallback
                0x0000000008007504       0x14 ./Drivers/STM32F4xx_HAL_Driver/Src/stm32f4xx_hal_tim_ex.o
                0x0000000008007504                HAL_TIMEx_BreakCallback
 .text.FSMC_NORSRAM_Init
                0x0000000008007518       0xa4 ./Drivers/STM32F4xx_HAL_Driver/Src/stm32f4xx_ll_fsmc.o
                0x0000000008007518                FSMC_NORSRAM_Init
 .text.FSMC_NORSRAM_Timing_Init
                0x00000000080075bc       0x7a ./Drivers/STM32F4xx_HAL_Driver/Src/stm32f4xx_ll_fsmc.o
                0x00000000080075bc                FSMC_NORSRAM_Timing_Init
 *fill*         0x0000000008007636        0x2 
 .text.FSMC_NORSRAM_Extended_Timing_Init
                0x0000000008007638       0x80 ./Drivers/STM32F4xx_HAL_Driver/Src/stm32f4xx_ll_fsmc.o
                0x0000000008007638                FSMC_NORSRAM_Extended_Timing_Init
 .text.memset   0x00000000080076b8       0x10 D:/ProgramFiles/ST/STM32CubeIDE_1.13.2/STM32CubeIDE/plugins/com.st.stm32cube.ide.mcu.externaltools.gnu-tools-for-stm32.11.3.rel1.win32_1.1.1.202309131626/tools/bin/../lib/gcc/arm-none-eabi/11.3.1/../../../../arm-none-eabi/lib/thumb/v7e-m+fp/hard\libc_nano.a(libc_a-memset.o)
                0x00000000080076b8                memset
 .text.__libc_init_array
                0x00000000080076c8       0x48 D:/ProgramFiles/ST/STM32CubeIDE_1.13.2/STM32CubeIDE/plugins/com.st.stm32cube.ide.mcu.externaltools.gnu-tools-for-stm32.11.3.rel1.win32_1.1.1.202309131626/tools/bin/../lib/gcc/arm-none-eabi/11.3.1/../../../../arm-none-eabi/lib/thumb/v7e-m+fp/hard\libc_nano.a(libc_a-init.o)
                0x00000000080076c8                __libc_init_array
 *(.glue_7)
 .glue_7        0x0000000008007710        0x0 linker stubs
 *(.glue_7t)
 .glue_7t       0x0000000008007710        0x0 linker stubs
 *(.eh_frame)
 .eh_frame      0x0000000008007710        0x0 D:/ProgramFiles/ST/STM32CubeIDE_1.13.2/STM32CubeIDE/plugins/com.st.stm32cube.ide.mcu.externaltools.gnu-tools-for-stm32.11.3.rel1.win32_1.1.1.202309131626/tools/bin/../lib/gcc/arm-none-eabi/11.3.1/thumb/v7e-m+fp/hard/crtbegin.o
 *(.init)
 .init          0x0000000008007710        0x4 D:/ProgramFiles/ST/STM32CubeIDE_1.13.2/STM32CubeIDE/plugins/com.st.stm32cube.ide.mcu.externaltools.gnu-tools-for-stm32.11.3.rel1.win32_1.1.1.202309131626/tools/bin/../lib/gcc/arm-none-eabi/11.3.1/thumb/v7e-m+fp/hard/crti.o
                0x0000000008007710                _init
 .init          0x0000000008007714        0x8 D:/ProgramFiles/ST/STM32CubeIDE_1.13.2/STM32CubeIDE/plugins/com.st.stm32cube.ide.mcu.externaltools.gnu-tools-for-stm32.11.3.rel1.win32_1.1.1.202309131626/tools/bin/../lib/gcc/arm-none-eabi/11.3.1/thumb/v7e-m+fp/hard/crtn.o
 *(.fini)
 .fini          0x000000000800771c        0x4 D:/ProgramFiles/ST/STM32CubeIDE_1.13.2/STM32CubeIDE/plugins/com.st.stm32cube.ide.mcu.externaltools.gnu-tools-for-stm32.11.3.rel1.win32_1.1.1.202309131626/tools/bin/../lib/gcc/arm-none-eabi/11.3.1/thumb/v7e-m+fp/hard/crti.o
                0x000000000800771c                _fini
 .fini          0x0000000008007720        0x8 D:/ProgramFiles/ST/STM32CubeIDE_1.13.2/STM32CubeIDE/plugins/com.st.stm32cube.ide.mcu.externaltools.gnu-tools-for-stm32.11.3.rel1.win32_1.1.1.202309131626/tools/bin/../lib/gcc/arm-none-eabi/11.3.1/thumb/v7e-m+fp/hard/crtn.o
                0x0000000008007728                . = ALIGN (0x4)
                0x0000000008007728                _etext = .

.vfp11_veneer   0x0000000008007728        0x0
 .vfp11_veneer  0x0000000008007728        0x0 linker stubs

.v4_bx          0x0000000008007728        0x0
 .v4_bx         0x0000000008007728        0x0 linker stubs

.iplt           0x0000000008007728        0x0
 .iplt          0x0000000008007728        0x0 D:/ProgramFiles/ST/STM32CubeIDE_1.13.2/STM32CubeIDE/plugins/com.st.stm32cube.ide.mcu.externaltools.gnu-tools-for-stm32.11.3.rel1.win32_1.1.1.202309131626/tools/bin/../lib/gcc/arm-none-eabi/11.3.1/thumb/v7e-m+fp/hard/crtbegin.o

.rodata         0x0000000008007728     0x2ffc
                0x0000000008007728                . = ALIGN (0x4)
 *(.rodata)
 .rodata        0x0000000008007728       0x56 ./Core/Src/main.o
 *fill*         0x000000000800777e        0x2 
 .rodata        0x0000000008007780        0x1 ./Core/Src/sensor.o
 *(.rodata*)
 *fill*         0x0000000008007781        0x3 
 .rodata.ascii_1608
                0x0000000008007784      0x5f0 ./Core/Src/lcd.o
                0x0000000008007784                ascii_1608
 .rodata.ascii_2412
                0x0000000008007d74     0x11d0 ./Core/Src/lcd.o
                0x0000000008007d74                ascii_2412
 .rodata.ascii_3216
                0x0000000008008f44     0x17c0 ./Core/Src/lcd.o
                0x0000000008008f44                ascii_3216
 .rodata.AHBPrescTable
                0x000000000800a704       0x10 ./Core/Src/system_stm32f4xx.o
                0x000000000800a704                AHBPrescTable
 .rodata.APBPrescTable
                0x000000000800a714        0x8 ./Core/Src/system_stm32f4xx.o
                0x000000000800a714                APBPrescTable
 .rodata.flagBitshiftOffset.0
                0x000000000800a71c        0x8 ./Drivers/STM32F4xx_HAL_Driver/Src/stm32f4xx_hal_dma.o
                0x000000000800a724                . = ALIGN (0x4)

.ARM.extab      0x000000000800a724        0x0
                0x000000000800a724                . = ALIGN (0x4)
 *(.ARM.extab* .gnu.linkonce.armextab.*)
                0x000000000800a724                . = ALIGN (0x4)

.ARM            0x000000000800a724        0x8
                0x000000000800a724                . = ALIGN (0x4)
                0x000000000800a724                __exidx_start = .
 *(.ARM.exidx*)
 .ARM.exidx     0x000000000800a724        0x8 D:/ProgramFiles/ST/STM32CubeIDE_1.13.2/STM32CubeIDE/plugins/com.st.stm32cube.ide.mcu.externaltools.gnu-tools-for-stm32.11.3.rel1.win32_1.1.1.202309131626/tools/bin/../lib/gcc/arm-none-eabi/11.3.1/thumb/v7e-m+fp/hard\libgcc.a(_udivmoddi4.o)
                0x000000000800a72c                __exidx_end = .
                0x000000000800a72c                . = ALIGN (0x4)

.rel.dyn        0x000000000800a72c        0x0
 .rel.iplt      0x000000000800a72c        0x0 D:/ProgramFiles/ST/STM32CubeIDE_1.13.2/STM32CubeIDE/plugins/com.st.stm32cube.ide.mcu.externaltools.gnu-tools-for-stm32.11.3.rel1.win32_1.1.1.202309131626/tools/bin/../lib/gcc/arm-none-eabi/11.3.1/thumb/v7e-m+fp/hard/crtbegin.o

.preinit_array  0x000000000800a72c        0x0
                0x000000000800a72c                . = ALIGN (0x4)
                0x000000000800a72c                PROVIDE (__preinit_array_start = .)
 *(.preinit_array*)
                0x000000000800a72c                PROVIDE (__preinit_array_end = .)
                0x000000000800a72c                . = ALIGN (0x4)

.init_array     0x000000000800a72c        0x4
                0x000000000800a72c                . = ALIGN (0x4)
                0x000000000800a72c                PROVIDE (__init_array_start = .)
 *(SORT_BY_NAME(.init_array.*))
 *(.init_array*)
 .init_array    0x000000000800a72c        0x4 D:/ProgramFiles/ST/STM32CubeIDE_1.13.2/STM32CubeIDE/plugins/com.st.stm32cube.ide.mcu.externaltools.gnu-tools-for-stm32.11.3.rel1.win32_1.1.1.202309131626/tools/bin/../lib/gcc/arm-none-eabi/11.3.1/thumb/v7e-m+fp/hard/crtbegin.o
                0x000000000800a730                PROVIDE (__init_array_end = .)
                0x000000000800a730                . = ALIGN (0x4)

.fini_array     0x000000000800a730        0x4
                0x000000000800a730                . = ALIGN (0x4)
                [!provide]                        PROVIDE (__fini_array_start = .)
 *(SORT_BY_NAME(.fini_array.*))
 *(.fini_array*)
 .fini_array    0x000000000800a730        0x4 D:/ProgramFiles/ST/STM32CubeIDE_1.13.2/STM32CubeIDE/plugins/com.st.stm32cube.ide.mcu.externaltools.gnu-tools-for-stm32.11.3.rel1.win32_1.1.1.202309131626/tools/bin/../lib/gcc/arm-none-eabi/11.3.1/thumb/v7e-m+fp/hard/crtbegin.o
                [!provide]                        PROVIDE (__fini_array_end = .)
                0x000000000800a734                . = ALIGN (0x4)
                0x000000000800a734                _sidata = LOADADDR (.data)

.data           0x0000000020000000       0x20 load address 0x000000000800a734
                0x0000000020000000                . = ALIGN (0x4)
                0x0000000020000000                _sdata = .
 *(.data)
 *(.data*)
 .data.led7seg  0x0000000020000000        0x4 ./Core/Src/led_7seg.o
                0x0000000020000000                led7seg
 .data.arrayOfNum
                0x0000000020000004        0xa ./Core/Src/led_7seg.o
                0x0000000020000004                arrayOfNum
 .data.spi_buffer
                0x000000002000000e        0x2 ./Core/Src/led_7seg.o
                0x000000002000000e                spi_buffer
 .data.Light_intensity
                0x0000000020000010        0x4 ./Core/Src/sensor.o
                0x0000000020000010                Light_intensity
 .data.SystemCoreClock
                0x0000000020000014        0x4 ./Core/Src/system_stm32f4xx.o
                0x0000000020000014                SystemCoreClock
 .data.uwTickPrio
                0x0000000020000018        0x4 ./Drivers/STM32F4xx_HAL_Driver/Src/stm32f4xx_hal.o
                0x0000000020000018                uwTickPrio
 .data.uwTickFreq
                0x000000002000001c        0x1 ./Drivers/STM32F4xx_HAL_Driver/Src/stm32f4xx_hal.o
                0x000000002000001c                uwTickFreq
 *(.RamFunc)
 *(.RamFunc*)
                0x0000000020000020                . = ALIGN (0x4)
 *fill*         0x000000002000001d        0x3 
                0x0000000020000020                _edata = .
                0x000000000800a754                _siccmram = LOADADDR (.ccmram)

.igot.plt       0x0000000020000020        0x0 load address 0x000000000800a754
 .igot.plt      0x0000000020000020        0x0 D:/ProgramFiles/ST/STM32CubeIDE_1.13.2/STM32CubeIDE/plugins/com.st.stm32cube.ide.mcu.externaltools.gnu-tools-for-stm32.11.3.rel1.win32_1.1.1.202309131626/tools/bin/../lib/gcc/arm-none-eabi/11.3.1/thumb/v7e-m+fp/hard/crtbegin.o

.ccmram         0x0000000010000000        0x0 load address 0x000000000800a754
                0x0000000010000000                . = ALIGN (0x4)
                0x0000000010000000                _sccmram = .
 *(.ccmram)
 *(.ccmram*)
                0x0000000010000000                . = ALIGN (0x4)
                0x0000000010000000                _eccmram = .
                0x0000000010000000                . = ALIGN (0x4)

.bss            0x0000000020000020      0x2bc
                0x0000000020000020                _sbss = .
                0x0000000020000020                __bss_start__ = _sbss
 *(.bss)
 .bss           0x0000000020000020       0x1c D:/ProgramFiles/ST/STM32CubeIDE_1.13.2/STM32CubeIDE/plugins/com.st.stm32cube.ide.mcu.externaltools.gnu-tools-for-stm32.11.3.rel1.win32_1.1.1.202309131626/tools/bin/../lib/gcc/arm-none-eabi/11.3.1/thumb/v7e-m+fp/hard/crtbegin.o
 *(.bss*)
 .bss.hadc1     0x000000002000003c       0x48 ./Core/Src/adc.o
                0x000000002000003c                hadc1
 .bss.hdma_adc1
                0x0000000020000084       0x60 ./Core/Src/adc.o
                0x0000000020000084                hdma_adc1
 .bss.button_count
                0x00000000200000e4       0x20 ./Core/Src/button.o
                0x00000000200000e4                button_count
 .bss.spi_button
                0x0000000020000104        0x2 ./Core/Src/button.o
                0x0000000020000104                spi_button
 .bss.current_duty_cycle
                0x0000000020000106        0x1 ./Core/Src/buzzer.o
                0x0000000020000106                current_duty_cycle
 .bss.duty_cycle
                0x0000000020000107        0x1 ./Core/Src/buzzer.o
                0x0000000020000107                duty_cycle
 .bss.ds3231_buffer
                0x0000000020000108        0x7 ./Core/Src/ds3231.o
                0x0000000020000108                ds3231_buffer
 .bss.ds3231_hours
                0x000000002000010f        0x1 ./Core/Src/ds3231.o
                0x000000002000010f                ds3231_hours
 .bss.ds3231_min
                0x0000000020000110        0x1 ./Core/Src/ds3231.o
                0x0000000020000110                ds3231_min
 .bss.ds3231_sec
                0x0000000020000111        0x1 ./Core/Src/ds3231.o
                0x0000000020000111                ds3231_sec
 .bss.ds3231_date
                0x0000000020000112        0x1 ./Core/Src/ds3231.o
                0x0000000020000112                ds3231_date
 .bss.ds3231_day
                0x0000000020000113        0x1 ./Core/Src/ds3231.o
                0x0000000020000113                ds3231_day
 .bss.ds3231_month
                0x0000000020000114        0x1 ./Core/Src/ds3231.o
                0x0000000020000114                ds3231_month
 .bss.ds3231_year
                0x0000000020000115        0x1 ./Core/Src/ds3231.o
                0x0000000020000115                ds3231_year
 *fill*         0x0000000020000116        0x2 
 .bss.hsram1    0x0000000020000118       0x50 ./Core/Src/fsmc.o
                0x0000000020000118                hsram1
 .bss.FSMC_Initialized
                0x0000000020000168        0x4 ./Core/Src/fsmc.o
 .bss.hi2c1     0x000000002000016c       0x54 ./Core/Src/i2c.o
                0x000000002000016c                hi2c1
 .bss.lcddev    0x00000000200001c0        0x6 ./Core/Src/lcd.o
                0x00000000200001c0                lcddev
 .bss.colon_status
                0x00000000200001c6        0x1 ./Core/Src/led_7seg.o
                0x00000000200001c6                colon_status
 *fill*         0x00000000200001c7        0x1 
 .bss.led7_index
                0x00000000200001c8        0x4 ./Core/Src/led_7seg.o
                0x00000000200001c8                led7_index
 .bss.adc_receive
                0x00000000200001cc        0xa ./Core/Src/sensor.o
                0x00000000200001cc                adc_receive
 *fill*         0x00000000200001d6        0x2 
 .bss.Power     0x00000000200001d8        0x4 ./Core/Src/sensor.o
                0x00000000200001d8                Power
 .bss.Light     0x00000000200001dc        0x2 ./Core/Src/sensor.o
                0x00000000200001dc                Light
 .bss.Humidity  0x00000000200001de        0x2 ./Core/Src/sensor.o
                0x00000000200001de                Humidity
 .bss.flag_timer
                0x00000000200001e0        0x8 ./Core/Src/software_timer.o
                0x00000000200001e0                flag_timer
 .bss.timer_counter
                0x00000000200001e8        0x8 ./Core/Src/software_timer.o
                0x00000000200001e8                timer_counter
 .bss.hspi1     0x00000000200001f0       0x58 ./Core/Src/spi.o
                0x00000000200001f0                hspi1
 .bss.htim2     0x0000000020000248       0x48 ./Core/Src/tim.o
                0x0000000020000248                htim2
 .bss.htim13    0x0000000020000290       0x48 ./Core/Src/tim.o
                0x0000000020000290                htim13
 .bss.uwTick    0x00000000200002d8        0x4 ./Drivers/STM32F4xx_HAL_Driver/Src/stm32f4xx_hal.o
                0x00000000200002d8                uwTick
 *(COMMON)
                0x00000000200002dc                . = ALIGN (0x4)
                0x00000000200002dc                _ebss = .
                0x00000000200002dc                __bss_end__ = _ebss

._user_heap_stack
                0x00000000200002dc      0x604
                0x00000000200002e0                . = ALIGN (0x8)
 *fill*         0x00000000200002dc        0x4 
                [!provide]                        PROVIDE (end = .)
                0x00000000200002e0                PROVIDE (_end = .)
                0x00000000200004e0                . = (. + _Min_Heap_Size)
 *fill*         0x00000000200002e0      0x200 
                0x00000000200008e0                . = (. + _Min_Stack_Size)
 *fill*         0x00000000200004e0      0x400 
                0x00000000200008e0                . = ALIGN (0x8)

/DISCARD/
 libc.a(*)
 libm.a(*)
 libgcc.a(*)

.ARM.attributes
                0x0000000000000000       0x30
 *(.ARM.attributes)
 .ARM.attributes
                0x0000000000000000       0x1e D:/ProgramFiles/ST/STM32CubeIDE_1.13.2/STM32CubeIDE/plugins/com.st.stm32cube.ide.mcu.externaltools.gnu-tools-for-stm32.11.3.rel1.win32_1.1.1.202309131626/tools/bin/../lib/gcc/arm-none-eabi/11.3.1/thumb/v7e-m+fp/hard/crti.o
 .ARM.attributes
                0x000000000000001e       0x34 D:/ProgramFiles/ST/STM32CubeIDE_1.13.2/STM32CubeIDE/plugins/com.st.stm32cube.ide.mcu.externaltools.gnu-tools-for-stm32.11.3.rel1.win32_1.1.1.202309131626/tools/bin/../lib/gcc/arm-none-eabi/11.3.1/thumb/v7e-m+fp/hard/crtbegin.o
 .ARM.attributes
                0x0000000000000052       0x34 ./Core/Src/adc.o
 .ARM.attributes
                0x0000000000000086       0x34 ./Core/Src/button.o
 .ARM.attributes
                0x00000000000000ba       0x34 ./Core/Src/buzzer.o
 .ARM.attributes
                0x00000000000000ee       0x34 ./Core/Src/dma.o
 .ARM.attributes
                0x0000000000000122       0x34 ./Core/Src/ds3231.o
 .ARM.attributes
                0x0000000000000156       0x34 ./Core/Src/fsmc.o
 .ARM.attributes
                0x000000000000018a       0x34 ./Core/Src/gpio.o
 .ARM.attributes
                0x00000000000001be       0x34 ./Core/Src/i2c.o
 .ARM.attributes
                0x00000000000001f2       0x34 ./Core/Src/lcd.o
 .ARM.attributes
                0x0000000000000226       0x34 ./Core/Src/led_7seg.o
 .ARM.attributes
                0x000000000000025a       0x34 ./Core/Src/main.o
 .ARM.attributes
                0x000000000000028e       0x34 ./Core/Src/sensor.o
 .ARM.attributes
                0x00000000000002c2       0x34 ./Core/Src/software_timer.o
 .ARM.attributes
                0x00000000000002f6       0x34 ./Core/Src/spi.o
 .ARM.attributes
                0x000000000000032a       0x34 ./Core/Src/stm32f4xx_hal_msp.o
 .ARM.attributes
                0x000000000000035e       0x34 ./Core/Src/stm32f4xx_it.o
 .ARM.attributes
                0x0000000000000392       0x34 ./Core/Src/system_stm32f4xx.o
 .ARM.attributes
                0x00000000000003c6       0x34 ./Core/Src/tim.o
 .ARM.attributes
                0x00000000000003fa       0x34 ./Core/Src/utils.o
 .ARM.attributes
                0x000000000000042e       0x21 ./Core/Startup/startup_stm32f407zetx.o
 .ARM.attributes
                0x000000000000044f       0x34 ./Drivers/STM32F4xx_HAL_Driver/Src/stm32f4xx_hal.o
 .ARM.attributes
                0x0000000000000483       0x34 ./Drivers/STM32F4xx_HAL_Driver/Src/stm32f4xx_hal_adc.o
 .ARM.attributes
                0x00000000000004b7       0x34 ./Drivers/STM32F4xx_HAL_Driver/Src/stm32f4xx_hal_cortex.o
 .ARM.attributes
                0x00000000000004eb       0x34 ./Drivers/STM32F4xx_HAL_Driver/Src/stm32f4xx_hal_dma.o
 .ARM.attributes
                0x000000000000051f       0x34 ./Drivers/STM32F4xx_HAL_Driver/Src/stm32f4xx_hal_gpio.o
 .ARM.attributes
                0x0000000000000553       0x34 ./Drivers/STM32F4xx_HAL_Driver/Src/stm32f4xx_hal_i2c.o
 .ARM.attributes
                0x0000000000000587       0x34 ./Drivers/STM32F4xx_HAL_Driver/Src/stm32f4xx_hal_rcc.o
 .ARM.attributes
                0x00000000000005bb       0x34 ./Drivers/STM32F4xx_HAL_Driver/Src/stm32f4xx_hal_spi.o
 .ARM.attributes
                0x00000000000005ef       0x34 ./Drivers/STM32F4xx_HAL_Driver/Src/stm32f4xx_hal_sram.o
 .ARM.attributes
                0x0000000000000623       0x34 ./Drivers/STM32F4xx_HAL_Driver/Src/stm32f4xx_hal_tim.o
 .ARM.attributes
                0x0000000000000657       0x34 ./Drivers/STM32F4xx_HAL_Driver/Src/stm32f4xx_hal_tim_ex.o
 .ARM.attributes
                0x000000000000068b       0x34 ./Drivers/STM32F4xx_HAL_Driver/Src/stm32f4xx_ll_fsmc.o
 .ARM.attributes
                0x00000000000006bf       0x34 D:/ProgramFiles/ST/STM32CubeIDE_1.13.2/STM32CubeIDE/plugins/com.st.stm32cube.ide.mcu.externaltools.gnu-tools-for-stm32.11.3.rel1.win32_1.1.1.202309131626/tools/bin/../lib/gcc/arm-none-eabi/11.3.1/../../../../arm-none-eabi/lib/thumb/v7e-m+fp/hard\libc_nano.a(libc_a-memset.o)
 .ARM.attributes
                0x00000000000006f3       0x34 D:/ProgramFiles/ST/STM32CubeIDE_1.13.2/STM32CubeIDE/plugins/com.st.stm32cube.ide.mcu.externaltools.gnu-tools-for-stm32.11.3.rel1.win32_1.1.1.202309131626/tools/bin/../lib/gcc/arm-none-eabi/11.3.1/../../../../arm-none-eabi/lib/thumb/v7e-m+fp/hard\libc_nano.a(libc_a-init.o)
 .ARM.attributes
                0x0000000000000727       0x1e D:/ProgramFiles/ST/STM32CubeIDE_1.13.2/STM32CubeIDE/plugins/com.st.stm32cube.ide.mcu.externaltools.gnu-tools-for-stm32.11.3.rel1.win32_1.1.1.202309131626/tools/bin/../lib/gcc/arm-none-eabi/11.3.1/thumb/v7e-m+fp/hard\libgcc.a(_arm_addsubdf3.o)
 .ARM.attributes
                0x0000000000000745       0x1e D:/ProgramFiles/ST/STM32CubeIDE_1.13.2/STM32CubeIDE/plugins/com.st.stm32cube.ide.mcu.externaltools.gnu-tools-for-stm32.11.3.rel1.win32_1.1.1.202309131626/tools/bin/../lib/gcc/arm-none-eabi/11.3.1/thumb/v7e-m+fp/hard\libgcc.a(_arm_muldivdf3.o)
 .ARM.attributes
                0x0000000000000763       0x1e D:/ProgramFiles/ST/STM32CubeIDE_1.13.2/STM32CubeIDE/plugins/com.st.stm32cube.ide.mcu.externaltools.gnu-tools-for-stm32.11.3.rel1.win32_1.1.1.202309131626/tools/bin/../lib/gcc/arm-none-eabi/11.3.1/thumb/v7e-m+fp/hard\libgcc.a(_arm_truncdfsf2.o)
 .ARM.attributes
                0x0000000000000781       0x1e D:/ProgramFiles/ST/STM32CubeIDE_1.13.2/STM32CubeIDE/plugins/com.st.stm32cube.ide.mcu.externaltools.gnu-tools-for-stm32.11.3.rel1.win32_1.1.1.202309131626/tools/bin/../lib/gcc/arm-none-eabi/11.3.1/thumb/v7e-m+fp/hard\libgcc.a(_aeabi_uldivmod.o)
 .ARM.attributes
                0x000000000000079f       0x34 D:/ProgramFiles/ST/STM32CubeIDE_1.13.2/STM32CubeIDE/plugins/com.st.stm32cube.ide.mcu.externaltools.gnu-tools-for-stm32.11.3.rel1.win32_1.1.1.202309131626/tools/bin/../lib/gcc/arm-none-eabi/11.3.1/thumb/v7e-m+fp/hard\libgcc.a(_udivmoddi4.o)
 .ARM.attributes
                0x00000000000007d3       0x1e D:/ProgramFiles/ST/STM32CubeIDE_1.13.2/STM32CubeIDE/plugins/com.st.stm32cube.ide.mcu.externaltools.gnu-tools-for-stm32.11.3.rel1.win32_1.1.1.202309131626/tools/bin/../lib/gcc/arm-none-eabi/11.3.1/thumb/v7e-m+fp/hard\libgcc.a(_dvmd_tls.o)
 .ARM.attributes
                0x00000000000007f1       0x1e D:/ProgramFiles/ST/STM32CubeIDE_1.13.2/STM32CubeIDE/plugins/com.st.stm32cube.ide.mcu.externaltools.gnu-tools-for-stm32.11.3.rel1.win32_1.1.1.202309131626/tools/bin/../lib/gcc/arm-none-eabi/11.3.1/thumb/v7e-m+fp/hard/crtn.o
OUTPUT(Bai6_ADC_PWM.elf elf32-littlearm)
LOAD linker stubs
LOAD D:/ProgramFiles/ST/STM32CubeIDE_1.13.2/STM32CubeIDE/plugins/com.st.stm32cube.ide.mcu.externaltools.gnu-tools-for-stm32.11.3.rel1.win32_1.1.1.202309131626/tools/bin/../lib/gcc/arm-none-eabi/11.3.1/../../../../arm-none-eabi/lib/thumb/v7e-m+fp/hard\libc.a
LOAD D:/ProgramFiles/ST/STM32CubeIDE_1.13.2/STM32CubeIDE/plugins/com.st.stm32cube.ide.mcu.externaltools.gnu-tools-for-stm32.11.3.rel1.win32_1.1.1.202309131626/tools/bin/../lib/gcc/arm-none-eabi/11.3.1/../../../../arm-none-eabi/lib/thumb/v7e-m+fp/hard\libm.a
LOAD D:/ProgramFiles/ST/STM32CubeIDE_1.13.2/STM32CubeIDE/plugins/com.st.stm32cube.ide.mcu.externaltools.gnu-tools-for-stm32.11.3.rel1.win32_1.1.1.202309131626/tools/bin/../lib/gcc/arm-none-eabi/11.3.1/thumb/v7e-m+fp/hard\libgcc.a

.comment        0x0000000000000000       0x43
 .comment       0x0000000000000000       0x43 D:/ProgramFiles/ST/STM32CubeIDE_1.13.2/STM32CubeIDE/plugins/com.st.stm32cube.ide.mcu.externaltools.gnu-tools-for-stm32.11.3.rel1.win32_1.1.1.202309131626/tools/bin/../lib/gcc/arm-none-eabi/11.3.1/thumb/v7e-m+fp/hard/crtbegin.o
                                         0x44 (size before relaxing)
 .comment       0x0000000000000043       0x44 ./Core/Src/adc.o
 .comment       0x0000000000000043       0x44 ./Core/Src/button.o
 .comment       0x0000000000000043       0x44 ./Core/Src/buzzer.o
 .comment       0x0000000000000043       0x44 ./Core/Src/dma.o
 .comment       0x0000000000000043       0x44 ./Core/Src/ds3231.o
 .comment       0x0000000000000043       0x44 ./Core/Src/fsmc.o
 .comment       0x0000000000000043       0x44 ./Core/Src/gpio.o
 .comment       0x0000000000000043       0x44 ./Core/Src/i2c.o
 .comment       0x0000000000000043       0x44 ./Core/Src/lcd.o
 .comment       0x0000000000000043       0x44 ./Core/Src/led_7seg.o
 .comment       0x0000000000000043       0x44 ./Core/Src/main.o
 .comment       0x0000000000000043       0x44 ./Core/Src/sensor.o
 .comment       0x0000000000000043       0x44 ./Core/Src/software_timer.o
 .comment       0x0000000000000043       0x44 ./Core/Src/spi.o
 .comment       0x0000000000000043       0x44 ./Core/Src/stm32f4xx_hal_msp.o
 .comment       0x0000000000000043       0x44 ./Core/Src/stm32f4xx_it.o
 .comment       0x0000000000000043       0x44 ./Core/Src/system_stm32f4xx.o
 .comment       0x0000000000000043       0x44 ./Core/Src/tim.o
 .comment       0x0000000000000043       0x44 ./Core/Src/utils.o
 .comment       0x0000000000000043       0x44 ./Drivers/STM32F4xx_HAL_Driver/Src/stm32f4xx_hal.o
 .comment       0x0000000000000043       0x44 ./Drivers/STM32F4xx_HAL_Driver/Src/stm32f4xx_hal_adc.o
 .comment       0x0000000000000043       0x44 ./Drivers/STM32F4xx_HAL_Driver/Src/stm32f4xx_hal_cortex.o
 .comment       0x0000000000000043       0x44 ./Drivers/STM32F4xx_HAL_Driver/Src/stm32f4xx_hal_dma.o
 .comment       0x0000000000000043       0x44 ./Drivers/STM32F4xx_HAL_Driver/Src/stm32f4xx_hal_gpio.o
 .comment       0x0000000000000043       0x44 ./Drivers/STM32F4xx_HAL_Driver/Src/stm32f4xx_hal_i2c.o
 .comment       0x0000000000000043       0x44 ./Drivers/STM32F4xx_HAL_Driver/Src/stm32f4xx_hal_rcc.o
 .comment       0x0000000000000043       0x44 ./Drivers/STM32F4xx_HAL_Driver/Src/stm32f4xx_hal_spi.o
 .comment       0x0000000000000043       0x44 ./Drivers/STM32F4xx_HAL_Driver/Src/stm32f4xx_hal_sram.o
 .comment       0x0000000000000043       0x44 ./Drivers/STM32F4xx_HAL_Driver/Src/stm32f4xx_hal_tim.o
 .comment       0x0000000000000043       0x44 ./Drivers/STM32F4xx_HAL_Driver/Src/stm32f4xx_hal_tim_ex.o
 .comment       0x0000000000000043       0x44 ./Drivers/STM32F4xx_HAL_Driver/Src/stm32f4xx_ll_fsmc.o

.debug_info     0x0000000000000000    0x157fa
 .debug_info    0x0000000000000000      0x9f1 ./Core/Src/adc.o
 .debug_info    0x00000000000009f1      0x796 ./Core/Src/button.o
 .debug_info    0x0000000000001187      0x6ee ./Core/Src/buzzer.o
 .debug_info    0x0000000000001875      0x4ad ./Core/Src/dma.o
 .debug_info    0x0000000000001d22      0x7bf ./Core/Src/ds3231.o
 .debug_info    0x00000000000024e1      0x99a ./Core/Src/fsmc.o
 .debug_info    0x0000000000002e7b      0x479 ./Core/Src/gpio.o
 .debug_info    0x00000000000032f4      0x968 ./Core/Src/i2c.o
 .debug_info    0x0000000000003c5c      0xd9a ./Core/Src/lcd.o
 .debug_info    0x00000000000049f6      0x81d ./Core/Src/led_7seg.o
 .debug_info    0x0000000000005213      0x801 ./Core/Src/main.o
 .debug_info    0x0000000000005a14      0x6ef ./Core/Src/sensor.o
 .debug_info    0x0000000000006103      0x771 ./Core/Src/software_timer.o
 .debug_info    0x0000000000006874      0x943 ./Core/Src/spi.o
 .debug_info    0x00000000000071b7      0x269 ./Core/Src/stm32f4xx_hal_msp.o
 .debug_info    0x0000000000007420      0x70c ./Core/Src/stm32f4xx_it.o
 .debug_info    0x0000000000007b2c      0x512 ./Core/Src/system_stm32f4xx.o
 .debug_info    0x000000000000803e      0xe88 ./Core/Src/tim.o
 .debug_info    0x0000000000008ec6       0xd5 ./Core/Src/utils.o
 .debug_info    0x0000000000008f9b       0x23 ./Core/Startup/startup_stm32f407zetx.o
 .debug_info    0x0000000000008fbe      0x948 ./Drivers/STM32F4xx_HAL_Driver/Src/stm32f4xx_hal.o
 .debug_info    0x0000000000009906      0xcb6 ./Drivers/STM32F4xx_HAL_Driver/Src/stm32f4xx_hal_adc.o
 .debug_info    0x000000000000a5bc      0xd46 ./Drivers/STM32F4xx_HAL_Driver/Src/stm32f4xx_hal_cortex.o
 .debug_info    0x000000000000b302      0x8e7 ./Drivers/STM32F4xx_HAL_Driver/Src/stm32f4xx_hal_dma.o
 .debug_info    0x000000000000bbe9      0x6c3 ./Drivers/STM32F4xx_HAL_Driver/Src/stm32f4xx_hal_gpio.o
 .debug_info    0x000000000000c2ac     0x23e1 ./Drivers/STM32F4xx_HAL_Driver/Src/stm32f4xx_hal_i2c.o
 .debug_info    0x000000000000e68d      0x8b1 ./Drivers/STM32F4xx_HAL_Driver/Src/stm32f4xx_hal_rcc.o
 .debug_info    0x000000000000ef3e     0x15fb ./Drivers/STM32F4xx_HAL_Driver/Src/stm32f4xx_hal_spi.o
 .debug_info    0x0000000000010539      0xb3e ./Drivers/STM32F4xx_HAL_Driver/Src/stm32f4xx_hal_sram.o
 .debug_info    0x0000000000011077     0x2949 ./Drivers/STM32F4xx_HAL_Driver/Src/stm32f4xx_hal_tim.o
 .debug_info    0x00000000000139c0     0x14ae ./Drivers/STM32F4xx_HAL_Driver/Src/stm32f4xx_hal_tim_ex.o
 .debug_info    0x0000000000014e6e      0x98c ./Drivers/STM32F4xx_HAL_Driver/Src/stm32f4xx_ll_fsmc.o

.debug_abbrev   0x0000000000000000     0x3d75
 .debug_abbrev  0x0000000000000000      0x205 ./Core/Src/adc.o
 .debug_abbrev  0x0000000000000205      0x1f8 ./Core/Src/button.o
 .debug_abbrev  0x00000000000003fd      0x1b0 ./Core/Src/buzzer.o
 .debug_abbrev  0x00000000000005ad      0x10e ./Core/Src/dma.o
 .debug_abbrev  0x00000000000006bb      0x1d1 ./Core/Src/ds3231.o
 .debug_abbrev  0x000000000000088c      0x215 ./Core/Src/fsmc.o
 .debug_abbrev  0x0000000000000aa1      0x152 ./Core/Src/gpio.o
 .debug_abbrev  0x0000000000000bf3      0x1f1 ./Core/Src/i2c.o
 .debug_abbrev  0x0000000000000de4      0x341 ./Core/Src/lcd.o
 .debug_abbrev  0x0000000000001125      0x1db ./Core/Src/led_7seg.o
 .debug_abbrev  0x0000000000001300      0x25c ./Core/Src/main.o
 .debug_abbrev  0x000000000000155c      0x1b8 ./Core/Src/sensor.o
 .debug_abbrev  0x0000000000001714      0x1e3 ./Core/Src/software_timer.o
 .debug_abbrev  0x00000000000018f7      0x1f3 ./Core/Src/spi.o
 .debug_abbrev  0x0000000000001aea       0xd8 ./Core/Src/stm32f4xx_hal_msp.o
 .debug_abbrev  0x0000000000001bc2      0x194 ./Core/Src/stm32f4xx_it.o
 .debug_abbrev  0x0000000000001d56      0x11a ./Core/Src/system_stm32f4xx.o
 .debug_abbrev  0x0000000000001e70      0x225 ./Core/Src/tim.o
 .debug_abbrev  0x0000000000002095       0x86 ./Core/Src/utils.o
 .debug_abbrev  0x000000000000211b       0x12 ./Core/Startup/startup_stm32f407zetx.o
 .debug_abbrev  0x000000000000212d      0x213 ./Drivers/STM32F4xx_HAL_Driver/Src/stm32f4xx_hal.o
 .debug_abbrev  0x0000000000002340      0x252 ./Drivers/STM32F4xx_HAL_Driver/Src/stm32f4xx_hal_adc.o
 .debug_abbrev  0x0000000000002592      0x327 ./Drivers/STM32F4xx_HAL_Driver/Src/stm32f4xx_hal_cortex.o
 .debug_abbrev  0x00000000000028b9      0x264 ./Drivers/STM32F4xx_HAL_Driver/Src/stm32f4xx_hal_dma.o
 .debug_abbrev  0x0000000000002b1d      0x1d4 ./Drivers/STM32F4xx_HAL_Driver/Src/stm32f4xx_hal_gpio.o
 .debug_abbrev  0x0000000000002cf1      0x2ad ./Drivers/STM32F4xx_HAL_Driver/Src/stm32f4xx_hal_i2c.o
 .debug_abbrev  0x0000000000002f9e      0x2b6 ./Drivers/STM32F4xx_HAL_Driver/Src/stm32f4xx_hal_rcc.o
 .debug_abbrev  0x0000000000003254      0x284 ./Drivers/STM32F4xx_HAL_Driver/Src/stm32f4xx_hal_spi.o
 .debug_abbrev  0x00000000000034d8      0x208 ./Drivers/STM32F4xx_HAL_Driver/Src/stm32f4xx_hal_sram.o
 .debug_abbrev  0x00000000000036e0      0x271 ./Drivers/STM32F4xx_HAL_Driver/Src/stm32f4xx_hal_tim.o
 .debug_abbrev  0x0000000000003951      0x27c ./Drivers/STM32F4xx_HAL_Driver/Src/stm32f4xx_hal_tim_ex.o
 .debug_abbrev  0x0000000000003bcd      0x1a8 ./Drivers/STM32F4xx_HAL_Driver/Src/stm32f4xx_ll_fsmc.o

.debug_aranges  0x0000000000000000     0x1440
 .debug_aranges
                0x0000000000000000       0x30 ./Core/Src/adc.o
 .debug_aranges
                0x0000000000000030       0x38 ./Core/Src/button.o
 .debug_aranges
                0x0000000000000068       0x28 ./Core/Src/buzzer.o
 .debug_aranges
                0x0000000000000090       0x20 ./Core/Src/dma.o
 .debug_aranges
                0x00000000000000b0       0x30 ./Core/Src/ds3231.o
 .debug_aranges
                0x00000000000000e0       0x40 ./Core/Src/fsmc.o
 .debug_aranges
                0x0000000000000120       0x20 ./Core/Src/gpio.o
 .debug_aranges
                0x0000000000000140       0x30 ./Core/Src/i2c.o
 .debug_aranges
                0x0000000000000170       0xd8 ./Core/Src/lcd.o
 .debug_aranges
                0x0000000000000248       0x48 ./Core/Src/led_7seg.o
 .debug_aranges
                0x0000000000000290       0x60 ./Core/Src/main.o
 .debug_aranges
                0x00000000000002f0       0x50 ./Core/Src/sensor.o
 .debug_aranges
                0x0000000000000340       0x38 ./Core/Src/software_timer.o
 .debug_aranges
                0x0000000000000378       0x30 ./Core/Src/spi.o
 .debug_aranges
                0x00000000000003a8       0x20 ./Core/Src/stm32f4xx_hal_msp.o
 .debug_aranges
                0x00000000000003c8       0x70 ./Core/Src/stm32f4xx_it.o
 .debug_aranges
                0x0000000000000438       0x28 ./Core/Src/system_stm32f4xx.o
 .debug_aranges
                0x0000000000000460       0x40 ./Core/Src/tim.o
 .debug_aranges
                0x00000000000004a0       0x28 ./Core/Src/utils.o
 .debug_aranges
                0x00000000000004c8       0x28 ./Core/Startup/startup_stm32f407zetx.o
 .debug_aranges
                0x00000000000004f0       0xf0 ./Drivers/STM32F4xx_HAL_Driver/Src/stm32f4xx_hal.o
 .debug_aranges
                0x00000000000005e0       0xe8 ./Drivers/STM32F4xx_HAL_Driver/Src/stm32f4xx_hal_adc.o
 .debug_aranges
                0x00000000000006c8      0x118 ./Drivers/STM32F4xx_HAL_Driver/Src/stm32f4xx_hal_cortex.o
 .debug_aranges
                0x00000000000007e0       0x90 ./Drivers/STM32F4xx_HAL_Driver/Src/stm32f4xx_hal_dma.o
 .debug_aranges
                0x0000000000000870       0x58 ./Drivers/STM32F4xx_HAL_Driver/Src/stm32f4xx_hal_gpio.o
 .debug_aranges
                0x00000000000008c8      0x2a0 ./Drivers/STM32F4xx_HAL_Driver/Src/stm32f4xx_hal_i2c.o
 .debug_aranges
                0x0000000000000b68       0x88 ./Drivers/STM32F4xx_HAL_Driver/Src/stm32f4xx_hal_rcc.o
 .debug_aranges
                0x0000000000000bf0      0x1d0 ./Drivers/STM32F4xx_HAL_Driver/Src/stm32f4xx_hal_spi.o
 .debug_aranges
                0x0000000000000dc0       0xa0 ./Drivers/STM32F4xx_HAL_Driver/Src/stm32f4xx_hal_sram.o
 .debug_aranges
                0x0000000000000e60      0x3d0 ./Drivers/STM32F4xx_HAL_Driver/Src/stm32f4xx_hal_tim.o
 .debug_aranges
                0x0000000000001230      0x168 ./Drivers/STM32F4xx_HAL_Driver/Src/stm32f4xx_hal_tim_ex.o
 .debug_aranges
                0x0000000000001398       0xa8 ./Drivers/STM32F4xx_HAL_Driver/Src/stm32f4xx_ll_fsmc.o

.debug_rnglists
                0x0000000000000000      0xf95
 .debug_rnglists
                0x0000000000000000       0x21 ./Core/Src/adc.o
 .debug_rnglists
                0x0000000000000021       0x26 ./Core/Src/button.o
 .debug_rnglists
                0x0000000000000047       0x19 ./Core/Src/buzzer.o
 .debug_rnglists
                0x0000000000000060       0x13 ./Core/Src/dma.o
 .debug_rnglists
                0x0000000000000073       0x20 ./Core/Src/ds3231.o
 .debug_rnglists
                0x0000000000000093       0x2d ./Core/Src/fsmc.o
 .debug_rnglists
                0x00000000000000c0       0x14 ./Core/Src/gpio.o
 .debug_rnglists
                0x00000000000000d4       0x20 ./Core/Src/i2c.o
 .debug_rnglists
                0x00000000000000f4       0xa8 ./Core/Src/lcd.o
 .debug_rnglists
                0x000000000000019c       0x32 ./Core/Src/led_7seg.o
 .debug_rnglists
                0x00000000000001ce       0x48 ./Core/Src/main.o
 .debug_rnglists
                0x0000000000000216       0x38 ./Core/Src/sensor.o
 .debug_rnglists
                0x000000000000024e       0x25 ./Core/Src/software_timer.o
 .debug_rnglists
                0x0000000000000273       0x20 ./Core/Src/spi.o
 .debug_rnglists
                0x0000000000000293       0x13 ./Core/Src/stm32f4xx_hal_msp.o
 .debug_rnglists
                0x00000000000002a6       0x4f ./Core/Src/stm32f4xx_it.o
 .debug_rnglists
                0x00000000000002f5       0x1a ./Core/Src/system_stm32f4xx.o
 .debug_rnglists
                0x000000000000030f       0x2d ./Core/Src/tim.o
 .debug_rnglists
                0x000000000000033c       0x19 ./Core/Src/utils.o
 .debug_rnglists
                0x0000000000000355       0x19 ./Core/Startup/startup_stm32f407zetx.o
 .debug_rnglists
                0x000000000000036e       0xaf ./Drivers/STM32F4xx_HAL_Driver/Src/stm32f4xx_hal.o
 .debug_rnglists
                0x000000000000041d       0xb5 ./Drivers/STM32F4xx_HAL_Driver/Src/stm32f4xx_hal_adc.o
 .debug_rnglists
                0x00000000000004d2       0xce ./Drivers/STM32F4xx_HAL_Driver/Src/stm32f4xx_hal_cortex.o
 .debug_rnglists
                0x00000000000005a0       0x70 ./Drivers/STM32F4xx_HAL_Driver/Src/stm32f4xx_hal_dma.o
 .debug_rnglists
                0x0000000000000610       0x3f ./Drivers/STM32F4xx_HAL_Driver/Src/stm32f4xx_hal_gpio.o
 .debug_rnglists
                0x000000000000064f      0x23f ./Drivers/STM32F4xx_HAL_Driver/Src/stm32f4xx_hal_i2c.o
 .debug_rnglists
                0x000000000000088e       0x66 ./Drivers/STM32F4xx_HAL_Driver/Src/stm32f4xx_hal_rcc.o
 .debug_rnglists
                0x00000000000008f4      0x16f ./Drivers/STM32F4xx_HAL_Driver/Src/stm32f4xx_hal_spi.o
 .debug_rnglists
                0x0000000000000a63       0x76 ./Drivers/STM32F4xx_HAL_Driver/Src/stm32f4xx_hal_sram.o
 .debug_rnglists
                0x0000000000000ad9      0x31a ./Drivers/STM32F4xx_HAL_Driver/Src/stm32f4xx_hal_tim.o
 .debug_rnglists
                0x0000000000000df3      0x125 ./Drivers/STM32F4xx_HAL_Driver/Src/stm32f4xx_hal_tim_ex.o
 .debug_rnglists
                0x0000000000000f18       0x7d ./Drivers/STM32F4xx_HAL_Driver/Src/stm32f4xx_ll_fsmc.o

.debug_macro    0x0000000000000000    0x254ca
 .debug_macro   0x0000000000000000      0x244 ./Core/Src/adc.o
 .debug_macro   0x0000000000000244      0xaa8 ./Core/Src/adc.o
 .debug_macro   0x0000000000000cec      0x2ad ./Core/Src/adc.o
 .debug_macro   0x0000000000000f99       0x2e ./Core/Src/adc.o
 .debug_macro   0x0000000000000fc7       0x2f ./Core/Src/adc.o
 .debug_macro   0x0000000000000ff6       0x22 ./Core/Src/adc.o
 .debug_macro   0x0000000000001018       0x8e ./Core/Src/adc.o
 .debug_macro   0x00000000000010a6       0x51 ./Core/Src/adc.o
 .debug_macro   0x00000000000010f7      0x103 ./Core/Src/adc.o
 .debug_macro   0x00000000000011fa       0x6a ./Core/Src/adc.o
 .debug_macro   0x0000000000001264      0x1df ./Core/Src/adc.o
 .debug_macro   0x0000000000001443       0x1c ./Core/Src/adc.o
 .debug_macro   0x000000000000145f       0x22 ./Core/Src/adc.o
 .debug_macro   0x0000000000001481       0xd9 ./Core/Src/adc.o
 .debug_macro   0x000000000000155a     0x102d ./Core/Src/adc.o
 .debug_macro   0x0000000000002587      0x11f ./Core/Src/adc.o
 .debug_macro   0x00000000000026a6    0x15e58 ./Core/Src/adc.o
 .debug_macro   0x00000000000184fe       0x6d ./Core/Src/adc.o
 .debug_macro   0x000000000001856b     0x3666 ./Core/Src/adc.o
 .debug_macro   0x000000000001bbd1      0x174 ./Core/Src/adc.o
 .debug_macro   0x000000000001bd45       0x5c ./Core/Src/adc.o
 .debug_macro   0x000000000001bda1      0x96b ./Core/Src/adc.o
 .debug_macro   0x000000000001c70c      0x9fe ./Core/Src/adc.o
 .debug_macro   0x000000000001d10a      0x116 ./Core/Src/adc.o
 .debug_macro   0x000000000001d220      0x13e ./Core/Src/adc.o
 .debug_macro   0x000000000001d35e       0xa5 ./Core/Src/adc.o
 .debug_macro   0x000000000001d403      0x174 ./Core/Src/adc.o
 .debug_macro   0x000000000001d577      0x287 ./Core/Src/adc.o
 .debug_macro   0x000000000001d7fe       0x5f ./Core/Src/adc.o
 .debug_macro   0x000000000001d85d      0x236 ./Core/Src/adc.o
 .debug_macro   0x000000000001da93      0xb5b ./Core/Src/adc.o
 .debug_macro   0x000000000001e5ee      0x38b ./Core/Src/adc.o
 .debug_macro   0x000000000001e979      0x176 ./Core/Src/adc.o
 .debug_macro   0x000000000001eaef       0xf9 ./Core/Src/adc.o
 .debug_macro   0x000000000001ebe8      0x12c ./Core/Src/adc.o
 .debug_macro   0x000000000001ed14      0x21e ./Core/Src/adc.o
 .debug_macro   0x000000000001ef32       0x2e ./Core/Src/adc.o
 .debug_macro   0x000000000001ef60      0x543 ./Core/Src/adc.o
 .debug_macro   0x000000000001f4a3      0x1b5 ./Core/Src/adc.o
 .debug_macro   0x000000000001f658       0xd6 ./Core/Src/adc.o
 .debug_macro   0x000000000001f72e      0x11a ./Core/Src/adc.o
 .debug_macro   0x000000000001f848       0x7e ./Core/Src/adc.o
 .debug_macro   0x000000000001f8c6       0x89 ./Core/Src/adc.o
 .debug_macro   0x000000000001f94f      0x225 ./Core/Src/adc.o
 .debug_macro   0x000000000001fb74      0x8d1 ./Core/Src/adc.o
 .debug_macro   0x0000000000020445       0x47 ./Core/Src/adc.o
 .debug_macro   0x000000000002048c      0x12d ./Core/Src/adc.o
 .debug_macro   0x00000000000205b9       0x88 ./Core/Src/adc.o
 .debug_macro   0x0000000000020641      0x25d ./Core/Src/button.o
 .debug_macro   0x000000000002089e       0x10 ./Core/Src/button.o
 .debug_macro   0x00000000000208ae      0x24e ./Core/Src/buzzer.o
 .debug_macro   0x0000000000020afc      0x244 ./Core/Src/dma.o
 .debug_macro   0x0000000000020d40      0x263 ./Core/Src/ds3231.o
 .debug_macro   0x0000000000020fa3       0x2e ./Core/Src/ds3231.o
 .debug_macro   0x0000000000020fd1      0x244 ./Core/Src/fsmc.o
 .debug_macro   0x0000000000021215      0x244 ./Core/Src/gpio.o
 .debug_macro   0x0000000000021459      0x244 ./Core/Src/i2c.o
 .debug_macro   0x000000000002169d      0x359 ./Core/Src/lcd.o
 .debug_macro   0x00000000000219f6       0x2a ./Core/Src/lcd.o
 .debug_macro   0x0000000000021a20       0x61 ./Core/Src/lcd.o
 .debug_macro   0x0000000000021a81       0x43 ./Core/Src/lcd.o
 .debug_macro   0x0000000000021ac4       0x34 ./Core/Src/lcd.o
 .debug_macro   0x0000000000021af8       0x16 ./Core/Src/lcd.o
 .debug_macro   0x0000000000021b0e       0x35 ./Core/Src/lcd.o
 .debug_macro   0x0000000000021b43       0x16 ./Core/Src/lcd.o
 .debug_macro   0x0000000000021b59       0x43 ./Core/Src/lcd.o
 .debug_macro   0x0000000000021b9c       0x34 ./Core/Src/lcd.o
 .debug_macro   0x0000000000021bd0       0x10 ./Core/Src/lcd.o
 .debug_macro   0x0000000000021be0       0x58 ./Core/Src/lcd.o
 .debug_macro   0x0000000000021c38       0x8e ./Core/Src/lcd.o
 .debug_macro   0x0000000000021cc6       0x1c ./Core/Src/lcd.o
 .debug_macro   0x0000000000021ce2      0x177 ./Core/Src/lcd.o
 .debug_macro   0x0000000000021e59      0x369 ./Core/Src/lcd.o
 .debug_macro   0x00000000000221c2       0x16 ./Core/Src/lcd.o
 .debug_macro   0x00000000000221d8       0x29 ./Core/Src/lcd.o
 .debug_macro   0x0000000000022201       0x16 ./Core/Src/lcd.o
 .debug_macro   0x0000000000022217       0x20 ./Core/Src/lcd.o
 .debug_macro   0x0000000000022237       0xca ./Core/Src/lcd.o
 .debug_macro   0x0000000000022301      0x24e ./Core/Src/led_7seg.o
 .debug_macro   0x000000000002254f      0x407 ./Core/Src/main.o
 .debug_macro   0x0000000000022956       0x22 ./Core/Src/main.o
 .debug_macro   0x0000000000022978       0x22 ./Core/Src/main.o
 .debug_macro   0x000000000002299a      0x253 ./Core/Src/sensor.o
 .debug_macro   0x0000000000022bed      0x253 ./Core/Src/software_timer.o
 .debug_macro   0x0000000000022e40      0x244 ./Core/Src/spi.o
 .debug_macro   0x0000000000023084      0x23a ./Core/Src/stm32f4xx_hal_msp.o
 .debug_macro   0x00000000000232be      0x244 ./Core/Src/stm32f4xx_it.o
 .debug_macro   0x0000000000023502      0x22b ./Core/Src/system_stm32f4xx.o
 .debug_macro   0x000000000002372d      0x244 ./Core/Src/tim.o
 .debug_macro   0x0000000000023971       0x6d ./Core/Src/utils.o
 .debug_macro   0x00000000000239de      0x28b ./Drivers/STM32F4xx_HAL_Driver/Src/stm32f4xx_hal.o
 .debug_macro   0x0000000000023c69      0x22c ./Drivers/STM32F4xx_HAL_Driver/Src/stm32f4xx_hal_adc.o
 .debug_macro   0x0000000000023e95      0x22b ./Drivers/STM32F4xx_HAL_Driver/Src/stm32f4xx_hal_cortex.o
 .debug_macro   0x00000000000240c0      0x231 ./Drivers/STM32F4xx_HAL_Driver/Src/stm32f4xx_hal_dma.o
 .debug_macro   0x00000000000242f1      0x231 ./Drivers/STM32F4xx_HAL_Driver/Src/stm32f4xx_hal_gpio.o
 .debug_macro   0x0000000000024522      0x272 ./Drivers/STM32F4xx_HAL_Driver/Src/stm32f4xx_hal_i2c.o
 .debug_macro   0x0000000000024794      0x24f ./Drivers/STM32F4xx_HAL_Driver/Src/stm32f4xx_hal_rcc.o
 .debug_macro   0x00000000000249e3      0x23a ./Drivers/STM32F4xx_HAL_Driver/Src/stm32f4xx_hal_spi.o
 .debug_macro   0x0000000000024c1d      0x22b ./Drivers/STM32F4xx_HAL_Driver/Src/stm32f4xx_hal_sram.o
 .debug_macro   0x0000000000024e48      0x22c ./Drivers/STM32F4xx_HAL_Driver/Src/stm32f4xx_hal_tim.o
 .debug_macro   0x0000000000025074      0x22b ./Drivers/STM32F4xx_HAL_Driver/Src/stm32f4xx_hal_tim_ex.o
 .debug_macro   0x000000000002529f      0x22b ./Drivers/STM32F4xx_HAL_Driver/Src/stm32f4xx_ll_fsmc.o

.debug_line     0x0000000000000000    0x1c59f
 .debug_line    0x0000000000000000      0x8e0 ./Core/Src/adc.o
 .debug_line    0x00000000000008e0      0x8b4 ./Core/Src/button.o
 .debug_line    0x0000000000001194      0x813 ./Core/Src/buzzer.o
 .debug_line    0x00000000000019a7      0x7ec ./Core/Src/dma.o
 .debug_line    0x0000000000002193      0x887 ./Core/Src/ds3231.o
 .debug_line    0x0000000000002a1a      0x8f1 ./Core/Src/fsmc.o
 .debug_line    0x000000000000330b      0x850 ./Core/Src/gpio.o
 .debug_line    0x0000000000003b5b      0x85a ./Core/Src/i2c.o
 .debug_line    0x00000000000043b5     0x117e ./Core/Src/lcd.o
 .debug_line    0x0000000000005533      0x8e9 ./Core/Src/led_7seg.o
 .debug_line    0x0000000000005e1c      0xcc4 ./Core/Src/main.o
 .debug_line    0x0000000000006ae0      0x8ad ./Core/Src/sensor.o
 .debug_line    0x000000000000738d      0x874 ./Core/Src/software_timer.o
 .debug_line    0x0000000000007c01      0x862 ./Core/Src/spi.o
 .debug_line    0x0000000000008463      0x7f1 ./Core/Src/stm32f4xx_hal_msp.o
 .debug_line    0x0000000000008c54      0x8e3 ./Core/Src/stm32f4xx_it.o
 .debug_line    0x0000000000009537      0x872 ./Core/Src/system_stm32f4xx.o
 .debug_line    0x0000000000009da9      0x8ff ./Core/Src/tim.o
 .debug_line    0x000000000000a6a8      0x446 ./Core/Src/utils.o
 .debug_line    0x000000000000aaee       0x7a ./Core/Startup/startup_stm32f407zetx.o
 .debug_line    0x000000000000ab68      0xad8 ./Drivers/STM32F4xx_HAL_Driver/Src/stm32f4xx_hal.o
 .debug_line    0x000000000000b640     0x1356 ./Drivers/STM32F4xx_HAL_Driver/Src/stm32f4xx_hal_adc.o
 .debug_line    0x000000000000c996      0xd87 ./Drivers/STM32F4xx_HAL_Driver/Src/stm32f4xx_hal_cortex.o
 .debug_line    0x000000000000d71d     0x103f ./Drivers/STM32F4xx_HAL_Driver/Src/stm32f4xx_hal_dma.o
 .debug_line    0x000000000000e75c      0xc4e ./Drivers/STM32F4xx_HAL_Driver/Src/stm32f4xx_hal_gpio.o
 .debug_line    0x000000000000f3aa     0x3a91 ./Drivers/STM32F4xx_HAL_Driver/Src/stm32f4xx_hal_i2c.o
 .debug_line    0x0000000000012e3b      0xe51 ./Drivers/STM32F4xx_HAL_Driver/Src/stm32f4xx_hal_rcc.o
 .debug_line    0x0000000000013c8c     0x1d67 ./Drivers/STM32F4xx_HAL_Driver/Src/stm32f4xx_hal_spi.o
 .debug_line    0x00000000000159f3      0xc7a ./Drivers/STM32F4xx_HAL_Driver/Src/stm32f4xx_hal_sram.o
 .debug_line    0x000000000001666d     0x37d0 ./Drivers/STM32F4xx_HAL_Driver/Src/stm32f4xx_hal_tim.o
 .debug_line    0x0000000000019e3d     0x1ad5 ./Drivers/STM32F4xx_HAL_Driver/Src/stm32f4xx_hal_tim_ex.o
 .debug_line    0x000000000001b912      0xc8d ./Drivers/STM32F4xx_HAL_Driver/Src/stm32f4xx_ll_fsmc.o

.debug_str      0x0000000000000000    0xdc643
 .debug_str     0x0000000000000000    0xd3e18 ./Core/Src/adc.o
                                      0xd4140 (size before relaxing)
 .debug_str     0x00000000000d3e18      0x2bb ./Core/Src/button.o
                                      0xd4061 (size before relaxing)
 .debug_str     0x00000000000d40d3      0x2e1 ./Core/Src/buzzer.o
                                      0xd40a8 (size before relaxing)
 .debug_str     0x00000000000d43b4      0x52c ./Core/Src/dma.o
                                      0xd40fa (size before relaxing)
 .debug_str     0x00000000000d48e0      0x3f7 ./Core/Src/ds3231.o
                                      0xd418a (size before relaxing)
 .debug_str     0x00000000000d4cd7      0x290 ./Core/Src/fsmc.o
                                      0xd41fa (size before relaxing)
 .debug_str     0x00000000000d4f67       0x20 ./Core/Src/gpio.o
                                      0xd3ca8 (size before relaxing)
 .debug_str     0x00000000000d4f87       0x58 ./Core/Src/i2c.o
                                      0xd41d7 (size before relaxing)
 .debug_str     0x00000000000d4fdf     0x36de ./Core/Src/lcd.o
                                      0xd725b (size before relaxing)
 .debug_str     0x00000000000d86bd       0xb6 ./Core/Src/led_7seg.o
                                      0xd407f (size before relaxing)
 .debug_str     0x00000000000d8773      0x3b2 ./Core/Src/main.o
                                      0xd7692 (size before relaxing)
 .debug_str     0x00000000000d8b25       0x33 ./Core/Src/sensor.o
                                      0xd401c (size before relaxing)
 .debug_str     0x00000000000d8b58       0x7c ./Core/Src/software_timer.o
                                      0xd4158 (size before relaxing)
 .debug_str     0x00000000000d8bd4       0x4b ./Core/Src/spi.o
                                      0xd4134 (size before relaxing)
 .debug_str     0x00000000000d8c1f       0x2c ./Core/Src/stm32f4xx_hal_msp.o
                                      0xd3bdd (size before relaxing)
 .debug_str     0x00000000000d8c4b      0x117 ./Core/Src/stm32f4xx_it.o
                                      0xd40f6 (size before relaxing)
 .debug_str     0x00000000000d8d62       0xdb ./Core/Src/system_stm32f4xx.o
                                      0xd3a6b (size before relaxing)
 .debug_str     0x00000000000d8e3d      0x1ef ./Core/Src/tim.o
                                      0xd4911 (size before relaxing)
 .debug_str     0x00000000000d902c       0x14 ./Core/Src/utils.o
                                       0x3d28 (size before relaxing)
 .debug_str     0x00000000000d9040       0x34 ./Core/Startup/startup_stm32f407zetx.o
                                         0x89 (size before relaxing)
 .debug_str     0x00000000000d9074      0x603 ./Drivers/STM32F4xx_HAL_Driver/Src/stm32f4xx_hal.o
                                      0xd45ef (size before relaxing)
 .debug_str     0x00000000000d9677      0x2a7 ./Drivers/STM32F4xx_HAL_Driver/Src/stm32f4xx_hal_adc.o
                                      0xd4049 (size before relaxing)
 .debug_str     0x00000000000d991e      0x326 ./Drivers/STM32F4xx_HAL_Driver/Src/stm32f4xx_hal_cortex.o
                                      0xd4322 (size before relaxing)
 .debug_str     0x00000000000d9c44      0x2c7 ./Drivers/STM32F4xx_HAL_Driver/Src/stm32f4xx_hal_dma.o
                                      0xd3e85 (size before relaxing)
 .debug_str     0x00000000000d9f0b      0x11c ./Drivers/STM32F4xx_HAL_Driver/Src/stm32f4xx_hal_gpio.o
                                      0xd3be6 (size before relaxing)
 .debug_str     0x00000000000da027      0xa98 ./Drivers/STM32F4xx_HAL_Driver/Src/stm32f4xx_hal_i2c.o
                                      0xd4a36 (size before relaxing)
 .debug_str     0x00000000000daabf      0x213 ./Drivers/STM32F4xx_HAL_Driver/Src/stm32f4xx_hal_rcc.o
                                      0xd3e9f (size before relaxing)
 .debug_str     0x00000000000dacd2      0x536 ./Drivers/STM32F4xx_HAL_Driver/Src/stm32f4xx_hal_spi.o
                                      0xd432f (size before relaxing)
 .debug_str     0x00000000000db208      0x1a6 ./Drivers/STM32F4xx_HAL_Driver/Src/stm32f4xx_hal_sram.o
                                      0xd4012 (size before relaxing)
 .debug_str     0x00000000000db3ae      0xcfd ./Drivers/STM32F4xx_HAL_Driver/Src/stm32f4xx_hal_tim.o
                                      0xd4de5 (size before relaxing)
 .debug_str     0x00000000000dc0ab      0x493 ./Drivers/STM32F4xx_HAL_Driver/Src/stm32f4xx_hal_tim_ex.o
                                      0xd4601 (size before relaxing)
 .debug_str     0x00000000000dc53e      0x105 ./Drivers/STM32F4xx_HAL_Driver/Src/stm32f4xx_ll_fsmc.o
                                      0xd3e1a (size before relaxing)

.debug_frame    0x0000000000000000     0x5354
 .debug_frame   0x0000000000000000       0x7c ./Core/Src/adc.o
 .debug_frame   0x000000000000007c       0x90 ./Core/Src/button.o
 .debug_frame   0x000000000000010c       0x54 ./Core/Src/buzzer.o
 .debug_frame   0x0000000000000160       0x34 ./Core/Src/dma.o
 .debug_frame   0x0000000000000194       0x74 ./Core/Src/ds3231.o
 .debug_frame   0x0000000000000208       0xbc ./Core/Src/fsmc.o
 .debug_frame   0x00000000000002c4       0x34 ./Core/Src/gpio.o
 .debug_frame   0x00000000000002f8       0x74 ./Core/Src/i2c.o
 .debug_frame   0x000000000000036c      0x394 ./Core/Src/lcd.o
 .debug_frame   0x0000000000000700       0xe8 ./Core/Src/led_7seg.o
 .debug_frame   0x00000000000007e8      0x12c ./Core/Src/main.o
 .debug_frame   0x0000000000000914       0xe0 ./Core/Src/sensor.o
 .debug_frame   0x00000000000009f4       0xa0 ./Core/Src/software_timer.o
 .debug_frame   0x0000000000000a94       0x74 ./Core/Src/spi.o