Archive member included to satisfy reference by file (symbol)

c:/st/stm32cubeide_1.7.0/stm32cubeide/plugins/com.st.stm32cube.ide.mcu.externaltools.gnu-tools-for-stm32.9-2020-q2-update.win32_2.0.0.202105311346/tools/bin/../lib/gcc/arm-none-eabi/9.3.1/../../../../arm-none-eabi/lib/thumb/v7e-m+fp/hard\libc_nano.a(lib_a-errno.o)
                              ./Core/Src/syscalls.o (__errno)
c:/st/stm32cubeide_1.7.0/stm32cubeide/plugins/com.st.stm32cube.ide.mcu.externaltools.gnu-tools-for-stm32.9-2020-q2-update.win32_2.0.0.202105311346/tools/bin/../lib/gcc/arm-none-eabi/9.3.1/../../../../arm-none-eabi/lib/thumb/v7e-m+fp/hard\libc_nano.a(lib_a-exit.o)
                              c:/st/stm32cubeide_1.7.0/stm32cubeide/plugins/com.st.stm32cube.ide.mcu.externaltools.gnu-tools-for-stm32.9-2020-q2-update.win32_2.0.0.202105311346/tools/bin/../lib/gcc/arm-none-eabi/9.3.1/../../../../arm-none-eabi/lib/thumb/v7e-m+fp/hard/crt0.o (exit)
c:/st/stm32cubeide_1.7.0/stm32cubeide/plugins/com.st.stm32cube.ide.mcu.externaltools.gnu-tools-for-stm32.9-2020-q2-update.win32_2.0.0.202105311346/tools/bin/../lib/gcc/arm-none-eabi/9.3.1/../../../../arm-none-eabi/lib/thumb/v7e-m+fp/hard\libc_nano.a(lib_a-impure.o)
                              c:/st/stm32cubeide_1.7.0/stm32cubeide/plugins/com.st.stm32cube.ide.mcu.externaltools.gnu-tools-for-stm32.9-2020-q2-update.win32_2.0.0.202105311346/tools/bin/../lib/gcc/arm-none-eabi/9.3.1/../../../../arm-none-eabi/lib/thumb/v7e-m+fp/hard\libc_nano.a(lib_a-exit.o) (_global_impure_ptr)
c:/st/stm32cubeide_1.7.0/stm32cubeide/plugins/com.st.stm32cube.ide.mcu.externaltools.gnu-tools-for-stm32.9-2020-q2-update.win32_2.0.0.202105311346/tools/bin/../lib/gcc/arm-none-eabi/9.3.1/../../../../arm-none-eabi/lib/thumb/v7e-m+fp/hard\libc_nano.a(lib_a-init.o)
                              c:/st/stm32cubeide_1.7.0/stm32cubeide/plugins/com.st.stm32cube.ide.mcu.externaltools.gnu-tools-for-stm32.9-2020-q2-update.win32_2.0.0.202105311346/tools/bin/../lib/gcc/arm-none-eabi/9.3.1/../../../../arm-none-eabi/lib/thumb/v7e-m+fp/hard/crt0.o (__libc_init_array)
c:/st/stm32cubeide_1.7.0/stm32cubeide/plugins/com.st.stm32cube.ide.mcu.externaltools.gnu-tools-for-stm32.9-2020-q2-update.win32_2.0.0.202105311346/tools/bin/../lib/gcc/arm-none-eabi/9.3.1/../../../../arm-none-eabi/lib/thumb/v7e-m+fp/hard\libc_nano.a(lib_a-memset.o)
                              c:/st/stm32cubeide_1.7.0/stm32cubeide/plugins/com.st.stm32cube.ide.mcu.externaltools.gnu-tools-for-stm32.9-2020-q2-update.win32_2.0.0.202105311346/tools/bin/../lib/gcc/arm-none-eabi/9.3.1/../../../../arm-none-eabi/lib/thumb/v7e-m+fp/hard/crt0.o (memset)
c:/st/stm32cubeide_1.7.0/stm32cubeide/plugins/com.st.stm32cube.ide.mcu.externaltools.gnu-tools-for-stm32.9-2020-q2-update.win32_2.0.0.202105311346/tools/bin/../lib/gcc/arm-none-eabi/9.3.1/../../../../arm-none-eabi/lib/thumb/v7e-m+fp/hard\libc_nano.a(lib_a-strlen.o)
                              ./Core/Src/lcd.o (strlen)
c:/st/stm32cubeide_1.7.0/stm32cubeide/plugins/com.st.stm32cube.ide.mcu.externaltools.gnu-tools-for-stm32.9-2020-q2-update.win32_2.0.0.202105311346/tools/bin/../lib/gcc/arm-none-eabi/9.3.1/thumb/v7e-m+fp/hard\libgcc.a(_aeabi_uldivmod.o)
                              ./Drivers/STM32F4xx_HAL_Driver/Src/stm32f4xx_hal_rcc.o (__aeabi_uldivmod)
c:/st/stm32cubeide_1.7.0/stm32cubeide/plugins/com.st.stm32cube.ide.mcu.externaltools.gnu-tools-for-stm32.9-2020-q2-update.win32_2.0.0.202105311346/tools/bin/../lib/gcc/arm-none-eabi/9.3.1/thumb/v7e-m+fp/hard\libgcc.a(_udivmoddi4.o)
                              c:/st/stm32cubeide_1.7.0/stm32cubeide/plugins/com.st.stm32cube.ide.mcu.externaltools.gnu-tools-for-stm32.9-2020-q2-update.win32_2.0.0.202105311346/tools/bin/../lib/gcc/arm-none-eabi/9.3.1/thumb/v7e-m+fp/hard\libgcc.a(_aeabi_uldivmod.o) (__udivmoddi4)
c:/st/stm32cubeide_1.7.0/stm32cubeide/plugins/com.st.stm32cube.ide.mcu.externaltools.gnu-tools-for-stm32.9-2020-q2-update.win32_2.0.0.202105311346/tools/bin/../lib/gcc/arm-none-eabi/9.3.1/thumb/v7e-m+fp/hard\libgcc.a(_dvmd_tls.o)
                              c:/st/stm32cubeide_1.7.0/stm32cubeide/plugins/com.st.stm32cube.ide.mcu.externaltools.gnu-tools-for-stm32.9-2020-q2-update.win32_2.0.0.202105311346/tools/bin/../lib/gcc/arm-none-eabi/9.3.1/thumb/v7e-m+fp/hard\libgcc.a(_aeabi_uldivmod.o) (__aeabi_ldiv0)

Allocating common symbols
Common symbol       size              file

uwTick              0x4               ./Drivers/STM32F4xx_HAL_Driver/Src/stm32f4xx_hal.o
pFlash              0x20              ./Drivers/STM32F4xx_HAL_Driver/Src/stm32f4xx_hal_flash.o
hsram1              0x50              ./Core/Src/main.o
button_count        0x20              ./Core/Src/button.o
lcddev              0x6               ./Core/Src/lcd.o
s                   0x32              ./Core/Src/lcd.o
hspi1               0x58              ./Core/Src/main.o
htim2               0x48              ./Core/Src/main.o

Discarded input sections

[...]
Memory Configuration

Name             Origin             Length             Attributes
CCMRAM           0x0000000010000000 0x0000000000010000 xrw
RAM              0x0000000020000000 0x0000000000020000 xrw
FLASH            0x0000000008000000 0x0000000000100000 xr
*default*        0x0000000000000000 0xffffffffffffffff

Linker script and memory map

LOAD c:/st/stm32cubeide_1.7.0/stm32cubeide/plugins/com.st.stm32cube.ide.mcu.externaltools.gnu-tools-for-stm32.9-2020-q2-update.win32_2.0.0.202105311346/tools/bin/../lib/gcc/arm-none-eabi/9.3.1/thumb/v7e-m+fp/hard/crti.o
LOAD c:/st/stm32cubeide_1.7.0/stm32cubeide/plugins/com.st.stm32cube.ide.mcu.externaltools.gnu-tools-for-stm32.9-2020-q2-update.win32_2.0.0.202105311346/tools/bin/../lib/gcc/arm-none-eabi/9.3.1/thumb/v7e-m+fp/hard/crtbegin.o
LOAD c:/st/stm32cubeide_1.7.0/stm32cubeide/plugins/com.st.stm32cube.ide.mcu.externaltools.gnu-tools-for-stm32.9-2020-q2-update.win32_2.0.0.202105311346/tools/bin/../lib/gcc/arm-none-eabi/9.3.1/../../../../arm-none-eabi/lib/thumb/v7e-m+fp/hard/crt0.o
LOAD ./Core/Src/LED_7seg.o
LOAD ./Core/Src/button.o
LOAD ./Core/Src/lcd.o
LOAD ./Core/Src/main.o
LOAD ./Core/Src/picture.o
LOAD ./Core/Src/software_timer.o
LOAD ./Core/Src/spi.o
LOAD ./Core/Src/stm32f4xx_hal_msp.o
LOAD ./Core/Src/stm32f4xx_it.o
LOAD ./Core/Src/syscalls.o
LOAD ./Core/Src/sysmem.o
LOAD ./Core/Src/system_stm32f4xx.o
LOAD ./Core/Startup/startup_stm32f407zgtx.o
LOAD ./Drivers/STM32F4xx_HAL_Driver/Src/stm32f4xx_hal.o
LOAD ./Drivers/STM32F4xx_HAL_Driver/Src/stm32f4xx_hal_cortex.o
LOAD ./Drivers/STM32F4xx_HAL_Driver/Src/stm32f4xx_hal_dma.o
LOAD ./Drivers/STM32F4xx_HAL_Driver/Src/stm32f4xx_hal_dma_ex.o
LOAD ./Drivers/STM32F4xx_HAL_Driver/Src/stm32f4xx_hal_exti.o
LOAD ./Drivers/STM32F4xx_HAL_Driver/Src/stm32f4xx_hal_flash.o
LOAD ./Drivers/STM32F4xx_HAL_Driver/Src/stm32f4xx_hal_flash_ex.o
LOAD ./Drivers/STM32F4xx_HAL_Driver/Src/stm32f4xx_hal_flash_ramfunc.o
LOAD ./Drivers/STM32F4xx_HAL_Driver/Src/stm32f4xx_hal_gpio.o
LOAD ./Drivers/STM32F4xx_HAL_Driver/Src/stm32f4xx_hal_pwr.o
LOAD ./Drivers/STM32F4xx_HAL_Driver/Src/stm32f4xx_hal_pwr_ex.o
LOAD ./Drivers/STM32F4xx_HAL_Driver/Src/stm32f4xx_hal_rcc.o
LOAD ./Drivers/STM32F4xx_HAL_Driver/Src/stm32f4xx_hal_rcc_ex.o
LOAD ./Drivers/STM32F4xx_HAL_Driver/Src/stm32f4xx_hal_spi.o
LOAD ./Drivers/STM32F4xx_HAL_Driver/Src/stm32f4xx_hal_sram.o
LOAD ./Drivers/STM32F4xx_HAL_Driver/Src/stm32f4xx_hal_tim.o
LOAD ./Drivers/STM32F4xx_HAL_Driver/Src/stm32f4xx_hal_tim_ex.o
LOAD ./Drivers/STM32F4xx_HAL_Driver/Src/stm32f4xx_ll_fsmc.o
START GROUP
LOAD c:/st/stm32cubeide_1.7.0/stm32cubeide/plugins/com.st.stm32cube.ide.mcu.externaltools.gnu-tools-for-stm32.9-2020-q2-update.win32_2.0.0.202105311346/tools/bin/../lib/gcc/arm-none-eabi/9.3.1/../../../../arm-none-eabi/lib/thumb/v7e-m+fp/hard\libc_nano.a
LOAD c:/st/stm32cubeide_1.7.0/stm32cubeide/plugins/com.st.stm32cube.ide.mcu.externaltools.gnu-tools-for-stm32.9-2020-q2-update.win32_2.0.0.202105311346/tools/bin/../lib/gcc/arm-none-eabi/9.3.1/../../../../arm-none-eabi/lib/thumb/v7e-m+fp/hard\libm.a
END GROUP
START GROUP
LOAD c:/st/stm32cubeide_1.7.0/stm32cubeide/plugins/com.st.stm32cube.ide.mcu.externaltools.gnu-tools-for-stm32.9-2020-q2-update.win32_2.0.0.202105311346/tools/bin/../lib/gcc/arm-none-eabi/9.3.1/thumb/v7e-m+fp/hard\libgcc.a
LOAD c:/st/stm32cubeide_1.7.0/stm32cubeide/plugins/com.st.stm32cube.ide.mcu.externaltools.gnu-tools-for-stm32.9-2020-q2-update.win32_2.0.0.202105311346/tools/bin/../lib/gcc/arm-none-eabi/9.3.1/../../../../arm-none-eabi/lib/thumb/v7e-m+fp/hard\libc_nano.a
END GROUP
START GROUP
LOAD c:/st/stm32cubeide_1.7.0/stm32cubeide/plugins/com.st.stm32cube.ide.mcu.externaltools.gnu-tools-for-stm32.9-2020-q2-update.win32_2.0.0.202105311346/tools/bin/../lib/gcc/arm-none-eabi/9.3.1/thumb/v7e-m+fp/hard\libgcc.a
LOAD c:/st/stm32cubeide_1.7.0/stm32cubeide/plugins/com.st.stm32cube.ide.mcu.externaltools.gnu-tools-for-stm32.9-2020-q2-update.win32_2.0.0.202105311346/tools/bin/../lib/gcc/arm-none-eabi/9.3.1/../../../../arm-none-eabi/lib/thumb/v7e-m+fp/hard\libc_nano.a
LOAD c:/st/stm32cubeide_1.7.0/stm32cubeide/plugins/com.st.stm32cube.ide.mcu.externaltools.gnu-tools-for-stm32.9-2020-q2-update.win32_2.0.0.202105311346/tools/bin/../lib/gcc/arm-none-eabi/9.3.1/../../../../arm-none-eabi/lib/thumb/v7e-m+fp/hard\libnosys.a
END GROUP
START GROUP
LOAD c:/st/stm32cubeide_1.7.0/stm32cubeide/plugins/com.st.stm32cube.ide.mcu.externaltools.gnu-tools-for-stm32.9-2020-q2-update.win32_2.0.0.202105311346/tools/bin/../lib/gcc/arm-none-eabi/9.3.1/thumb/v7e-m+fp/hard\libgcc.a
LOAD c:/st/stm32cubeide_1.7.0/stm32cubeide/plugins/com.st.stm32cube.ide.mcu.externaltools.gnu-tools-for-stm32.9-2020-q2-update.win32_2.0.0.202105311346/tools/bin/../lib/gcc/arm-none-eabi/9.3.1/../../../../arm-none-eabi/lib/thumb/v7e-m+fp/hard\libc_nano.a
LOAD c:/st/stm32cubeide_1.7.0/stm32cubeide/plugins/com.st.stm32cube.ide.mcu.externaltools.gnu-tools-for-stm32.9-2020-q2-update.win32_2.0.0.202105311346/tools/bin/../lib/gcc/arm-none-eabi/9.3.1/../../../../arm-none-eabi/lib/thumb/v7e-m+fp/hard\libnosys.a
END GROUP
LOAD c:/st/stm32cubeide_1.7.0/stm32cubeide/plugins/com.st.stm32cube.ide.mcu.externaltools.gnu-tools-for-stm32.9-2020-q2-update.win32_2.0.0.202105311346/tools/bin/../lib/gcc/arm-none-eabi/9.3.1/thumb/v7e-m+fp/hard/crtend.o
LOAD c:/st/stm32cubeide_1.7.0/stm32cubeide/plugins/com.st.stm32cube.ide.mcu.externaltools.gnu-tools-for-stm32.9-2020-q2-update.win32_2.0.0.202105311346/tools/bin/../lib/gcc/arm-none-eabi/9.3.1/thumb/v7e-m+fp/hard/crtn.o
                0x0000000020020000                _estack = (ORIGIN (RAM) + LENGTH (RAM))
                0x0000000000000200                _Min_Heap_Size = 0x200
                0x0000000000000400                _Min_Stack_Size = 0x400

.isr_vector     0x0000000008000000      0x188
                0x0000000008000000                . = ALIGN (0x4)
 *(.isr_vector)
 .isr_vector    0x0000000008000000      0x188 ./Core/Startup/startup_stm32f407zgtx.o
                0x0000000008000000                g_pfnVectors
                0x0000000008000188                . = ALIGN (0x4)

.text           0x0000000008000188     0x3748
                0x0000000008000188                . = ALIGN (0x4)
 *(.text)
 .text          0x0000000008000188       0x40 c:/st/stm32cubeide_1.7.0/stm32cubeide/plugins/com.st.stm32cube.ide.mcu.externaltools.gnu-tools-for-stm32.9-2020-q2-update.win32_2.0.0.202105311346/tools/bin/../lib/gcc/arm-none-eabi/9.3.1/thumb/v7e-m+fp/hard/crtbegin.o
 .text          0x00000000080001c8       0x30 c:/st/stm32cubeide_1.7.0/stm32cubeide/plugins/com.st.stm32cube.ide.mcu.externaltools.gnu-tools-for-stm32.9-2020-q2-update.win32_2.0.0.202105311346/tools/bin/../lib/gcc/arm-none-eabi/9.3.1/thumb/v7e-m+fp/hard\libgcc.a(_aeabi_uldivmod.o)
                0x00000000080001c8                __aeabi_uldivmod
 .text          0x00000000080001f8      0x2c4 c:/st/stm32cubeide_1.7.0/stm32cubeide/plugins/com.st.stm32cube.ide.mcu.externaltools.gnu-tools-for-stm32.9-2020-q2-update.win32_2.0.0.202105311346/tools/bin/../lib/gcc/arm-none-eabi/9.3.1/thumb/v7e-m+fp/hard\libgcc.a(_udivmoddi4.o)
                0x00000000080001f8                __udivmoddi4
 .text          0x00000000080004bc        0x4 c:/st/stm32cubeide_1.7.0/stm32cubeide/plugins/com.st.stm32cube.ide.mcu.externaltools.gnu-tools-for-stm32.9-2020-q2-update.win32_2.0.0.202105311346/tools/bin/../lib/gcc/arm-none-eabi/9.3.1/thumb/v7e-m+fp/hard\libgcc.a(_dvmd_tls.o)
                0x00000000080004bc                __aeabi_idiv0
                0x00000000080004bc                __aeabi_ldiv0
 *(.text*)
 .text.led7_Scan
                0x00000000080004c0      0x118 ./Core/Src/LED_7seg.o
                0x00000000080004c0                led7_Scan
 .text.button_Scan
                0x00000000080005d8       0xd8 ./Core/Src/button.o
                0x00000000080005d8                button_Scan
 .text.LCD_WR_REG
                0x00000000080006b0       0x20 ./Core/Src/lcd.o
                0x00000000080006b0                LCD_WR_REG
 .text.LCD_WR_DATA
                0x00000000080006d0       0x20 ./Core/Src/lcd.o
 .text.lcd_AddressSet
                0x00000000080006f0       0x98 ./Core/Src/lcd.o
                0x00000000080006f0                lcd_AddressSet
 .text.lcd_DrawPoint
                0x0000000008000788       0x2e ./Core/Src/lcd.o
                0x0000000008000788                lcd_DrawPoint
 *fill*         0x00000000080007b6        0x2 
 .text.lcd_ShowChar
                0x00000000080007b8      0x1a0 ./Core/Src/lcd.o
                0x00000000080007b8                lcd_ShowChar
 .text.mypow    0x0000000008000958       0x38 ./Core/Src/lcd.o
                0x0000000008000958                mypow
 .text.lcd_ShowIntNum
                0x0000000008000990       0xfc ./Core/Src/lcd.o
                0x0000000008000990                lcd_ShowIntNum
 .text.main     0x0000000008000a8c       0x44 ./Core/Src/main.o
                0x0000000008000a8c                main
 .text.SystemClock_Config
                0x0000000008000ad0       0xd4 ./Core/Src/main.o
                0x0000000008000ad0                SystemClock_Config
 .text.MX_TIM2_Init
                0x0000000008000ba4       0x98 ./Core/Src/main.o
 .text.MX_GPIO_Init
                0x0000000008000c3c      0x1d8 ./Core/Src/main.o
 .text.MX_FSMC_Init
                0x0000000008000e14       0xf4 ./Core/Src/main.o
 .text.HAL_TIM_PeriodElapsedCallback
                0x0000000008000f08       0x22 ./Core/Src/main.o
                0x0000000008000f08                HAL_TIM_PeriodElapsedCallback
 *fill*         0x0000000008000f2a        0x2 
 .text.test_button
                0x0000000008000f2c       0x50 ./Core/Src/main.o
                0x0000000008000f2c                test_button
 .text.Error_Handler
                0x0000000008000f7c        0xa ./Core/Src/main.o
                0x0000000008000f7c                Error_Handler
 *fill*         0x0000000008000f86        0x2 
 .text.timerRun
                0x0000000008000f88       0x44 ./Core/Src/software_timer.o
                0x0000000008000f88                timerRun
 .text.MX_SPI1_Init
                0x0000000008000fcc       0x6c ./Core/Src/spi.o
                0x0000000008000fcc                MX_SPI1_Init
 .text.HAL_MspInit
                0x0000000008001038       0x50 ./Core/Src/stm32f4xx_hal_msp.o
                0x0000000008001038                HAL_MspInit
 .text.HAL_SPI_MspInit
                0x0000000008001088       0x90 ./Core/Src/stm32f4xx_hal_msp.o
                0x0000000008001088                HAL_SPI_MspInit
 .text.HAL_TIM_Base_MspInit
                0x0000000008001118       0x4c ./Core/Src/stm32f4xx_hal_msp.o
                0x0000000008001118                HAL_TIM_Base_MspInit
 .text.HAL_FSMC_MspInit
                0x0000000008001164       0x98 ./Core/Src/stm32f4xx_hal_msp.o
 .text.HAL_SRAM_MspInit
                0x00000000080011fc       0x14 ./Core/Src/stm32f4xx_hal_msp.o
                0x00000000080011fc                HAL_SRAM_MspInit
 .text.NMI_Handler
                0x0000000008001210        0x6 ./Core/Src/stm32f4xx_it.o
                0x0000000008001210                NMI_Handler
 .text.HardFault_Handler
                0x0000000008001216        0x6 ./Core/Src/stm32f4xx_it.o
                0x0000000008001216                HardFault_Handler
 .text.MemManage_Handler
                0x000000000800121c        0x6 ./Core/Src/stm32f4xx_it.o
                0x000000000800121c                MemManage_Handler
 .text.BusFault_Handler
                0x0000000008001222        0x6 ./Core/Src/stm32f4xx_it.o
                0x0000000008001222                BusFault_Handler
 .text.UsageFault_Handler
                0x0000000008001228        0x6 ./Core/Src/stm32f4xx_it.o
                0x0000000008001228                UsageFault_Handler
 .text.SVC_Handler
                0x000000000800122e        0xe ./Core/Src/stm32f4xx_it.o
                0x000000000800122e                SVC_Handler
 .text.DebugMon_Handler
                0x000000000800123c        0xe ./Core/Src/stm32f4xx_it.o
                0x000000000800123c                DebugMon_Handler
 .text.PendSV_Handler
                0x000000000800124a        0xe ./Core/Src/stm32f4xx_it.o
                0x000000000800124a                PendSV_Handler
 .text.SysTick_Handler
                0x0000000008001258        0xc ./Core/Src/stm32f4xx_it.o
                0x0000000008001258                SysTick_Handler
 .text.TIM2_IRQHandler
                0x0000000008001264       0x14 ./Core/Src/stm32f4xx_it.o
                0x0000000008001264                TIM2_IRQHandler
 .text.SystemInit
                0x0000000008001278       0x24 ./Core/Src/system_stm32f4xx.o
                0x0000000008001278                SystemInit
 .text.Reset_Handler
                0x000000000800129c       0x50 ./Core/Startup/startup_stm32f407zgtx.o
                0x000000000800129c                Reset_Handler
 .text.Default_Handler
                0x00000000080012ec        0x2 ./Core/Startup/startup_stm32f407zgtx.o
                0x00000000080012ec                RTC_Alarm_IRQHandler
                0x00000000080012ec                HASH_RNG_IRQHandler
                0x00000000080012ec                EXTI2_IRQHandler
                0x00000000080012ec                TIM8_CC_IRQHandler
                0x00000000080012ec                TIM1_CC_IRQHandler
                0x00000000080012ec                DMA2_Stream5_IRQHandler
                0x00000000080012ec                DMA1_Stream5_IRQHandler
                0x00000000080012ec                PVD_IRQHandler
                0x00000000080012ec                SDIO_IRQHandler
                0x00000000080012ec                TAMP_STAMP_IRQHandler
                0x00000000080012ec                CAN2_RX1_IRQHandler
                0x00000000080012ec                EXTI3_IRQHandler
                0x00000000080012ec                TIM8_TRG_COM_TIM14_IRQHandler
                0x00000000080012ec                TIM1_UP_TIM10_IRQHandler
                0x00000000080012ec                TIM8_UP_TIM13_IRQHandler
                0x00000000080012ec                I2C3_ER_IRQHandler
                0x00000000080012ec                EXTI0_IRQHandler
                0x00000000080012ec                I2C2_EV_IRQHandler
                0x00000000080012ec                DMA1_Stream2_IRQHandler
                0x00000000080012ec                CAN1_RX0_IRQHandler
                0x00000000080012ec                FPU_IRQHandler
                0x00000000080012ec                OTG_HS_WKUP_IRQHandler
                0x00000000080012ec                CAN2_SCE_IRQHandler
                0x00000000080012ec                DMA2_Stream2_IRQHandler
                0x00000000080012ec                SPI1_IRQHandler
                0x00000000080012ec                TIM6_DAC_IRQHandler
                0x00000000080012ec                TIM1_BRK_TIM9_IRQHandler
                0x00000000080012ec                DCMI_IRQHandler
                0x00000000080012ec                CAN2_RX0_IRQHandler
                0x00000000080012ec                DMA2_Stream3_IRQHandler
                0x00000000080012ec                USART6_IRQHandler
                0x00000000080012ec                USART3_IRQHandler
                0x00000000080012ec                CAN1_RX1_IRQHandler
                0x00000000080012ec                UART5_IRQHandler
                0x00000000080012ec                DMA2_Stream0_IRQHandler
                0x00000000080012ec                TIM4_IRQHandler
                0x00000000080012ec                I2C1_EV_IRQHandler
                0x00000000080012ec                DMA1_Stream6_IRQHandler
                0x00000000080012ec                DMA1_Stream1_IRQHandler
                0x00000000080012ec                UART4_IRQHandler
                0x00000000080012ec                TIM3_IRQHandler
                0x00000000080012ec                RCC_IRQHandler
                0x00000000080012ec                TIM8_BRK_TIM12_IRQHandler
                0x00000000080012ec                Default_Handler
                0x00000000080012ec                EXTI15_10_IRQHandler
                0x00000000080012ec                ADC_IRQHandler
                0x00000000080012ec                DMA1_Stream7_IRQHandler
                0x00000000080012ec                TIM7_IRQHandler
                0x00000000080012ec                CAN2_TX_IRQHandler
                0x00000000080012ec                TIM5_IRQHandler
                0x00000000080012ec                DMA2_Stream7_IRQHandler
                0x00000000080012ec                I2C3_EV_IRQHandler
                0x00000000080012ec                EXTI9_5_IRQHandler
                0x00000000080012ec                RTC_WKUP_IRQHandler
                0x00000000080012ec                ETH_WKUP_IRQHandler
                0x00000000080012ec                SPI2_IRQHandler
                0x00000000080012ec                OTG_HS_EP1_IN_IRQHandler
                0x00000000080012ec                DMA1_Stream0_IRQHandler
                0x00000000080012ec                CAN1_TX_IRQHandler
                0x00000000080012ec                EXTI4_IRQHandler
                0x00000000080012ec                FSMC_IRQHandler
                0x00000000080012ec                ETH_IRQHandler
                0x00000000080012ec                OTG_HS_EP1_OUT_IRQHandler
                0x00000000080012ec                WWDG_IRQHandler
                0x00000000080012ec                OTG_FS_WKUP_IRQHandler
                0x00000000080012ec                TIM1_TRG_COM_TIM11_IRQHandler
                0x00000000080012ec                OTG_HS_IRQHandler
                0x00000000080012ec                EXTI1_IRQHandler
                0x00000000080012ec                USART2_IRQHandler
                0x00000000080012ec                I2C2_ER_IRQHandler
                0x00000000080012ec                DMA2_Stream1_IRQHandler
                0x00000000080012ec                CAN1_SCE_IRQHandler
                0x00000000080012ec                FLASH_IRQHandler
                0x00000000080012ec                DMA2_Stream4_IRQHandler
                0x00000000080012ec                USART1_IRQHandler
                0x00000000080012ec                OTG_FS_IRQHandler
                0x00000000080012ec                SPI3_IRQHandler
                0x00000000080012ec                DMA1_Stream4_IRQHandler
                0x00000000080012ec                I2C1_ER_IRQHandler
                0x00000000080012ec                DMA2_Stream6_IRQHandler
                0x00000000080012ec                DMA1_Stream3_IRQHandler
 *fill*         0x00000000080012ee        0x2 
 .text.HAL_Init
                0x00000000080012f0       0x44 ./Drivers/STM32F4xx_HAL_Driver/Src/stm32f4xx_hal.o
                0x00000000080012f0                HAL_Init
 .text.HAL_InitTick
                0x0000000008001334       0x60 ./Drivers/STM32F4xx_HAL_Driver/Src/stm32f4xx_hal.o
                0x0000000008001334                HAL_InitTick
 .text.HAL_IncTick
                0x0000000008001394       0x28 ./Drivers/STM32F4xx_HAL_Driver/Src/stm32f4xx_hal.o
                0x0000000008001394                HAL_IncTick
 .text.HAL_GetTick
                0x00000000080013bc       0x18 ./Drivers/STM32F4xx_HAL_Driver/Src/stm32f4xx_hal.o
                0x00000000080013bc                HAL_GetTick
 .text.__NVIC_SetPriorityGrouping
                0x00000000080013d4       0x48 ./Drivers/STM32F4xx_HAL_Driver/Src/stm32f4xx_hal_cortex.o
 .text.__NVIC_GetPriorityGrouping
                0x000000000800141c       0x1c ./Drivers/STM32F4xx_HAL_Driver/Src/stm32f4xx_hal_cortex.o
 .text.__NVIC_EnableIRQ
                0x0000000008001438       0x3c ./Drivers/STM32F4xx_HAL_Driver/Src/stm32f4xx_hal_cortex.o
 .text.__NVIC_SetPriority
                0x0000000008001474       0x54 ./Drivers/STM32F4xx_HAL_Driver/Src/stm32f4xx_hal_cortex.o
 .text.NVIC_EncodePriority
                0x00000000080014c8       0x66 ./Drivers/STM32F4xx_HAL_Driver/Src/stm32f4xx_hal_cortex.o
 *fill*         0x000000000800152e        0x2 
 .text.SysTick_Config
                0x0000000008001530       0x44 ./Drivers/STM32F4xx_HAL_Driver/Src/stm32f4xx_hal_cortex.o
 .text.HAL_NVIC_SetPriorityGrouping
                0x0000000008001574       0x16 ./Drivers/STM32F4xx_HAL_Driver/Src/stm32f4xx_hal_cortex.o
                0x0000000008001574                HAL_NVIC_SetPriorityGrouping
 .text.HAL_NVIC_SetPriority
                0x000000000800158a       0x38 ./Drivers/STM32F4xx_HAL_Driver/Src/stm32f4xx_hal_cortex.o
                0x000000000800158a                HAL_NVIC_SetPriority
 .text.HAL_NVIC_EnableIRQ
                0x00000000080015c2       0x1c ./Drivers/STM32F4xx_HAL_Driver/Src/stm32f4xx_hal_cortex.o
                0x00000000080015c2                HAL_NVIC_EnableIRQ
 .text.HAL_SYSTICK_Config
                0x00000000080015de       0x18 ./Drivers/STM32F4xx_HAL_Driver/Src/stm32f4xx_hal_cortex.o
                0x00000000080015de                HAL_SYSTICK_Config
 *fill*         0x00000000080015f6        0x2 
 .text.HAL_GPIO_Init
                0x00000000080015f8      0x338 ./Drivers/STM32F4xx_HAL_Driver/Src/stm32f4xx_hal_gpio.o
                0x00000000080015f8                HAL_GPIO_Init
 .text.HAL_GPIO_WritePin
                0x0000000008001930       0x32 ./Drivers/STM32F4xx_HAL_Driver/Src/stm32f4xx_hal_gpio.o
                0x0000000008001930                HAL_GPIO_WritePin
 *fill*         0x0000000008001962        0x2 
 .text.HAL_RCC_OscConfig
                0x0000000008001964      0x4f0 ./Drivers/STM32F4xx_HAL_Driver/Src/stm32f4xx_hal_rcc.o
                0x0000000008001964                HAL_RCC_OscConfig
 .text.HAL_RCC_ClockConfig
                0x0000000008001e54      0x1cc ./Drivers/STM32F4xx_HAL_Driver/Src/stm32f4xx_hal_rcc.o
                0x0000000008001e54                HAL_RCC_ClockConfig
 .text.HAL_RCC_GetSysClockFreq
                0x0000000008002020      0x1c4 ./Drivers/STM32F4xx_HAL_Driver/Src/stm32f4xx_hal_rcc.o
                0x0000000008002020                HAL_RCC_GetSysClockFreq
 .text.HAL_SPI_Init
                0x00000000080021e4      0x112 ./Drivers/STM32F4xx_HAL_Driver/Src/stm32f4xx_hal_spi.o
                0x00000000080021e4                HAL_SPI_Init
 .text.HAL_SPI_Transmit
                0x00000000080022f6      0x278 ./Drivers/STM32F4xx_HAL_Driver/Src/stm32f4xx_hal_spi.o
                0x00000000080022f6                HAL_SPI_Transmit
 .text.HAL_SPI_Receive
                0x000000000800256e      0x222 ./Drivers/STM32F4xx_HAL_Driver/Src/stm32f4xx_hal_spi.o
                0x000000000800256e                HAL_SPI_Receive
 .text.HAL_SPI_TransmitReceive
                0x0000000008002790      0x344 ./Drivers/STM32F4xx_HAL_Driver/Src/stm32f4xx_hal_spi.o
                0x0000000008002790                HAL_SPI_TransmitReceive
 .text.SPI_WaitFlagStateUntilTimeout
                0x0000000008002ad4      0x110 ./Drivers/STM32F4xx_HAL_Driver/Src/stm32f4xx_hal_spi.o
 .text.SPI_EndRxTransaction
                0x0000000008002be4       0xca ./Drivers/STM32F4xx_HAL_Driver/Src/stm32f4xx_hal_spi.o
 *fill*         0x0000000008002cae        0x2 
 .text.SPI_EndRxTxTransaction
                0x0000000008002cb0       0x84 ./Drivers/STM32F4xx_HAL_Driver/Src/stm32f4xx_hal_spi.o
 .text.HAL_SRAM_Init
                0x0000000008002d34       0x88 ./Drivers/STM32F4xx_HAL_Driver/Src/stm32f4xx_hal_sram.o
                0x0000000008002d34                HAL_SRAM_Init
 .text.HAL_TIM_Base_Init
                0x0000000008002dbc       0x9e ./Drivers/STM32F4xx_HAL_Driver/Src/stm32f4xx_hal_tim.o
                0x0000000008002dbc                HAL_TIM_Base_Init
 *fill*         0x0000000008002e5a        0x2 
 .text.HAL_TIM_Base_Start_IT
                0x0000000008002e5c       0xe0 ./Drivers/STM32F4xx_HAL_Driver/Src/stm32f4xx_hal_tim.o
                0x0000000008002e5c                HAL_TIM_Base_Start_IT
 .text.HAL_TIM_IRQHandler
                0x0000000008002f3c      0x210 ./Drivers/STM32F4xx_HAL_Driver/Src/stm32f4xx_hal_tim.o
                0x0000000008002f3c                HAL_TIM_IRQHandler
 .text.HAL_TIM_ConfigClockSource
                0x000000000800314c      0x18e ./Drivers/STM32F4xx_HAL_Driver/Src/stm32f4xx_hal_tim.o
                0x000000000800314c                HAL_TIM_ConfigClockSource
 .text.HAL_TIM_OC_DelayElapsedCallback
                0x00000000080032da       0x14 ./Drivers/STM32F4xx_HAL_Driver/Src/stm32f4xx_hal_tim.o
                0x00000000080032da                HAL_TIM_OC_DelayElapsedCallback
 .text.HAL_TIM_IC_CaptureCallback
                0x00000000080032ee       0x14 ./Drivers/STM32F4xx_HAL_Driver/Src/stm32f4xx_hal_tim.o
                0x00000000080032ee                HAL_TIM_IC_CaptureCallback
 .text.HAL_TIM_PWM_PulseFinishedCallback
                0x0000000008003302       0x14 ./Drivers/STM32F4xx_HAL_Driver/Src/stm32f4xx_hal_tim.o
                0x0000000008003302                HAL_TIM_PWM_PulseFinishedCallback
 .text.HAL_TIM_TriggerCallback
                0x0000000008003316       0x14 ./Drivers/STM32F4xx_HAL_Driver/Src/stm32f4xx_hal_tim.o
                0x0000000008003316                HAL_TIM_TriggerCallback
 *fill*         0x000000000800332a        0x2 
 .text.TIM_Base_SetConfig
                0x000000000800332c      0x140 ./Drivers/STM32F4xx_HAL_Driver/Src/stm32f4xx_hal_tim.o
                0x000000000800332c                TIM_Base_SetConfig
 .text.TIM_TI1_ConfigInputStage
                0x000000000800346c       0x5e ./Drivers/STM32F4xx_HAL_Driver/Src/stm32f4xx_hal_tim.o
 .text.TIM_TI2_ConfigInputStage
                0x00000000080034ca       0x60 ./Drivers/STM32F4xx_HAL_Driver/Src/stm32f4xx_hal_tim.o
 .text.TIM_ITRx_SetConfig
                0x000000000800352a       0x36 ./Drivers/STM32F4xx_HAL_Driver/Src/stm32f4xx_hal_tim.o
 .text.TIM_ETR_SetConfig
                0x0000000008003560       0x40 ./Drivers/STM32F4xx_HAL_Driver/Src/stm32f4xx_hal_tim.o
                0x0000000008003560                TIM_ETR_SetConfig
 .text.HAL_TIMEx_MasterConfigSynchronization
                0x00000000080035a0       0xf8 ./Drivers/STM32F4xx_HAL_Driver/Src/stm32f4xx_hal_tim_ex.o
                0x00000000080035a0                HAL_TIMEx_MasterConfigSynchronization
 .text.HAL_TIMEx_CommutCallback
                0x0000000008003698       0x14 ./Drivers/STM32F4xx_HAL_Driver/Src/stm32f4xx_hal_tim_ex.o
                0x0000000008003698                HAL_TIMEx_CommutCallback
 .text.HAL_TIMEx_BreakCallback
                0x00000000080036ac       0x14 ./Drivers/STM32F4xx_HAL_Driver/Src/stm32f4xx_hal_tim_ex.o
                0x00000000080036ac                HAL_TIMEx_BreakCallback
 .text.FSMC_NORSRAM_Init
                0x00000000080036c0       0xa4 ./Drivers/STM32F4xx_HAL_Driver/Src/stm32f4xx_ll_fsmc.o
                0x00000000080036c0                FSMC_NORSRAM_Init
 .text.FSMC_NORSRAM_Timing_Init
                0x0000000008003764       0x7a ./Drivers/STM32F4xx_HAL_Driver/Src/stm32f4xx_ll_fsmc.o
                0x0000000008003764                FSMC_NORSRAM_Timing_Init
 *fill*         0x00000000080037de        0x2 
 .text.FSMC_NORSRAM_Extended_Timing_Init
                0x00000000080037e0       0x80 ./Drivers/STM32F4xx_HAL_Driver/Src/stm32f4xx_ll_fsmc.o
                0x00000000080037e0                FSMC_NORSRAM_Extended_Timing_Init
 .text.__libc_init_array
                0x0000000008003860       0x48 c:/st/stm32cubeide_1.7.0/stm32cubeide/plugins/com.st.stm32cube.ide.mcu.externaltools.gnu-tools-for-stm32.9-2020-q2-update.win32_2.0.0.202105311346/tools/bin/../lib/gcc/arm-none-eabi/9.3.1/../../../../arm-none-eabi/lib/thumb/v7e-m+fp/hard\libc_nano.a(lib_a-init.o)
                0x0000000008003860                __libc_init_array
 .text.memset   0x00000000080038a8       0x10 c:/st/stm32cubeide_1.7.0/stm32cubeide/plugins/com.st.stm32cube.ide.mcu.externaltools.gnu-tools-for-stm32.9-2020-q2-update.win32_2.0.0.202105311346/tools/bin/../lib/gcc/arm-none-eabi/9.3.1/../../../../arm-none-eabi/lib/thumb/v7e-m+fp/hard\libc_nano.a(lib_a-memset.o)
                0x00000000080038a8                memset
 *(.glue_7)
 .glue_7        0x00000000080038b8        0x0 linker stubs
 *(.glue_7t)
 .glue_7t       0x00000000080038b8        0x0 linker stubs
 *(.eh_frame)
 .eh_frame      0x00000000080038b8        0x0 c:/st/stm32cubeide_1.7.0/stm32cubeide/plugins/com.st.stm32cube.ide.mcu.externaltools.gnu-tools-for-stm32.9-2020-q2-update.win32_2.0.0.202105311346/tools/bin/../lib/gcc/arm-none-eabi/9.3.1/thumb/v7e-m+fp/hard/crtbegin.o
 *(.init)
 .init          0x00000000080038b8        0x4 c:/st/stm32cubeide_1.7.0/stm32cubeide/plugins/com.st.stm32cube.ide.mcu.externaltools.gnu-tools-for-stm32.9-2020-q2-update.win32_2.0.0.202105311346/tools/bin/../lib/gcc/arm-none-eabi/9.3.1/thumb/v7e-m+fp/hard/crti.o
                0x00000000080038b8                _init
 .init          0x00000000080038bc        0x8 c:/st/stm32cubeide_1.7.0/stm32cubeide/plugins/com.st.stm32cube.ide.mcu.externaltools.gnu-tools-for-stm32.9-2020-q2-update.win32_2.0.0.202105311346/tools/bin/../lib/gcc/arm-none-eabi/9.3.1/thumb/v7e-m+fp/hard/crtn.o
 *(.fini)
 .fini          0x00000000080038c4        0x4 c:/st/stm32cubeide_1.7.0/stm32cubeide/plugins/com.st.stm32cube.ide.mcu.externaltools.gnu-tools-for-stm32.9-2020-q2-update.win32_2.0.0.202105311346/tools/bin/../lib/gcc/arm-none-eabi/9.3.1/thumb/v7e-m+fp/hard/crti.o
                0x00000000080038c4                _fini
 .fini          0x00000000080038c8        0x8 c:/st/stm32cubeide_1.7.0/stm32cubeide/plugins/com.st.stm32cube.ide.mcu.externaltools.gnu-tools-for-stm32.9-2020-q2-update.win32_2.0.0.202105311346/tools/bin/../lib/gcc/arm-none-eabi/9.3.1/thumb/v7e-m+fp/hard/crtn.o
                0x00000000080038d0                . = ALIGN (0x4)
                0x00000000080038d0                _etext = .

.vfp11_veneer   0x00000000080038d0        0x0
 .vfp11_veneer  0x00000000080038d0        0x0 linker stubs

.v4_bx          0x00000000080038d0        0x0
 .v4_bx         0x00000000080038d0        0x0 linker stubs

.iplt           0x00000000080038d0        0x0
 .iplt          0x00000000080038d0        0x0 c:/st/stm32cubeide_1.7.0/stm32cubeide/plugins/com.st.stm32cube.ide.mcu.externaltools.gnu-tools-for-stm32.9-2020-q2-update.win32_2.0.0.202105311346/tools/bin/../lib/gcc/arm-none-eabi/9.3.1/thumb/v7e-m+fp/hard/crtbegin.o

.rodata         0x00000000080038d0     0x2f90
                0x00000000080038d0                . = ALIGN (0x4)
 *(.rodata)
 *(.rodata*)
 .rodata.ascii_1608
                0x00000000080038d0      0x5f0 ./Core/Src/lcd.o
                0x00000000080038d0                ascii_1608
 .rodata.ascii_2412
                0x0000000008003ec0     0x11d0 ./Core/Src/lcd.o
                0x0000000008003ec0                ascii_2412
 .rodata.ascii_3216
                0x0000000008005090     0x17c0 ./Core/Src/lcd.o
                0x0000000008005090                ascii_3216
 .rodata.AHBPrescTable
                0x0000000008006850       0x10 ./Core/Src/system_stm32f4xx.o
                0x0000000008006850                AHBPrescTable
                0x0000000008006860                . = ALIGN (0x4)

.ARM.extab      0x0000000008006860        0x0
                0x0000000008006860                . = ALIGN (0x4)
 *(.ARM.extab* .gnu.linkonce.armextab.*)
                0x0000000008006860                . = ALIGN (0x4)

.ARM            0x0000000008006860        0x8
                0x0000000008006860                . = ALIGN (0x4)
                0x0000000008006860                __exidx_start = .
 *(.ARM.exidx*)
 .ARM.exidx     0x0000000008006860        0x8 c:/st/stm32cubeide_1.7.0/stm32cubeide/plugins/com.st.stm32cube.ide.mcu.externaltools.gnu-tools-for-stm32.9-2020-q2-update.win32_2.0.0.202105311346/tools/bin/../lib/gcc/arm-none-eabi/9.3.1/thumb/v7e-m+fp/hard\libgcc.a(_udivmoddi4.o)
                0x0000000008006868                __exidx_end = .
                0x0000000008006868                . = ALIGN (0x4)

.rel.dyn        0x0000000008006868        0x0
 .rel.iplt      0x0000000008006868        0x0 c:/st/stm32cubeide_1.7.0/stm32cubeide/plugins/com.st.stm32cube.ide.mcu.externaltools.gnu-tools-for-stm32.9-2020-q2-update.win32_2.0.0.202105311346/tools/bin/../lib/gcc/arm-none-eabi/9.3.1/thumb/v7e-m+fp/hard/crtbegin.o

.preinit_array  0x0000000008006868        0x0
                0x0000000008006868                . = ALIGN (0x4)
                0x0000000008006868                PROVIDE (__preinit_array_start = .)
 *(.preinit_array*)
                0x0000000008006868                PROVIDE (__preinit_array_end = .)
                0x0000000008006868                . = ALIGN (0x4)

.init_array     0x0000000008006868        0x4
                0x0000000008006868                . = ALIGN (0x4)
                0x0000000008006868                PROVIDE (__init_array_start = .)
 *(SORT_BY_NAME(.init_array.*))
 *(.init_array*)
 .init_array    0x0000000008006868        0x4 c:/st/stm32cubeide_1.7.0/stm32cubeide/plugins/com.st.stm32cube.ide.mcu.externaltools.gnu-tools-for-stm32.9-2020-q2-update.win32_2.0.0.202105311346/tools/bin/../lib/gcc/arm-none-eabi/9.3.1/thumb/v7e-m+fp/hard/crtbegin.o
                0x000000000800686c                PROVIDE (__init_array_end = .)
                0x000000000800686c                . = ALIGN (0x4)

.fini_array     0x000000000800686c        0x4
                0x000000000800686c                . = ALIGN (0x4)
                [!provide]                        PROVIDE (__fini_array_start = .)
 *(SORT_BY_NAME(.fini_array.*))
 *(.fini_array*)
 .fini_array    0x000000000800686c        0x4 c:/st/stm32cubeide_1.7.0/stm32cubeide/plugins/com.st.stm32cube.ide.mcu.externaltools.gnu-tools-for-stm32.9-2020-q2-update.win32_2.0.0.202105311346/tools/bin/../lib/gcc/arm-none-eabi/9.3.1/thumb/v7e-m+fp/hard/crtbegin.o
                [!provide]                        PROVIDE (__fini_array_end = .)
                0x0000000008006870                . = ALIGN (0x4)
                0x0000000008006870                _sidata = LOADADDR (.data)

.data           0x0000000020000000       0x14 load address 0x0000000008006870
                0x0000000020000000                . = ALIGN (0x4)
                0x0000000020000000                _sdata = .
 *(.data)
 *(.data*)
 .data.led7seg  0x0000000020000000        0x4 ./Core/Src/LED_7seg.o
                0x0000000020000000                led7seg
 .data.spi_buffer
                0x0000000020000004        0x2 ./Core/Src/LED_7seg.o
                0x0000000020000004                spi_buffer
 *fill*         0x0000000020000006        0x2 
 .data.SystemCoreClock
                0x0000000020000008        0x4 ./Core/Src/system_stm32f4xx.o
                0x0000000020000008                SystemCoreClock
 .data.uwTickPrio
                0x000000002000000c        0x4 ./Drivers/STM32F4xx_HAL_Driver/Src/stm32f4xx_hal.o
                0x000000002000000c                uwTickPrio
 .data.uwTickFreq
                0x0000000020000010        0x1 ./Drivers/STM32F4xx_HAL_Driver/Src/stm32f4xx_hal.o
                0x0000000020000010                uwTickFreq
 *(.RamFunc)
 *(.RamFunc*)
                0x0000000020000014                . = ALIGN (0x4)
 *fill*         0x0000000020000011        0x3 
                0x0000000020000014                _edata = .
                0x0000000008006884                _siccmram = LOADADDR (.ccmram)

.igot.plt       0x0000000020000014        0x0 load address 0x0000000008006884
 .igot.plt      0x0000000020000014        0x0 c:/st/stm32cubeide_1.7.0/stm32cubeide/plugins/com.st.stm32cube.ide.mcu.externaltools.gnu-tools-for-stm32.9-2020-q2-update.win32_2.0.0.202105311346/tools/bin/../lib/gcc/arm-none-eabi/9.3.1/thumb/v7e-m+fp/hard/crtbegin.o

.ccmram         0x0000000010000000        0x0 load address 0x0000000008006884
                0x0000000010000000                . = ALIGN (0x4)
                0x0000000010000000                _sccmram = .
 *(.ccmram)
 *(.ccmram*)
                0x0000000010000000                . = ALIGN (0x4)
                0x0000000010000000                _eccmram = .
                0x0000000010000000                . = ALIGN (0x4)

.bss            0x0000000020000014      0x140
                0x0000000020000014                _sbss = .
                0x0000000020000014                __bss_start__ = _sbss
 *(.bss)
 .bss           0x0000000020000014       0x1c c:/st/stm32cubeide_1.7.0/stm32cubeide/plugins/com.st.stm32cube.ide.mcu.externaltools.gnu-tools-for-stm32.9-2020-q2-update.win32_2.0.0.202105311346/tools/bin/../lib/gcc/arm-none-eabi/9.3.1/thumb/v7e-m+fp/hard/crtbegin.o
 *(.bss*)
 .bss.led7_index
                0x0000000020000030        0x2 ./Core/Src/LED_7seg.o
                0x0000000020000030                led7_index
 .bss.spi_button
                0x0000000020000032        0x2 ./Core/Src/button.o
                0x0000000020000032                spi_button
 .bss.flag_timer2
                0x0000000020000034        0x2 ./Core/Src/software_timer.o
                0x0000000020000034                flag_timer2
 .bss.timer2_counter
                0x0000000020000036        0x2 ./Core/Src/software_timer.o
                0x0000000020000036                timer2_counter
 .bss.timer2_MUL
                0x0000000020000038        0x2 ./Core/Src/software_timer.o
                0x0000000020000038                timer2_MUL
 *fill*         0x000000002000003a        0x2 
 .bss.FSMC_Initialized
                0x000000002000003c        0x4 ./Core/Src/stm32f4xx_hal_msp.o
 *(COMMON)
 COMMON         0x0000000020000040       0x20 ./Core/Src/button.o
                0x0000000020000040                button_count
 COMMON         0x0000000020000060       0xf0 ./Core/Src/main.o
                0x0000000020000060                hsram1
                0x00000000200000b0                hspi1
                0x0000000020000108                htim2
 COMMON         0x0000000020000150        0x4 ./Drivers/STM32F4xx_HAL_Driver/Src/stm32f4xx_hal.o
                0x0000000020000150                uwTick
                0x0000000020000154                . = ALIGN (0x4)
                0x0000000020000154                _ebss = .
                0x0000000020000154                __bss_end__ = _ebss

._user_heap_stack
                0x0000000020000154      0x604
                0x0000000020000158                . = ALIGN (0x8)
 *fill*         0x0000000020000154        0x4 
                [!provide]                        PROVIDE (end = .)
                0x0000000020000158                PROVIDE (_end = .)
                0x0000000020000358                . = (. + _Min_Heap_Size)
 *fill*         0x0000000020000158      0x200 
                0x0000000020000758                . = (. + _Min_Stack_Size)
 *fill*         0x0000000020000358      0x400 
                0x0000000020000758                . = ALIGN (0x8)

/DISCARD/
 libc.a(*)
 libm.a(*)
 libgcc.a(*)

.ARM.attributes
                0x0000000000000000       0x30
 *(.ARM.attributes)
 .ARM.attributes
                0x0000000000000000       0x1e c:/st/stm32cubeide_1.7.0/stm32cubeide/plugins/com.st.stm32cube.ide.mcu.externaltools.gnu-tools-for-stm32.9-2020-q2-update.win32_2.0.0.202105311346/tools/bin/../lib/gcc/arm-none-eabi/9.3.1/thumb/v7e-m+fp/hard/crti.o
 .ARM.attributes
                0x000000000000001e       0x34 c:/st/stm32cubeide_1.7.0/stm32cubeide/plugins/com.st.stm32cube.ide.mcu.externaltools.gnu-tools-for-stm32.9-2020-q2-update.win32_2.0.0.202105311346/tools/bin/../lib/gcc/arm-none-eabi/9.3.1/thumb/v7e-m+fp/hard/crtbegin.o
 .ARM.attributes
                0x0000000000000052       0x34 ./Core/Src/LED_7seg.o
 .ARM.attributes
                0x0000000000000086       0x34 ./Core/Src/button.o
 .ARM.attributes
                0x00000000000000ba       0x34 ./Core/Src/lcd.o
 .ARM.attributes
                0x00000000000000ee       0x34 ./Core/Src/main.o
 .ARM.attributes
                0x0000000000000122       0x34 ./Core/Src/software_timer.o
 .ARM.attributes
                0x0000000000000156       0x34 ./Core/Src/spi.o
 .ARM.attributes
                0x000000000000018a       0x34 ./Core/Src/stm32f4xx_hal_msp.o
 .ARM.attributes
                0x00000000000001be       0x34 ./Core/Src/stm32f4xx_it.o
 .ARM.attributes
                0x00000000000001f2       0x34 ./Core/Src/system_stm32f4xx.o
 .ARM.attributes
                0x0000000000000226       0x21 ./Core/Startup/startup_stm32f407zgtx.o
 .ARM.attributes
                0x0000000000000247       0x34 ./Drivers/STM32F4xx_HAL_Driver/Src/stm32f4xx_hal.o
 .ARM.attributes
                0x000000000000027b       0x34 ./Drivers/STM32F4xx_HAL_Driver/Src/stm32f4xx_hal_cortex.o
 .ARM.attributes
                0x00000000000002af       0x34 ./Drivers/STM32F4xx_HAL_Driver/Src/stm32f4xx_hal_gpio.o
 .ARM.attributes
                0x00000000000002e3       0x34 ./Drivers/STM32F4xx_HAL_Driver/Src/stm32f4xx_hal_rcc.o
 .ARM.attributes
                0x0000000000000317       0x34 ./Drivers/STM32F4xx_HAL_Driver/Src/stm32f4xx_hal_spi.o
 .ARM.attributes
                0x000000000000034b       0x34 ./Drivers/STM32F4xx_HAL_Driver/Src/stm32f4xx_hal_sram.o
 .ARM.attributes
                0x000000000000037f       0x34 ./Drivers/STM32F4xx_HAL_Driver/Src/stm32f4xx_hal_tim.o
 .ARM.attributes
                0x00000000000003b3       0x34 ./Drivers/STM32F4xx_HAL_Driver/Src/stm32f4xx_hal_tim_ex.o
 .ARM.attributes
                0x00000000000003e7       0x34 ./Drivers/STM32F4xx_HAL_Driver/Src/stm32f4xx_ll_fsmc.o
 .ARM.attributes
                0x000000000000041b       0x34 c:/st/stm32cubeide_1.7.0/stm32cubeide/plugins/com.st.stm32cube.ide.mcu.externaltools.gnu-tools-for-stm32.9-2020-q2-update.win32_2.0.0.202105311346/tools/bin/../lib/gcc/arm-none-eabi/9.3.1/../../../../arm-none-eabi/lib/thumb/v7e-m+fp/hard\libc_nano.a(lib_a-init.o)
 .ARM.attributes
                0x000000000000044f       0x34 c:/st/stm32cubeide_1.7.0/stm32cubeide/plugins/com.st.stm32cube.ide.mcu.externaltools.gnu-tools-for-stm32.9-2020-q2-update.win32_2.0.0.202105311346/tools/bin/../lib/gcc/arm-none-eabi/9.3.1/../../../../arm-none-eabi/lib/thumb/v7e-m+fp/hard\libc_nano.a(lib_a-memset.o)
 .ARM.attributes
                0x0000000000000483       0x1e c:/st/stm32cubeide_1.7.0/stm32cubeide/plugins/com.st.stm32cube.ide.mcu.externaltools.gnu-tools-for-stm32.9-2020-q2-update.win32_2.0.0.202105311346/tools/bin/../lib/gcc/arm-none-eabi/9.3.1/thumb/v7e-m+fp/hard\libgcc.a(_aeabi_uldivmod.o)
 .ARM.attributes
                0x00000000000004a1       0x34 c:/st/stm32cubeide_1.7.0/stm32cubeide/plugins/com.st.stm32cube.ide.mcu.externaltools.gnu-tools-for-stm32.9-2020-q2-update.win32_2.0.0.202105311346/tools/bin/../lib/gcc/arm-none-eabi/9.3.1/thumb/v7e-m+fp/hard\libgcc.a(_udivmoddi4.o)
 .ARM.attributes
                0x00000000000004d5       0x1e c:/st/stm32cubeide_1.7.0/stm32cubeide/plugins/com.st.stm32cube.ide.mcu.externaltools.gnu-tools-for-stm32.9-2020-q2-update.win32_2.0.0.202105311346/tools/bin/../lib/gcc/arm-none-eabi/9.3.1/thumb/v7e-m+fp/hard\libgcc.a(_dvmd_tls.o)
 .ARM.attributes
                0x00000000000004f3       0x1e c:/st/stm32cubeide_1.7.0/stm32cubeide/plugins/com.st.stm32cube.ide.mcu.externaltools.gnu-tools-for-stm32.9-2020-q2-update.win32_2.0.0.202105311346/tools/bin/../lib/gcc/arm-none-eabi/9.3.1/thumb/v7e-m+fp/hard/crtn.o
OUTPUT(DEMO.elf elf32-littlearm)
LOAD linker stubs
LOAD c:/st/stm32cubeide_1.7.0/stm32cubeide/plugins/com.st.stm32cube.ide.mcu.externaltools.gnu-tools-for-stm32.9-2020-q2-update.win32_2.0.0.202105311346/tools/bin/../lib/gcc/arm-none-eabi/9.3.1/../../../../arm-none-eabi/lib/thumb/v7e-m+fp/hard\libc.a
LOAD c:/st/stm32cubeide_1.7.0/stm32cubeide/plugins/com.st.stm32cube.ide.mcu.externaltools.gnu-tools-for-stm32.9-2020-q2-update.win32_2.0.0.202105311346/tools/bin/../lib/gcc/arm-none-eabi/9.3.1/../../../../arm-none-eabi/lib/thumb/v7e-m+fp/hard\libm.a
LOAD c:/st/stm32cubeide_1.7.0/stm32cubeide/plugins/com.st.stm32cube.ide.mcu.externaltools.gnu-tools-for-stm32.9-2020-q2-update.win32_2.0.0.202105311346/tools/bin/../lib/gcc/arm-none-eabi/9.3.1/thumb/v7e-m+fp/hard\libgcc.a

.debug_info     0x0000000000000000    0x10a13
 .debug_info    0x0000000000000000      0x89c ./Core/Src/LED_7seg.o
 .debug_info    0x000000000000089c      0x7f4 ./Core/Src/button.o
 .debug_info    0x0000000000001090     0x1759 ./Core/Src/lcd.o
 .debug_info    0x00000000000027e9     0x1d83 ./Core/Src/main.o
 .debug_info    0x000000000000456c      0x20a ./Core/Src/software_timer.o
 .debug_info    0x0000000000004776      0x6f6 ./Core/Src/spi.o
 .debug_info    0x0000000000004e6c     0x12fb ./Core/Src/stm32f4xx_hal_msp.o
 .debug_info    0x0000000000006167      0x801 ./Core/Src/stm32f4xx_it.o
 .debug_info    0x0000000000006968      0x5a4 ./Core/Src/system_stm32f4xx.o
 .debug_info    0x0000000000006f0c       0x22 ./Core/Startup/startup_stm32f407zgtx.o
 .debug_info    0x0000000000006f2e      0x9b2 ./Drivers/STM32F4xx_HAL_Driver/Src/stm32f4xx_hal.o
 .debug_info    0x00000000000078e0      0xed7 ./Drivers/STM32F4xx_HAL_Driver/Src/stm32f4xx_hal_cortex.o
 .debug_info    0x00000000000087b7      0x83e ./Drivers/STM32F4xx_HAL_Driver/Src/stm32f4xx_hal_gpio.o
 .debug_info    0x0000000000008ff5      0x996 ./Drivers/STM32F4xx_HAL_Driver/Src/stm32f4xx_hal_rcc.o
 .debug_info    0x000000000000998b     0x17c0 ./Drivers/STM32F4xx_HAL_Driver/Src/stm32f4xx_hal_spi.o
 .debug_info    0x000000000000b14b      0xbab ./Drivers/STM32F4xx_HAL_Driver/Src/stm32f4xx_hal_sram.o
 .debug_info    0x000000000000bcf6     0x2c22 ./Drivers/STM32F4xx_HAL_Driver/Src/stm32f4xx_hal_tim.o
 .debug_info    0x000000000000e918     0x15a2 ./Drivers/STM32F4xx_HAL_Driver/Src/stm32f4xx_hal_tim_ex.o
 .debug_info    0x000000000000feba      0xb59 ./Drivers/STM32F4xx_HAL_Driver/Src/stm32f4xx_ll_fsmc.o

.debug_abbrev   0x0000000000000000     0x2629
 .debug_abbrev  0x0000000000000000      0x1a9 ./Core/Src/LED_7seg.o
 .debug_abbrev  0x00000000000001a9      0x1bf ./Core/Src/button.o
 .debug_abbrev  0x0000000000000368      0x3aa ./Core/Src/lcd.o
 .debug_abbrev  0x0000000000000712      0x343 ./Core/Src/main.o
 .debug_abbrev  0x0000000000000a55      0x103 ./Core/Src/software_timer.o
 .debug_abbrev  0x0000000000000b58      0x169 ./Core/Src/spi.o
 .debug_abbrev  0x0000000000000cc1      0x238 ./Core/Src/stm32f4xx_hal_msp.o
 .debug_abbrev  0x0000000000000ef9      0x176 ./Core/Src/stm32f4xx_it.o
 .debug_abbrev  0x000000000000106f      0x145 ./Core/Src/system_stm32f4xx.o
 .debug_abbrev  0x00000000000011b4       0x12 ./Core/Startup/startup_stm32f407zgtx.o
 .debug_abbrev  0x00000000000011c6      0x1ed ./Drivers/STM32F4xx_HAL_Driver/Src/stm32f4xx_hal.o
 .debug_abbrev  0x00000000000013b3      0x33c ./Drivers/STM32F4xx_HAL_Driver/Src/stm32f4xx_hal_cortex.o
 .debug_abbrev  0x00000000000016ef      0x1f1 ./Drivers/STM32F4xx_HAL_Driver/Src/stm32f4xx_hal_gpio.o
 .debug_abbrev  0x00000000000018e0      0x275 ./Drivers/STM32F4xx_HAL_Driver/Src/stm32f4xx_hal_rcc.o
 .debug_abbrev  0x0000000000001b55      0x26e ./Drivers/STM32F4xx_HAL_Driver/Src/stm32f4xx_hal_spi.o
 .debug_abbrev  0x0000000000001dc3      0x1f4 ./Drivers/STM32F4xx_HAL_Driver/Src/stm32f4xx_hal_sram.o
 .debug_abbrev  0x0000000000001fb7      0x25e ./Drivers/STM32F4xx_HAL_Driver/Src/stm32f4xx_hal_tim.o
 .debug_abbrev  0x0000000000002215      0x266 ./Drivers/STM32F4xx_HAL_Driver/Src/stm32f4xx_hal_tim_ex.o
 .debug_abbrev  0x000000000000247b      0x1ae ./Drivers/STM32F4xx_HAL_Driver/Src/stm32f4xx_ll_fsmc.o

.debug_aranges  0x0000000000000000      0xe48
 .debug_aranges
                0x0000000000000000       0x48 ./Core/Src/LED_7seg.o
 .debug_aranges
                0x0000000000000048       0x28 ./Core/Src/button.o
 .debug_aranges
                0x0000000000000070       0xd8 ./Core/Src/lcd.o
 .debug_aranges
                0x0000000000000148       0x68 ./Core/Src/main.o
 .debug_aranges
                0x00000000000001b0       0x28 ./Core/Src/software_timer.o
 .debug_aranges
                0x00000000000001d8       0x20 ./Core/Src/spi.o
 .debug_aranges
                0x00000000000001f8       0x60 ./Core/Src/stm32f4xx_hal_msp.o
 .debug_aranges
                0x0000000000000258       0x68 ./Core/Src/stm32f4xx_it.o
 .debug_aranges
                0x00000000000002c0       0x28 ./Core/Src/system_stm32f4xx.o
 .debug_aranges
                0x00000000000002e8       0x28 ./Core/Startup/startup_stm32f407zgtx.o
 .debug_aranges
                0x0000000000000310       0xf0 ./Drivers/STM32F4xx_HAL_Driver/Src/stm32f4xx_hal.o
 .debug_aranges
                0x0000000000000400      0x118 ./Drivers/STM32F4xx_HAL_Driver/Src/stm32f4xx_hal_cortex.o
 .debug_aranges
                0x0000000000000518       0x58 ./Drivers/STM32F4xx_HAL_Driver/Src/stm32f4xx_hal_gpio.o
 .debug_aranges
                0x0000000000000570       0x88 ./Drivers/STM32F4xx_HAL_Driver/Src/stm32f4xx_hal_rcc.o
 .debug_aranges
                0x00000000000005f8      0x1d0 ./Drivers/STM32F4xx_HAL_Driver/Src/stm32f4xx_hal_spi.o
 .debug_aranges
                0x00000000000007c8       0xa0 ./Drivers/STM32F4xx_HAL_Driver/Src/stm32f4xx_hal_sram.o
 .debug_aranges
                0x0000000000000868      0x3d0 ./Drivers/STM32F4xx_HAL_Driver/Src/stm32f4xx_hal_tim.o
 .debug_aranges
                0x0000000000000c38      0x168 ./Drivers/STM32F4xx_HAL_Driver/Src/stm32f4xx_hal_tim_ex.o
 .debug_aranges
                0x0000000000000da0       0xa8 ./Drivers/STM32F4xx_HAL_Driver/Src/stm32f4xx_ll_fsmc.o

.debug_ranges   0x0000000000000000      0xd20
 .debug_ranges  0x0000000000000000       0x38 ./Core/Src/LED_7seg.o
 .debug_ranges  0x0000000000000038       0x18 ./Core/Src/button.o
 .debug_ranges  0x0000000000000050       0xc8 ./Core/Src/lcd.o
 .debug_ranges  0x0000000000000118       0x58 ./Core/Src/main.o
 .debug_ranges  0x0000000000000170       0x18 ./Core/Src/software_timer.o
 .debug_ranges  0x0000000000000188       0x10 ./Core/Src/spi.o
 .debug_ranges  0x0000000000000198       0x50 ./Core/Src/stm32f4xx_hal_msp.o
 .debug_ranges  0x00000000000001e8       0x58 ./Core/Src/stm32f4xx_it.o
 .debug_ranges  0x0000000000000240       0x18 ./Core/Src/system_stm32f4xx.o
 .debug_ranges  0x0000000000000258       0x20 ./Core/Startup/startup_stm32f407zgtx.o
 .debug_ranges  0x0000000000000278       0xe0 ./Drivers/STM32F4xx_HAL_Driver/Src/stm32f4xx_hal.o
 .debug_ranges  0x0000000000000358      0x108 ./Drivers/STM32F4xx_HAL_Driver/Src/stm32f4xx_hal_cortex.o
 .debug_ranges  0x0000000000000460       0x48 ./Drivers/STM32F4xx_HAL_Driver/Src/stm32f4xx_hal_gpio.o
 .debug_ranges  0x00000000000004a8       0x78 ./Drivers/STM32F4xx_HAL_Driver/Src/stm32f4xx_hal_rcc.o
 .debug_ranges  0x0000000000000520      0x1c0 ./Drivers/STM32F4xx_HAL_Driver/Src/stm32f4xx_hal_spi.o
 .debug_ranges  0x00000000000006e0       0x90 ./Drivers/STM32F4xx_HAL_Driver/Src/stm32f4xx_hal_sram.o
 .debug_ranges  0x0000000000000770      0x3c0 ./Drivers/STM32F4xx_HAL_Driver/Src/stm32f4xx_hal_tim.o
 .debug_ranges  0x0000000000000b30      0x158 ./Drivers/STM32F4xx_HAL_Driver/Src/stm32f4xx_hal_tim_ex.o
 .debug_ranges  0x0000000000000c88       0x98 ./Drivers/STM32F4xx_HAL_Driver/Src/stm32f4xx_ll_fsmc.o

.debug_macro    0x0000000000000000    0x21e74
 .debug_macro   0x0000000000000000      0x20c ./Core/Src/LED_7seg.o
 .debug_macro   0x000000000000020c      0xaa8 ./Core/Src/LED_7seg.o
 .debug_macro   0x0000000000000cb4      0x2a1 ./Core/Src/LED_7seg.o
 .debug_macro   0x0000000000000f55       0x2e ./Core/Src/LED_7seg.o
 .debug_macro   0x0000000000000f83       0x2f ./Core/Src/LED_7seg.o
 .debug_macro   0x0000000000000fb2       0x22 ./Core/Src/LED_7seg.o
 .debug_macro   0x0000000000000fd4       0x8e ./Core/Src/LED_7seg.o
 .debug_macro   0x0000000000001062       0x51 ./Core/Src/LED_7seg.o
 .debug_macro   0x00000000000010b3      0x103 ./Core/Src/LED_7seg.o
 .debug_macro   0x00000000000011b6       0x6a ./Core/Src/LED_7seg.o
 .debug_macro   0x0000000000001220      0x1df ./Core/Src/LED_7seg.o
 .debug_macro   0x00000000000013ff       0x1c ./Core/Src/LED_7seg.o
 .debug_macro   0x000000000000141b       0x22 ./Core/Src/LED_7seg.o
 .debug_macro   0x000000000000143d       0xdf ./Core/Src/LED_7seg.o
 .debug_macro   0x000000000000151c     0x102d ./Core/Src/LED_7seg.o
 .debug_macro   0x0000000000002549      0x11f ./Core/Src/LED_7seg.o
 .debug_macro   0x0000000000002668    0x15e58 ./Core/Src/LED_7seg.o
 .debug_macro   0x00000000000184c0       0x6d ./Core/Src/LED_7seg.o
 .debug_macro   0x000000000001852d     0x3666 ./Core/Src/LED_7seg.o
 .debug_macro   0x000000000001bb93      0x174 ./Core/Src/LED_7seg.o
 .debug_macro   0x000000000001bd07       0x5c ./Core/Src/LED_7seg.o
 .debug_macro   0x000000000001bd63      0x96b ./Core/Src/LED_7seg.o
 .debug_macro   0x000000000001c6ce      0x9fe ./Core/Src/LED_7seg.o
 .debug_macro   0x000000000001d0cc      0x116 ./Core/Src/LED_7seg.o
 .debug_macro   0x000000000001d1e2      0x13e ./Core/Src/LED_7seg.o
 .debug_macro   0x000000000001d320       0xa5 ./Core/Src/LED_7seg.o
 .debug_macro   0x000000000001d3c5      0x174 ./Core/Src/LED_7seg.o
 .debug_macro   0x000000000001d539      0x287 ./Core/Src/LED_7seg.o
 .debug_macro   0x000000000001d7c0       0x5f ./Core/Src/LED_7seg.o
 .debug_macro   0x000000000001d81f      0x236 ./Core/Src/LED_7seg.o
 .debug_macro   0x000000000001da55      0x12c ./Core/Src/LED_7seg.o
 .debug_macro   0x000000000001db81      0x21e ./Core/Src/LED_7seg.o
 .debug_macro   0x000000000001dd9f       0x2e ./Core/Src/LED_7seg.o
 .debug_macro   0x000000000001ddcd      0x543 ./Core/Src/LED_7seg.o
 .debug_macro   0x000000000001e310      0x11a ./Core/Src/LED_7seg.o
 .debug_macro   0x000000000001e42a       0x7e ./Core/Src/LED_7seg.o
 .debug_macro   0x000000000001e4a8       0x89 ./Core/Src/LED_7seg.o
 .debug_macro   0x000000000001e531      0x225 ./Core/Src/LED_7seg.o
 .debug_macro   0x000000000001e756      0x8d1 ./Core/Src/LED_7seg.o
 .debug_macro   0x000000000001f027       0x47 ./Core/Src/LED_7seg.o
 .debug_macro   0x000000000001f06e      0x12d ./Core/Src/LED_7seg.o
 .debug_macro   0x000000000001f19b       0x88 ./Core/Src/LED_7seg.o
 .debug_macro   0x000000000001f223      0x20c ./Core/Src/button.o
 .debug_macro   0x000000000001f42f      0x30d ./Core/Src/lcd.o
 .debug_macro   0x000000000001f73c       0x18 ./Core/Src/lcd.o
 .debug_macro   0x000000000001f754       0x52 ./Core/Src/lcd.o
 .debug_macro   0x000000000001f7a6       0x3c ./Core/Src/lcd.o
 .debug_macro   0x000000000001f7e2       0x34 ./Core/Src/lcd.o
 .debug_macro   0x000000000001f816       0x16 ./Core/Src/lcd.o
 .debug_macro   0x000000000001f82c       0x35 ./Core/Src/lcd.o
 .debug_macro   0x000000000001f861       0x16 ./Core/Src/lcd.o
 .debug_macro   0x000000000001f877       0x43 ./Core/Src/lcd.o
 .debug_macro   0x000000000001f8ba       0x34 ./Core/Src/lcd.o
 .debug_macro   0x000000000001f8ee       0x10 ./Core/Src/lcd.o
 .debug_macro   0x000000000001f8fe       0x58 ./Core/Src/lcd.o
 .debug_macro   0x000000000001f956       0x71 ./Core/Src/lcd.o
 .debug_macro   0x000000000001f9c7       0x1c ./Core/Src/lcd.o
 .debug_macro   0x000000000001f9e3      0x12a ./Core/Src/lcd.o
 .debug_macro   0x000000000001fb0d      0x333 ./Core/Src/lcd.o
 .debug_macro   0x000000000001fe40       0x16 ./Core/Src/lcd.o
 .debug_macro   0x000000000001fe56       0x29 ./Core/Src/lcd.o
 .debug_macro   0x000000000001fe7f       0x16 ./Core/Src/lcd.o
 .debug_macro   0x000000000001fe95       0x20 ./Core/Src/lcd.o
 .debug_macro   0x000000000001feb5       0xca ./Core/Src/lcd.o
 .debug_macro   0x000000000001ff7f      0x33d ./Core/Src/main.o
 .debug_macro   0x00000000000202bc      0x208 ./Core/Src/software_timer.o
 .debug_macro   0x00000000000204c4      0x202 ./Core/Src/spi.o
 .debug_macro   0x00000000000206c6      0x1f8 ./Core/Src/stm32f4xx_hal_msp.o
 .debug_macro   0x00000000000208be      0x202 ./Core/Src/stm32f4xx_it.o
 .debug_macro   0x0000000000020ac0      0x1e9 ./Core/Src/system_stm32f4xx.o
 .debug_macro   0x0000000000020ca9      0x249 ./Drivers/STM32F4xx_HAL_Driver/Src/stm32f4xx_hal.o
 .debug_macro   0x0000000000020ef2      0x1e9 ./Drivers/STM32F4xx_HAL_Driver/Src/stm32f4xx_hal_cortex.o
 .debug_macro   0x00000000000210db      0x1ef ./Drivers/STM32F4xx_HAL_Driver/Src/stm32f4xx_hal_gpio.o
 .debug_macro   0x00000000000212ca      0x20d ./Drivers/STM32F4xx_HAL_Driver/Src/stm32f4xx_hal_rcc.o
 .debug_macro   0x00000000000214d7      0x1f8 ./Drivers/STM32F4xx_HAL_Driver/Src/stm32f4xx_hal_spi.o
 .debug_macro   0x00000000000216cf      0x1e9 ./Drivers/STM32F4xx_HAL_Driver/Src/stm32f4xx_hal_sram.o
 .debug_macro   0x00000000000218b8      0x1ea ./Drivers/STM32F4xx_HAL_Driver/Src/stm32f4xx_hal_tim.o
 .debug_macro   0x0000000000021aa2      0x1e9 ./Drivers/STM32F4xx_HAL_Driver/Src/stm32f4xx_hal_tim_ex.o
 .debug_macro   0x0000000000021c8b      0x1e9 ./Drivers/STM32F4xx_HAL_Driver/Src/stm32f4xx_ll_fsmc.o

.debug_line     0x0000000000000000    0x10358
 .debug_line    0x0000000000000000      0x7ed ./Core/Src/LED_7seg.o
 .debug_line    0x00000000000007ed      0x776 ./Core/Src/button.o
 .debug_line    0x0000000000000f63      0xf76 ./Core/Src/lcd.o
 .debug_line    0x0000000000001ed9      0xb12 ./Core/Src/main.o
 .debug_line    0x00000000000029eb      0x733 ./Core/Src/software_timer.o
 .debug_line    0x000000000000311e      0x71a ./Core/Src/spi.o
 .debug_line    0x0000000000003838      0x826 ./Core/Src/stm32f4xx_hal_msp.o
 .debug_line    0x000000000000405e      0x7cf ./Core/Src/stm32f4xx_it.o
 .debug_line    0x000000000000482d      0x776 ./Core/Src/system_stm32f4xx.o
 .debug_line    0x0000000000004fa3       0x88 ./Core/Startup/startup_stm32f407zgtx.o
 .debug_line    0x000000000000502b      0x9dc ./Drivers/STM32F4xx_HAL_Driver/Src/stm32f4xx_hal.o
 .debug_line    0x0000000000005a07      0xc8b ./Drivers/STM32F4xx_HAL_Driver/Src/stm32f4xx_hal_cortex.o
 .debug_line    0x0000000000006692      0xb52 ./Drivers/STM32F4xx_HAL_Driver/Src/stm32f4xx_hal_gpio.o
 .debug_line    0x00000000000071e4      0xd58 ./Drivers/STM32F4xx_HAL_Driver/Src/stm32f4xx_hal_rcc.o
 .debug_line    0x0000000000007f3c     0x1c64 ./Drivers/STM32F4xx_HAL_Driver/Src/stm32f4xx_hal_spi.o
 .debug_line    0x0000000000009ba0      0xb7e ./Drivers/STM32F4xx_HAL_Driver/Src/stm32f4xx_hal_sram.o
 .debug_line    0x000000000000a71e     0x36d0 ./Drivers/STM32F4xx_HAL_Driver/Src/stm32f4xx_hal_tim.o
 .debug_line    0x000000000000ddee     0x19d9 ./Drivers/STM32F4xx_HAL_Driver/Src/stm32f4xx_hal_tim_ex.o
 .debug_line    0x000000000000f7c7      0xb91 ./Drivers/STM32F4xx_HAL_Driver/Src/stm32f4xx_ll_fsmc.o

.debug_str      0x0000000000000000    0xccf35
 .debug_str     0x0000000000000000    0xc5f95 ./Core/Src/LED_7seg.o
                                      0xc62b6 (size before relaxing)
 .debug_str     0x00000000000c5f95       0x66 ./Core/Src/button.o
                                      0xc626d (size before relaxing)
 .debug_str     0x00000000000c5ffb     0x3730 ./Core/Src/lcd.o
                                      0xc959b (size before relaxing)
 .debug_str     0x00000000000c972b      0x858 ./Core/Src/main.o
                                      0xca0bb (size before relaxing)
 .debug_str     0x00000000000c9f83       0x63 ./Core/Src/software_timer.o
                                      0xc5e21 (size before relaxing)
 .debug_str     0x00000000000c9fe6       0x1f ./Core/Src/spi.o
                                      0xc621a (size before relaxing)
 .debug_str     0x00000000000ca005      0x5cc ./Core/Src/stm32f4xx_hal_msp.o
                                      0xc6da8 (size before relaxing)
 .debug_str     0x00000000000ca5d1       0xcd ./Core/Src/stm32f4xx_it.o
                                      0xc637b (size before relaxing)
 .debug_str     0x00000000000ca69e       0xaf ./Core/Src/system_stm32f4xx.o
                                      0xc5d06 (size before relaxing)
 .debug_str     0x00000000000ca74d       0x36 ./Core/Startup/startup_stm32f407zgtx.o
                                         0x87 (size before relaxing)
 .debug_str     0x00000000000ca783      0x583 ./Drivers/STM32F4xx_HAL_Driver/Src/stm32f4xx_hal.o
                                      0xc67e8 (size before relaxing)
 .debug_str     0x00000000000cad06      0x399 ./Drivers/STM32F4xx_HAL_Driver/Src/stm32f4xx_hal_cortex.o
                                      0xc65d7 (size before relaxing)
 .debug_str     0x00000000000cb09f      0x15a ./Drivers/STM32F4xx_HAL_Driver/Src/stm32f4xx_hal_gpio.o
                                      0xc5ead (size before relaxing)
 .debug_str     0x00000000000cb1f9      0x259 ./Drivers/STM32F4xx_HAL_Driver/Src/stm32f4xx_hal_rcc.o
                                      0xc6108 (size before relaxing)
 .debug_str     0x00000000000cb452      0x57a ./Drivers/STM32F4xx_HAL_Driver/Src/stm32f4xx_hal_spi.o
                                      0xc65aa (size before relaxing)
 .debug_str     0x00000000000cb9cc      0x1ae ./Drivers/STM32F4xx_HAL_Driver/Src/stm32f4xx_hal_sram.o
                                      0xc6220 (size before relaxing)
 .debug_str     0x00000000000cbb7a      0xdc8 ./Drivers/STM32F4xx_HAL_Driver/Src/stm32f4xx_hal_tim.o
                                      0xc7035 (size before relaxing)
 .debug_str     0x00000000000cc942      0x4ee ./Drivers/STM32F4xx_HAL_Driver/Src/stm32f4xx_hal_tim_ex.o
                                      0xc67e6 (size before relaxing)
 .debug_str     0x00000000000cce30      0x105 ./Drivers/STM32F4xx_HAL_Driver/Src/stm32f4xx_ll_fsmc.o
                                      0xc60e7 (size before relaxing)

.comment        0x0000000000000000       0x53
 .comment       0x0000000000000000       0x53 ./Core/Src/LED_7seg.o
                                         0x54 (size before relaxing)
 .comment       0x0000000000000053       0x54 ./Core/Src/button.o
 .comment       0x0000000000000053       0x54 ./Core/Src/lcd.o
 .comment       0x0000000000000053       0x54 ./Core/Src/main.o
 .comment       0x0000000000000053       0x54 ./Core/Src/software_timer.o
 .comment       0x0000000000000053       0x54 ./Core/Src/spi.o
 .comment       0x0000000000000053       0x54 ./Core/Src/stm32f4xx_hal_msp.o
 .comment       0x0000000000000053       0x54 ./Core/Src/stm32f4xx_it.o
 .comment       0x0000000000000053       0x54 ./Core/Src/system_stm32f4xx.o
 .comment       0x0000000000000053       0x54 ./Drivers/STM32F4xx_HAL_Driver/Src/stm32f4xx_hal.o
 .comment       0x0000000000000053       0x54 ./Drivers/STM32F4xx_HAL_Driver/Src/stm32f4xx_hal_cortex.o
 .comment       0x0000000000000053       0x54 ./Drivers/STM32F4xx_HAL_Driver/Src/stm32f4xx_hal_gpio.o
 .comment       0x0000000000000053       0x54 ./Drivers/STM32F4xx_HAL_Driver/Src/stm32f4xx_hal_rcc.o
 .comment       0x0000000000000053       0x54 ./Drivers/STM32F4xx_HAL_Driver/Src/stm32f4xx_hal_spi.o
 .comment       0x0000000000000053       0x54 ./Drivers/STM32F4xx_HAL_Driver/Src/stm32f4xx_hal_sram.o
 .comment       0x0000000000000053       0x54 ./Drivers/STM32F4xx_HAL_Driver/Src/stm32f4xx_hal_tim.o
 .comment       0x0000000000000053       0x54 ./Drivers/STM32F4xx_HAL_Driver/Src/stm32f4xx_hal_tim_ex.o
 .comment       0x0000000000000053       0x54 ./Drivers/STM32F4xx_HAL_Driver/Src/stm32f4xx_ll_fsmc.o

.debug_frame    0x0000000000000000     0x3b04
 .debug_frame   0x0000000000000000       0xe8 ./Core/Src/LED_7seg.o
 .debug_frame   0x00000000000000e8       0x50 ./Core/Src/button.o
 .debug_frame   0x0000000000000138      0x394 ./Core/Src/lcd.o
 .debug_frame   0x00000000000004cc      0x15c ./Core/Src/main.o
 .debug_frame   0x0000000000000628       0x58 ./Core/Src/software_timer.o
 .debug_frame   0x0000000000000680       0x2c ./Core/Src/spi.o
 .debug_frame   0x00000000000006ac      0x150 ./Core/Src/stm32f4xx_hal_msp.o
 .debug_frame   0x00000000000007fc      0x120 ./Core/Src/stm32f4xx_it.o
 .debug_frame   0x000000000000091c       0x58 ./Core/Src/system_stm32f4xx.o
 .debug_frame   0x0000000000000974      0x374 ./Drivers/STM32F4xx_HAL_Driver/Src/stm32f4xx_hal.o
 .debug_frame   0x0000000000000ce8      0x498 ./Drivers/STM32F4xx_HAL_Driver/Src/stm32f4xx_hal_cortex.o
 .debug_frame   0x0000000000001180      0x14c ./Drivers/STM32F4xx_HAL_Driver/Src/stm32f4xx_hal_gpio.o
 .debug_frame   0x00000000000012cc      0x1f0 ./Drivers/STM32F4xx_HAL_Driver/Src/stm32f4xx_hal_rcc.o
 .debug_frame   0x00000000000014bc      0x824 ./Drivers/STM32F4xx_HAL_Driver/Src/stm32f4xx_hal_spi.o
 .debug_frame   0x0000000000001ce0      0x2a0 ./Drivers/STM32F4xx_HAL_Driver/Src/stm32f4xx_hal_sram.o
 .debug_frame   0x0000000000001f80     0x11c4 ./Drivers/STM32F4xx_HAL_Driver/Src/stm32f4xx_hal_tim.o
 .debug_frame   0x0000000000003144      0x638 ./Drivers/STM32F4xx_HAL_Driver/Src/stm32f4xx_hal_tim_ex.o
 .debug_frame   0x000000000000377c      0x2dc ./Drivers/STM32F4xx_HAL_Driver/Src/stm32f4xx_ll_fsmc.o
 .debug_frame   0x0000000000003a58       0x2c c:/st/stm32cubeide_1.7.0/stm32cubeide/plugins/com.st.stm32cube.ide.mcu.externaltools.gnu-tools-for-stm32.9-2020-q2-update.win32_2.0.0.202105311346/tools/bin/../lib/gcc/arm-none-eabi/9.3.1/../../../../arm-none-eabi/lib/thumb/v7e-m+fp/hard\libc_nano.a(lib_a-init.o)
 .debug_frame   0x0000000000003a84       0x20 c:/st/stm32cubeide_1.7.0/stm32cubeide/plugins/com.st.stm32cube.ide.mcu.externaltools.gnu-tools-for-stm32.9-2020-q2-update.win32_2.0.0.202105311346/tools/bin/../lib/gcc/arm-none-eabi/9.3.1/../../../../arm-none-eabi/lib/thumb/v7e-m+fp/hard\libc_nano.a(lib_a-memset.o)
 .debug_frame   0x0000000000003aa4       0x2c c:/st/stm32cubeide_1.7.0/stm32cubeide/plugins/com.st.stm32cube.ide.mcu.externaltools.gnu-tools-for-stm32.9-2020-q2-update.win32_2.0.0.202105311346/tools/bin/../lib/gcc/arm-none-eabi/9.3.1/thumb/v7e-m+fp/hard\libgcc.a(_aeabi_uldivmod.o)
 .debug_frame   0x0000000000003ad0       0x34 c:/st/stm32cubeide_1.7.0/stm32cubeide/plugins/com.st.stm32cube.ide.mcu.externaltools.gnu-tools-for-stm32.9-2020-q2-update.win32_2.0.0.202105311346/tools/bin/../lib/gcc/arm-none-eabi/9.3.1/thumb/v7e-m+fp/hard\libgcc.a(_udivmoddi4.o)
