../Core/Src/main.c:84:5:main	16	static
../Core/Src/main.c:168:6:SystemClock_Config	88	static
../Core/Src/main.c:209:6:point_init	16	static
../Core/Src/main.c:216:6:system_init	8	static
../Core/Src/main.c:232:6:button_Update	8	static
../Core/Src/main.c:244:6:adc_Display	24	static
../Core/Src/main.c:265:6:led7_Update	8	static
../Core/Src/main.c:273:6:adc_Update	16	static
../Core/Src/main.c:285:6:buzzer_Sound	16	static
../Core/Src/main.c:293:6:diagram_display	40	static
../Core/Src/main.c:308:6:Error_Handler	4	static,ignoring_inline_asm
